Archive member included to satisfy reference by file (symbol)

.pio\build\teensy41\lib8e3\libFastCRC.a(FastCRCsw.cpp.o)
                              .pio\build\teensy41\src\main.cpp.o (FastCRC32::FastCRC32())
.pio\build\teensy41\libFrameworkArduino.a(CrashReport.cpp.o)
                              .pio\build\teensy41\src\main.cpp.o (CrashReportClass::operator bool())
.pio\build\teensy41\libFrameworkArduino.a(IntervalTimer.cpp.o)
                              .pio\build\teensy41\src\main.cpp.o (IntervalTimer::beginCycles(teensy::inplace_function<void (), 16u, 8u>, unsigned long))
.pio\build\teensy41\libFrameworkArduino.a(Print.cpp.o)
                              .pio\build\teensy41\libFrameworkArduino.a(CrashReport.cpp.o) (Print::print(long))
.pio\build\teensy41\libFrameworkArduino.a(WString.cpp.o)
                              .pio\build\teensy41\src\main.cpp.o (String::~String())
.pio\build\teensy41\libFrameworkArduino.a(bootdata.c.o)
                              (ImageVectorTable)
.pio\build\teensy41\libFrameworkArduino.a(clockspeed.c.o)
                              .pio\build\teensy41\libFrameworkArduino.a(CrashReport.cpp.o) (F_CPU_ACTUAL)
.pio\build\teensy41\libFrameworkArduino.a(delay.c.o)
                              .pio\build\teensy41\src\main.cpp.o (delay)
.pio\build\teensy41\libFrameworkArduino.a(digital.c.o)
                              .pio\build\teensy41\src\main.cpp.o (digitalWrite)
.pio\build\teensy41\libFrameworkArduino.a(main.cpp.o)
                              c:/users/james/.platformio/packages/toolchain-gccarmnoneeabi-teensy/bin/../lib/gcc/arm-none-eabi/11.3.1/thumb/v7e-m+dp/hard/crt0.o (main)
.pio\build\teensy41\libFrameworkArduino.a(memcpy-armv7m.S.o)
                              .pio\build\teensy41\src\main.cpp.o (memcpy)
.pio\build\teensy41\libFrameworkArduino.a(nonstd.c.o)
                              .pio\build\teensy41\libFrameworkArduino.a(WString.cpp.o) (ultoa)
.pio\build\teensy41\libFrameworkArduino.a(startup.c.o)
                              .pio\build\teensy41\libFrameworkArduino.a(bootdata.c.o) (ResetHandler)
.pio\build\teensy41\libFrameworkArduino.a(tempmon.c.o)
                              .pio\build\teensy41\libFrameworkArduino.a(startup.c.o) (tempmon_init)
.pio\build\teensy41\libFrameworkArduino.a(usb.c.o)
                              .pio\build\teensy41\libFrameworkArduino.a(startup.c.o) (usb_init)
.pio\build\teensy41\libFrameworkArduino.a(usb_desc.c.o)
                              .pio\build\teensy41\libFrameworkArduino.a(usb.c.o) (usb_init_serialnumber)
.pio\build\teensy41\libFrameworkArduino.a(usb_inst.cpp.o)
                              .pio\build\teensy41\src\main.cpp.o (SerialUSB1)
.pio\build\teensy41\libFrameworkArduino.a(usb_serial.c.o)
                              .pio\build\teensy41\libFrameworkArduino.a(usb.c.o) (usb_serial_reset)
.pio\build\teensy41\libFrameworkArduino.a(usb_serial2.c.o)
                              .pio\build\teensy41\libFrameworkArduino.a(usb.c.o) (usb_serial2_configure)
.pio\build\teensy41\libFrameworkArduino.a(yield.cpp.o)
                              .pio\build\teensy41\src\main.cpp.o (yield)
.pio\build\teensy41\libFrameworkArduino.a(EventResponder.cpp.o)
                              .pio\build\teensy41\libFrameworkArduino.a(startup.c.o) (pendablesrvreq_isr)
.pio\build\teensy41\libFrameworkArduino.a(HardwareSerial.cpp.o)
                              .pio\build\teensy41\libFrameworkArduino.a(yield.cpp.o) (HardwareSerialIMXRT::s_count_serials_with_serial_events)
.pio\build\teensy41\libFrameworkArduino.a(analog.c.o)
                              .pio\build\teensy41\libFrameworkArduino.a(startup.c.o) (analog_init)
.pio\build\teensy41\libFrameworkArduino.a(pwm.c.o)
                              .pio\build\teensy41\libFrameworkArduino.a(startup.c.o) (pwm_init)
.pio\build\teensy41\libFrameworkArduino.a(rtc.c.o)
                              .pio\build\teensy41\libFrameworkArduino.a(startup.c.o) (rtc_get)
.pio\build\teensy41\libFrameworkArduino.a(sm_pool.c.o)
                              .pio\build\teensy41\libFrameworkArduino.a(startup.c.o) (sm_set_pool)
c:/users/james/.platformio/packages/toolchain-gccarmnoneeabi-teensy/bin/../lib/gcc/arm-none-eabi/11.3.1/thumb/v7e-m+dp/hard\libstdc++.a(atexit_arm.o)
                              .pio\build\teensy41\src\main.cpp.o (__aeabi_atexit)
c:/users/james/.platformio/packages/toolchain-gccarmnoneeabi-teensy/bin/../lib/gcc/arm-none-eabi/11.3.1/thumb/v7e-m+dp/hard\libgcc.a(_aeabi_uldivmod.o)
                              .pio\build\teensy41\libFrameworkArduino.a(Print.cpp.o) (__aeabi_uldivmod)
c:/users/james/.platformio/packages/toolchain-gccarmnoneeabi-teensy/bin/../lib/gcc/arm-none-eabi/11.3.1/thumb/v7e-m+dp/hard\libgcc.a(_udivmoddi4.o)
                              c:/users/james/.platformio/packages/toolchain-gccarmnoneeabi-teensy/bin/../lib/gcc/arm-none-eabi/11.3.1/thumb/v7e-m+dp/hard\libgcc.a(_aeabi_uldivmod.o) (__udivmoddi4)
[...]
Memory Configuration

Name             Origin             Length             Attributes
ITCM             0x00000000         0x00080000         xrw
DTCM             0x20000000         0x00080000         xrw
RAM              0x20200000         0x00080000         xrw
FLASH            0x60000000         0x007c0000         xrw
ERAM             0x70000000         0x01000000         xrw
*default*        0x00000000         0xffffffff

Linker script and memory map

LOAD c:/users/james/.platformio/packages/toolchain-gccarmnoneeabi-teensy/bin/../lib/gcc/arm-none-eabi/11.3.1/thumb/v7e-m+dp/hard/crti.o
LOAD c:/users/james/.platformio/packages/toolchain-gccarmnoneeabi-teensy/bin/../lib/gcc/arm-none-eabi/11.3.1/thumb/v7e-m+dp/hard/crtbegin.o
LOAD c:/users/james/.platformio/packages/toolchain-gccarmnoneeabi-teensy/bin/../lib/gcc/arm-none-eabi/11.3.1/thumb/v7e-m+dp/hard/crt0.o
                0x68a531a1                __rtc_localtime = 0x68a531a1
LOAD .pio\build\teensy41\src\main.cpp.o
LOAD .pio\build\teensy41\src\motctrl_prot.cpp.o
START GROUP
LOAD .pio\build\teensy41\lib8e3\libFastCRC.a
LOAD .pio\build\teensy41\libFrameworkArduino.a
LOAD c:/users/james/.platformio/packages/toolchain-gccarmnoneeabi-teensy/bin/../lib/gcc/arm-none-eabi/11.3.1/../../../../arm-none-eabi/lib\libarm_cortexM7lfsp_math.a
LOAD c:/users/james/.platformio/packages/toolchain-gccarmnoneeabi-teensy/bin/../lib/gcc/arm-none-eabi/11.3.1/thumb/v7e-m+dp/hard\libstdc++.a
END GROUP
LOAD c:/users/james/.platformio/packages/toolchain-gccarmnoneeabi-teensy/bin/../lib/gcc/arm-none-eabi/11.3.1/thumb/v7e-m+dp/hard\libstdc++.a
LOAD c:/users/james/.platformio/packages/toolchain-gccarmnoneeabi-teensy/bin/../lib/gcc/arm-none-eabi/11.3.1/thumb/v7e-m+dp/hard\libm.a
START GROUP
LOAD c:/users/james/.platformio/packages/toolchain-gccarmnoneeabi-teensy/bin/../lib/gcc/arm-none-eabi/11.3.1/thumb/v7e-m+dp/hard\libgcc.a
LOAD c:/users/james/.platformio/packages/toolchain-gccarmnoneeabi-teensy/bin/../lib/gcc/arm-none-eabi/11.3.1/thumb/v7e-m+dp/hard\libc.a
END GROUP
LOAD c:/users/james/.platformio/packages/toolchain-gccarmnoneeabi-teensy/bin/../lib/gcc/arm-none-eabi/11.3.1/thumb/v7e-m+dp/hard/crtend.o
LOAD c:/users/james/.platformio/packages/toolchain-gccarmnoneeabi-teensy/bin/../lib/gcc/arm-none-eabi/11.3.1/thumb/v7e-m+dp/hard/crtn.o

.text.headers   0x60000000     0x1400
 *(.flashconfig)
 .flashconfig   0x60000000      0x200 .pio\build\teensy41\libFrameworkArduino.a(bootdata.c.o)
                0x60000000                FlexSPI_NOR_Config
 FILL mask 0xff
                0x60001000                . = (ORIGIN (FLASH) + 0x1000)
 *fill*         0x60000200      0xe00 ff
 *(.ivt)
 .ivt           0x60001000       0x20 .pio\build\teensy41\libFrameworkArduino.a(bootdata.c.o)
                0x60001000                ImageVectorTable
 *(.bootdata)
 .bootdata      0x60001020        0xc .pio\build\teensy41\libFrameworkArduino.a(bootdata.c.o)
                0x60001020                BootData
                0x60001400                . = ALIGN (0x400)
 *fill*         0x6000102c      0x3d4 ff

.text.code      0x60001400     0x12ac
 *(.startup)
 .startup       0x60001400      0x274 .pio\build\teensy41\libFrameworkArduino.a(startup.c.o)
                0x6000164c                ResetHandler
 *(.flashmem*)
 .flashmem      0x60001674      0x7fc .pio\build\teensy41\libFrameworkArduino.a(CrashReport.cpp.o)
                0x60001674                CrashReportClass::clear()
                0x60001710                CrashReportClass::printTo(Print&) const
                0x60001e14                CrashReportClass::operator bool()
 .flashmem      0x60001e70      0x500 .pio\build\teensy41\libFrameworkArduino.a(startup.c.o)
                0x60001e70                startup_default_early_hook
                0x60001e70                startup_early_hook
                0x60001e74                startup_default_middle_hook
                0x60001e74                startup_middle_hook
                0x60001e78                startup_late_hook
                0x60001e78                startup_default_late_hook
                0x60001e7c                startup_debug_reset
                0x60001e80                configure_cache
                0x60001f90                configure_external_ram
                0x60002314                usb_pll_start
 .flashmem      0x60002370      0x130 .pio\build\teensy41\libFrameworkArduino.a(tempmon.c.o)
                0x60002370                tempmon_init
 .flashmem      0x600024a0      0x13c .pio\build\teensy41\libFrameworkArduino.a(usb.c.o)
                0x600024a0                usb_init
                0x60002588                _reboot_Teensyduino_
 .flashmem      0x600025dc       0x54 .pio\build\teensy41\libFrameworkArduino.a(analog.c.o)
                0x600025dc                analog_init
                0x60002630                . = ALIGN (0x4)
 *(.init)
 .init          0x60002630        0x4 c:/users/james/.platformio/packages/toolchain-gccarmnoneeabi-teensy/bin/../lib/gcc/arm-none-eabi/11.3.1/thumb/v7e-m+dp/hard/crti.o
                0x60002630                _init
 .init          0x60002634        0x8 c:/users/james/.platformio/packages/toolchain-gccarmnoneeabi-teensy/bin/../lib/gcc/arm-none-eabi/11.3.1/thumb/v7e-m+dp/hard/crtn.o
 *fill*         0x6000263c        0x4 
 .init.__stub   0x60002640       0x60 linker stubs
                0x600026a0                __preinit_array_start = .
 *(.preinit_array)
                0x600026a0                __preinit_array_end = .
                0x600026a0                __init_array_start = .
 *(.init_array)
 .init_array    0x600026a0        0x4 c:/users/james/.platformio/packages/toolchain-gccarmnoneeabi-teensy/bin/../lib/gcc/arm-none-eabi/11.3.1/thumb/v7e-m+dp/hard/crtbegin.o
 .init_array    0x600026a4        0x4 .pio\build\teensy41\src\main.cpp.o
 .init_array    0x600026a8        0x4 .pio\build\teensy41\libFrameworkArduino.a(IntervalTimer.cpp.o)
                0x600026ac                __init_array_end = .
                0x600026ac                . = ALIGN (0x4)

.text.progmem   0x600026ac     0x3c60
 *(.progmem*)
 .progmem       0x600026ac     0x3b00 .pio\build\teensy41\lib8e3\libFastCRC.a(FastCRCsw.cpp.o)
 .progmem       0x600061ac      0x15e .pio\build\teensy41\libFrameworkArduino.a(usb_desc.c.o)
                0x600061ac                usb_string_product_name_default
                0x600061ac                usb_string_product_name
                0x600061c4                usb_string_manufacturer_name
                0x600061c4                usb_string_manufacturer_name_default
                0x600061dc                string0
                0x600061e0                usb_config_descriptor_12
                0x60006270                usb_config_descriptor_480
                0x6000630c                . = ALIGN (0x4)
 *fill*         0x6000630a        0x2 

.text.itcm      0x00000000     0x9920 load address 0x6000630c
                0x00000020                . = (. + 0x20)
 *fill*         0x00000000       0x20 
 *(.fastrun)
 *(.text*)
 .text.register_tm_clones
                0x00000020       0x24 c:/users/james/.platformio/packages/toolchain-gccarmnoneeabi-teensy/bin/../lib/gcc/arm-none-eabi/11.3.1/thumb/v7e-m+dp/hard/crtbegin.o
 .text.frame_dummy
                0x00000044       0x24 c:/users/james/.platformio/packages/toolchain-gccarmnoneeabi-teensy/bin/../lib/gcc/arm-none-eabi/11.3.1/thumb/v7e-m+dp/hard/crtbegin.o
 .text._ZZN6teensy23inplace_function_detail6vtableIvJEEC4IPFvvEEENS0_7wrapperIT_EEENUlPvE_4_FUNES9_
                0x00000068        0x4 .pio\build\teensy41\src\main.cpp.o
                0x00000068                teensy::inplace_function_detail::vtable<void>::vtable<void (*)()>(teensy::inplace_function_detail::wrapper<void (*)()>)::{lambda(void*)#1}::_FUN(void*)
 .text._ZZN6teensy23inplace_function_detail6vtableIvJEEC4IPFvvEEENS0_7wrapperIT_EEENUlPvS9_E0_4_FUNES9_S9_
                0x0000006c        0x8 .pio\build\teensy41\src\main.cpp.o
                0x0000006c                teensy::inplace_function_detail::vtable<void>::vtable<void (*)()>(teensy::inplace_function_detail::wrapper<void (*)()>)::{lambda(void*, void*)#2}::_FUN(void*, void*)
 .text._ZZN6teensy23inplace_function_detail6vtableIvJEEC4IPFvvEEENS0_7wrapperIT_EEENUlPvS9_E1_4_FUNES9_S9_
                0x00000074        0x8 .pio\build\teensy41\src\main.cpp.o
                0x00000074                teensy::inplace_function_detail::vtable<void>::vtable<void (*)()>(teensy::inplace_function_detail::wrapper<void (*)()>)::{lambda(void*, void*)#3}::_FUN(void*, void*)
 .text._ZZN6teensy23inplace_function_detail6vtableIvJEEC4IPFvvEEENS0_7wrapperIT_EEENUlPvE2_4_FUNES9_
                0x0000007c        0x4 .pio\build\teensy41\src\main.cpp.o
                0x0000007c                teensy::inplace_function_detail::vtable<void>::vtable<void (*)()>(teensy::inplace_function_detail::wrapper<void (*)()>)::{lambda(void*)#4}::_FUN(void*)
 .text._ZN16usb_serial_class5writeEPKhj
                0x00000080        0x8 .pio\build\teensy41\src\main.cpp.o
                0x00000080                usb_serial_class::write(unsigned char const*, unsigned int)
 .text._ZN13IntervalTimerD2Ev
                0x00000088        0xc .pio\build\teensy41\src\main.cpp.o
                0x00000088                IntervalTimer::~IntervalTimer()
                0x00000088                IntervalTimer::~IntervalTimer()
 .text.serialEvent
                0x00000094       0xf4 .pio\build\teensy41\src\main.cpp.o
                0x00000094                serialEvent
 .text._ZN6ParserILj8388608EE5parseEv
                0x00000188      0x1e8 .pio\build\teensy41\src\main.cpp.o
                0x00000188                Parser<8388608u>::parse()
 .text.loop     0x00000370       0x24 .pio\build\teensy41\src\main.cpp.o
                0x00000370                loop
 .text._Z10sendPacketI16usb_serial_classEvRT_mmhhPKh
                0x00000394       0xd8 .pio\build\teensy41\src\main.cpp.o
                0x00000394                void sendPacket<usb_serial_class>(usb_serial_class&, unsigned long, unsigned long, unsigned char, unsigned char, unsigned char const*)
 .text._Z7logInfoI16usb_serial_classEvRT_PKcz
                0x0000046c       0x50 .pio\build\teensy41\src\main.cpp.o
                0x0000046c                void logInfo<usb_serial_class>(usb_serial_class&, char const*, ...)
 .text._Z7ticktokv
                0x000004bc       0x2c .pio\build\teensy41\src\main.cpp.o
                0x000004bc                ticktok()
 .text.setup    0x000004e8       0xe0 .pio\build\teensy41\src\main.cpp.o
                0x000004e8                setup
 .text._Z6Rebootm
                0x000005c8       0xd4 .pio\build\teensy41\src\main.cpp.o
                0x000005c8                Reboot(unsigned long)
 .text._Z12handlePacketR6ParserILj8388608EE
                0x0000069c      0x1cc .pio\build\teensy41\src\main.cpp.o
                0x0000069c                handlePacket(Parser<8388608u>&)
 .text.startup._GLOBAL__sub_I_ringBufferArray
                0x00000868       0x50 .pio\build\teensy41\src\main.cpp.o
 .text._ZN9FastCRC32C2Ev
                0x000008b8        0x4 .pio\build\teensy41\lib8e3\libFastCRC.a(FastCRCsw.cpp.o)
                0x000008b8                FastCRC32::FastCRC32()
                0x000008b8                FastCRC32::FastCRC32()
 .text._ZN9FastCRC329crc32_updEPKht
                0x000008bc      0x190 .pio\build\teensy41\lib8e3\libFastCRC.a(FastCRCsw.cpp.o)
                0x000008bc                FastCRC32::crc32_upd(unsigned char const*, unsigned short)
 .text._ZN9FastCRC325crc32EPKht
                0x00000a4c        0xc .pio\build\teensy41\lib8e3\libFastCRC.a(FastCRCsw.cpp.o)
                0x00000a4c                FastCRC32::crc32(unsigned char const*, unsigned short)
 .text._ZZN6teensy23inplace_function_detail6vtableIvJEEC4EvENUlPvE_4_FUNES3_
                0x00000a58        0x4 .pio\build\teensy41\libFrameworkArduino.a(IntervalTimer.cpp.o)
                0x00000a58                teensy::inplace_function_detail::vtable<void>::vtable()::{lambda(void*)#1}::_FUN(void*)
 .text._ZZN6teensy23inplace_function_detail6vtableIvJEEC4EvENUlPvS3_E0_4_FUNES3_S3_
                0x00000a5c        0x4 .pio\build\teensy41\libFrameworkArduino.a(IntervalTimer.cpp.o)
                0x00000a5c                teensy::inplace_function_detail::vtable<void>::vtable()::{lambda(void*, void*)#2}::_FUN(void*, void*)
 .text._ZZN6teensy23inplace_function_detail6vtableIvJEEC4EvENUlPvS3_E1_4_FUNES3_S3_
                0x00000a60        0x4 .pio\build\teensy41\libFrameworkArduino.a(IntervalTimer.cpp.o)
                0x00000a60                teensy::inplace_function_detail::vtable<void>::vtable()::{lambda(void*, void*)#3}::_FUN(void*, void*)
 .text._ZZN6teensy23inplace_function_detail6vtableIvJEEC4EvENUlPvE2_4_FUNES3_
                0x00000a64        0x4 .pio\build\teensy41\libFrameworkArduino.a(IntervalTimer.cpp.o)
                0x00000a64                teensy::inplace_function_detail::vtable<void>::vtable()::{lambda(void*)#4}::_FUN(void*)
 .text._ZL7pit_isrv
                0x00000a68       0x84 .pio\build\teensy41\libFrameworkArduino.a(IntervalTimer.cpp.o)
 .text.__tcf_0  0x00000aec       0x20 .pio\build\teensy41\libFrameworkArduino.a(IntervalTimer.cpp.o)
 .text._ZN13IntervalTimer11beginCyclesEN6teensy16inplace_functionIFvvELj16ELj8EEEm
                0x00000b0c      0x104 .pio\build\teensy41\libFrameworkArduino.a(IntervalTimer.cpp.o)
                0x00000b0c                IntervalTimer::beginCycles(teensy::inplace_function<void (), 16u, 8u>, unsigned long)
 .text._ZN13IntervalTimer3endEv
                0x00000c10       0x70 .pio\build\teensy41\libFrameworkArduino.a(IntervalTimer.cpp.o)
                0x00000c10                IntervalTimer::end()
 .text.startup._GLOBAL__sub_I__ZN13IntervalTimer14nvic_prioritesE
                0x00000c80       0x2c .pio\build\teensy41\libFrameworkArduino.a(IntervalTimer.cpp.o)
 .text._ZN5Print11printNumberEmhh.part.0
                0x00000cac       0x80 .pio\build\teensy41\libFrameworkArduino.a(Print.cpp.o)
 .text._ZN5Print5printEl
                0x00000d2c       0x18 .pio\build\teensy41\libFrameworkArduino.a(Print.cpp.o)
                0x00000d2c                Print::print(long)
 .text._ZN5Print7printlnEv
                0x00000d44       0x1c .pio\build\teensy41\libFrameworkArduino.a(Print.cpp.o)
                0x00000d44                Print::println()
 .text._write   0x00000d60       0x1c .pio\build\teensy41\libFrameworkArduino.a(Print.cpp.o)
                0x00000d60                _write
 .text._ZN5Print6printfEPKcz
                0x00000d7c       0x1c .pio\build\teensy41\libFrameworkArduino.a(Print.cpp.o)
                0x00000d7c                Print::printf(char const*, ...)
 .text._ZN5Print11printNumberEmhh
                0x00000d98       0x14 .pio\build\teensy41\libFrameworkArduino.a(Print.cpp.o)
                0x00000d98                Print::printNumber(unsigned long, unsigned char, unsigned char)
 *fill*         0x00000dac        0x4 
 .text._ZN5Print10printFloatEdh
                0x00000db0      0x164 .pio\build\teensy41\libFrameworkArduino.a(Print.cpp.o)
                0x00000db0                Print::printFloat(double, unsigned char)
 .text._ZN6StringD2Ev
                0x00000f14       0x10 .pio\build\teensy41\libFrameworkArduino.a(WString.cpp.o)
                0x00000f14                String::~String()
                0x00000f14                String::~String()
 .text._ZN6String4copyEPKcj
                0x00000f24       0x68 .pio\build\teensy41\libFrameworkArduino.a(WString.cpp.o)
                0x00000f24                String::copy(char const*, unsigned int)
 .text._ZN6StringC2Eih
                0x00000f8c       0x2c .pio\build\teensy41\libFrameworkArduino.a(WString.cpp.o)
                0x00000f8c                String::String(int, unsigned char)
                0x00000f8c                String::String(int, unsigned char)
 .text.set_arm_clock
                0x00000fb8      0x2f0 .pio\build\teensy41\libFrameworkArduino.a(clockspeed.c.o)
                0x00000fb8                set_arm_clock
 .text.delay    0x000012a8       0xa8 .pio\build\teensy41\libFrameworkArduino.a(delay.c.o)
                0x000012a8                delay
 .text.digitalWrite
                0x00001350       0x54 .pio\build\teensy41\libFrameworkArduino.a(digital.c.o)
                0x00001350                digitalWrite
 .text.pinMode  0x000013a4       0x70 .pio\build\teensy41\libFrameworkArduino.a(digital.c.o)
                0x000013a4                pinMode
 .text.startup.main
                0x00001414       0x10 .pio\build\teensy41\libFrameworkArduino.a(main.cpp.o)
                0x00001414                main
 .text          0x00001424      0x134 .pio\build\teensy41\libFrameworkArduino.a(memcpy-armv7m.S.o)
                0x00001424                memcpy
 .text.ultoa    0x00001558       0x64 .pio\build\teensy41\libFrameworkArduino.a(nonstd.c.o)
                0x00001558                ultoa
 .text.unused_interrupt_vector
                0x000015bc      0x18c .pio\build\teensy41\libFrameworkArduino.a(startup.c.o)
                0x000015bc                unused_interrupt_vector
 .text._sbrk    0x00001748       0x34 .pio\build\teensy41\libFrameworkArduino.a(startup.c.o)
                0x00001748                _sbrk
 .text._read    0x0000177c        0x4 .pio\build\teensy41\libFrameworkArduino.a(startup.c.o)
                0x0000177c                _read
 .text._close   0x00001780        0x8 .pio\build\teensy41\libFrameworkArduino.a(startup.c.o)
                0x00001780                _close
 .text._fstat   0x00001788        0xc .pio\build\teensy41\libFrameworkArduino.a(startup.c.o)
                0x00001788                _fstat
 .text._isatty  0x00001794        0x4 .pio\build\teensy41\libFrameworkArduino.a(startup.c.o)
                0x00001794                _isatty
 .text._lseek   0x00001798        0x8 .pio\build\teensy41\libFrameworkArduino.a(startup.c.o)
                0x00001798                _lseek
 .text.unlikely.abort
                0x000017a0        0x4 .pio\build\teensy41\libFrameworkArduino.a(startup.c.o)
                0x000017a0                abort
 .text.Panic_Temp_isr
                0x000017a4        0x4 .pio\build\teensy41\libFrameworkArduino.a(tempmon.c.o)
                0x000017a4                Panic_Temp_isr
 .text.tempmonGetTemp
                0x000017a8       0x60 .pio\build\teensy41\libFrameworkArduino.a(tempmon.c.o)
                0x000017a8                tempmonGetTemp
 .text.schedule_transfer
                0x00001808       0x88 .pio\build\teensy41\libFrameworkArduino.a(usb.c.o)
 .text.run_callbacks
                0x00001890       0x38 .pio\build\teensy41\libFrameworkArduino.a(usb.c.o)
 .text.endpoint0_transmit.constprop.0
                0x000018c8       0x98 .pio\build\teensy41\libFrameworkArduino.a(usb.c.o)
 .text.usb_stop_sof_interrupts
                0x00001960       0x2c .pio\build\teensy41\libFrameworkArduino.a(usb.c.o)
                0x00001960                usb_stop_sof_interrupts
 .text.usb_isr  0x0000198c      0x638 .pio\build\teensy41\libFrameworkArduino.a(usb.c.o)
                0x0000198c                usb_isr
 .text.usb_config_rx
                0x00001fc4       0x64 .pio\build\teensy41\libFrameworkArduino.a(usb.c.o)
                0x00001fc4                usb_config_rx
 .text.usb_config_tx
                0x00002028       0x64 .pio\build\teensy41\libFrameworkArduino.a(usb.c.o)
                0x00002028                usb_config_tx
 .text.usb_prepare_transfer
                0x0000208c       0x30 .pio\build\teensy41\libFrameworkArduino.a(usb.c.o)
                0x0000208c                usb_prepare_transfer
 .text.usb_transmit
                0x000020bc       0x28 .pio\build\teensy41\libFrameworkArduino.a(usb.c.o)
                0x000020bc                usb_transmit
 .text.usb_receive
                0x000020e4       0x1c .pio\build\teensy41\libFrameworkArduino.a(usb.c.o)
                0x000020e4                usb_receive
 .text.usb_transfer_status
                0x00002100        0x4 .pio\build\teensy41\libFrameworkArduino.a(usb.c.o)
                0x00002100                usb_transfer_status
 .text.usb_init_serialnumber
                0x00002104       0x58 .pio\build\teensy41\libFrameworkArduino.a(usb_desc.c.o)
                0x00002104                usb_init_serialnumber
 .text._ZN16usb_serial_class5clearEv
                0x0000215c        0x4 .pio\build\teensy41\libFrameworkArduino.a(usb_inst.cpp.o)
                0x0000215c                usb_serial_class::clear()
 .text._ZN16usb_serial_class4peekEv
                0x00002160        0x4 .pio\build\teensy41\libFrameworkArduino.a(usb_inst.cpp.o)
                0x00002160                usb_serial_class::peek()
 .text._ZN16usb_serial_class4readEv
                0x00002164        0x4 .pio\build\teensy41\libFrameworkArduino.a(usb_inst.cpp.o)
                0x00002164                usb_serial_class::read()
 .text._ZN16usb_serial_class9availableEv
                0x00002168        0x4 .pio\build\teensy41\libFrameworkArduino.a(usb_inst.cpp.o)
                0x00002168                usb_serial_class::available()
 .text._ZN16usb_serial_class5flushEv
                0x0000216c        0x4 .pio\build\teensy41\libFrameworkArduino.a(usb_inst.cpp.o)
                0x0000216c                usb_serial_class::flush()
 .text._ZN16usb_serial_class17availableForWriteEv
                0x00002170        0x4 .pio\build\teensy41\libFrameworkArduino.a(usb_inst.cpp.o)
                0x00002170                usb_serial_class::availableForWrite()
 .text._ZN16usb_serial_class5writeEh
                0x00002174        0x8 .pio\build\teensy41\libFrameworkArduino.a(usb_inst.cpp.o)
                0x00002174                usb_serial_class::write(unsigned char)
 .text._ZN17usb_serial2_class5clearEv
                0x0000217c        0x4 .pio\build\teensy41\libFrameworkArduino.a(usb_inst.cpp.o)
                0x0000217c                usb_serial2_class::clear()
 .text._ZN17usb_serial2_class4peekEv
                0x00002180        0x4 .pio\build\teensy41\libFrameworkArduino.a(usb_inst.cpp.o)
                0x00002180                usb_serial2_class::peek()
 .text._ZN17usb_serial2_class4readEv
                0x00002184        0x4 .pio\build\teensy41\libFrameworkArduino.a(usb_inst.cpp.o)
                0x00002184                usb_serial2_class::read()
 .text._ZN17usb_serial2_class9availableEv
                0x00002188        0x4 .pio\build\teensy41\libFrameworkArduino.a(usb_inst.cpp.o)
                0x00002188                usb_serial2_class::available()
 .text._ZN17usb_serial2_class5flushEv
                0x0000218c        0x4 .pio\build\teensy41\libFrameworkArduino.a(usb_inst.cpp.o)
                0x0000218c                usb_serial2_class::flush()
 .text._ZN17usb_serial2_class17availableForWriteEv
                0x00002190        0x4 .pio\build\teensy41\libFrameworkArduino.a(usb_inst.cpp.o)
                0x00002190                usb_serial2_class::availableForWrite()
 .text._ZN17usb_serial2_class5writeEPKhj
                0x00002194        0x8 .pio\build\teensy41\libFrameworkArduino.a(usb_inst.cpp.o)
                0x00002194                usb_serial2_class::write(unsigned char const*, unsigned int)
 .text._ZN17usb_serial2_class5writeEh
                0x0000219c        0x8 .pio\build\teensy41\libFrameworkArduino.a(usb_inst.cpp.o)
                0x0000219c                usb_serial2_class::write(unsigned char)
 .text.rx_queue_transfer
                0x000021a4       0x60 .pio\build\teensy41\libFrameworkArduino.a(usb_serial.c.o)
 .text.rx_event
                0x00002204       0xb4 .pio\build\teensy41\libFrameworkArduino.a(usb_serial.c.o)
 .text.usb_serial_flush_callback
                0x000022b8       0x90 .pio\build\teensy41\libFrameworkArduino.a(usb_serial.c.o)
 .text.usb_serial_write.part.0
                0x00002348      0x1b8 .pio\build\teensy41\libFrameworkArduino.a(usb_serial.c.o)
 .text.usb_serial_reset
                0x00002500        0x4 .pio\build\teensy41\libFrameworkArduino.a(usb_serial.c.o)
                0x00002500                usb_serial_reset
 .text.usb_serial_configure
                0x00002504      0x100 .pio\build\teensy41\libFrameworkArduino.a(usb_serial.c.o)
                0x00002504                usb_serial_configure
 .text.usb_serial_read
                0x00002604       0xe0 .pio\build\teensy41\libFrameworkArduino.a(usb_serial.c.o)
                0x00002604                usb_serial_read
 .text.usb_serial_peekchar
                0x000026e4       0x44 .pio\build\teensy41\libFrameworkArduino.a(usb_serial.c.o)
                0x000026e4                usb_serial_peekchar
 .text.usb_serial_available
                0x00002728       0x18 .pio\build\teensy41\libFrameworkArduino.a(usb_serial.c.o)
                0x00002728                usb_serial_available
 .text.usb_serial_flush_input
                0x00002740       0x70 .pio\build\teensy41\libFrameworkArduino.a(usb_serial.c.o)
                0x00002740                usb_serial_flush_input
 .text.usb_serial_getchar
                0x000027b0       0x20 .pio\build\teensy41\libFrameworkArduino.a(usb_serial.c.o)
                0x000027b0                usb_serial_getchar
 .text.usb_serial_putchar
                0x000027d0       0x2c .pio\build\teensy41\libFrameworkArduino.a(usb_serial.c.o)
                0x000027d0                usb_serial_putchar
 .text.usb_serial_write
                0x000027fc       0x18 .pio\build\teensy41\libFrameworkArduino.a(usb_serial.c.o)
                0x000027fc                usb_serial_write
 .text.usb_serial_write_buffer_free
                0x00002814       0x50 .pio\build\teensy41\libFrameworkArduino.a(usb_serial.c.o)
                0x00002814                usb_serial_write_buffer_free
 .text.usb_serial_flush_output
                0x00002864       0x94 .pio\build\teensy41\libFrameworkArduino.a(usb_serial.c.o)
                0x00002864                usb_serial_flush_output
 .text.rx_queue_transfer
                0x000028f8       0x60 .pio\build\teensy41\libFrameworkArduino.a(usb_serial2.c.o)
 .text.rx_event
                0x00002958       0xb4 .pio\build\teensy41\libFrameworkArduino.a(usb_serial2.c.o)
 .text.usb_serial2_flush_callback
                0x00002a0c       0x90 .pio\build\teensy41\libFrameworkArduino.a(usb_serial2.c.o)
 .text.usb_serial2_write.part.0
                0x00002a9c      0x190 .pio\build\teensy41\libFrameworkArduino.a(usb_serial2.c.o)
 .text.usb_serial2_configure
                0x00002c2c      0x100 .pio\build\teensy41\libFrameworkArduino.a(usb_serial2.c.o)
                0x00002c2c                usb_serial2_configure
 .text.usb_serial2_read
                0x00002d2c       0xe0 .pio\build\teensy41\libFrameworkArduino.a(usb_serial2.c.o)
                0x00002d2c                usb_serial2_read
 .text.usb_serial2_peekchar
                0x00002e0c       0x44 .pio\build\teensy41\libFrameworkArduino.a(usb_serial2.c.o)
                0x00002e0c                usb_serial2_peekchar
 .text.usb_serial2_available
                0x00002e50       0x18 .pio\build\teensy41\libFrameworkArduino.a(usb_serial2.c.o)
                0x00002e50                usb_serial2_available
 .text.usb_serial2_flush_input
                0x00002e68       0x70 .pio\build\teensy41\libFrameworkArduino.a(usb_serial2.c.o)
                0x00002e68                usb_serial2_flush_input
 .text.usb_serial2_getchar
                0x00002ed8       0x20 .pio\build\teensy41\libFrameworkArduino.a(usb_serial2.c.o)
                0x00002ed8                usb_serial2_getchar
 .text.usb_serial2_putchar
                0x00002ef8       0x2c .pio\build\teensy41\libFrameworkArduino.a(usb_serial2.c.o)
                0x00002ef8                usb_serial2_putchar
 .text.usb_serial2_write
                0x00002f24       0x18 .pio\build\teensy41\libFrameworkArduino.a(usb_serial2.c.o)
                0x00002f24                usb_serial2_write
 .text.usb_serial2_write_buffer_free
                0x00002f3c       0x4c .pio\build\teensy41\libFrameworkArduino.a(usb_serial2.c.o)
                0x00002f3c                usb_serial2_write_buffer_free
 .text.usb_serial2_flush_output
                0x00002f88       0x90 .pio\build\teensy41\libFrameworkArduino.a(usb_serial2.c.o)
                0x00002f88                usb_serial2_flush_output
 .text.yield    0x00003018       0xec .pio\build\teensy41\libFrameworkArduino.a(yield.cpp.o)
                0x00003018                yield
 .text._ZN14EventResponder16runFromInterruptEv
                0x00003104       0x44 .pio\build\teensy41\libFrameworkArduino.a(EventResponder.cpp.o)
                0x00003104                EventResponder::runFromInterrupt()
 .text.pendablesrvreq_isr
                0x00003148        0x4 .pio\build\teensy41\libFrameworkArduino.a(EventResponder.cpp.o)
                0x00003148                pendablesrvreq_isr
 .text.systick_isr
                0x0000314c       0x20 .pio\build\teensy41\libFrameworkArduino.a(EventResponder.cpp.o)
                0x0000314c                systick_isr
 .text.flexpwm_init
                0x0000316c       0x7c .pio\build\teensy41\libFrameworkArduino.a(pwm.c.o)
                0x0000316c                flexpwm_init
 .text.pwm_init
                0x000031e8       0xf4 .pio\build\teensy41\libFrameworkArduino.a(pwm.c.o)
                0x000031e8                pwm_init
 .text.rtc_get  0x000032dc       0x24 .pio\build\teensy41\libFrameworkArduino.a(rtc.c.o)
                0x000032dc                rtc_get
 .text.sm_align_pool
                0x00003300       0x4c .pio\build\teensy41\libFrameworkArduino.a(sm_pool.c.o)
                0x00003300                sm_align_pool
 .text.sm_set_pool
                0x0000334c       0x84 .pio\build\teensy41\libFrameworkArduino.a(sm_pool.c.o)
                0x0000334c                sm_set_pool
 .text.__aeabi_atexit
                0x000033d0        0xc c:/users/james/.platformio/packages/toolchain-gccarmnoneeabi-teensy/bin/../lib/gcc/arm-none-eabi/11.3.1/thumb/v7e-m+dp/hard\libstdc++.a(atexit_arm.o)
                0x000033d0                __aeabi_atexit
 .text.itoa     0x000033dc       0x2c c:/users/james/.platformio/packages/toolchain-gccarmnoneeabi-teensy/bin/../lib/gcc/arm-none-eabi/11.3.1/thumb/v7e-m+dp/hard\libc.a(libc_a-itoa.o)
                0x000033dc                itoa
 .text.free     0x00003408       0x10 c:/users/james/.platformio/packages/toolchain-gccarmnoneeabi-teensy/bin/../lib/gcc/arm-none-eabi/11.3.1/thumb/v7e-m+dp/hard\libc.a(libc_a-malloc.o)
                0x00003408                free
 .text._malloc_r
                0x00003418      0x560 c:/users/james/.platformio/packages/toolchain-gccarmnoneeabi-teensy/bin/../lib/gcc/arm-none-eabi/11.3.1/thumb/v7e-m+dp/hard\libc.a(libc_a-mallocr.o)
                0x00003418                _malloc_r
 .text.__malloc_lock
                0x00003978        0xc c:/users/james/.platformio/packages/toolchain-gccarmnoneeabi-teensy/bin/../lib/gcc/arm-none-eabi/11.3.1/thumb/v7e-m+dp/hard\libc.a(libc_a-mlock.o)
                0x00003978                __malloc_lock
 .text.__malloc_unlock
                0x00003984        0xc c:/users/james/.platformio/packages/toolchain-gccarmnoneeabi-teensy/bin/../lib/gcc/arm-none-eabi/11.3.1/thumb/v7e-m+dp/hard\libc.a(libc_a-mlock.o)
                0x00003984                __malloc_unlock
 .text.realloc  0x00003990       0x18 c:/users/james/.platformio/packages/toolchain-gccarmnoneeabi-teensy/bin/../lib/gcc/arm-none-eabi/11.3.1/thumb/v7e-m+dp/hard\libc.a(libc_a-realloc.o)
                0x00003990                realloc
 .text._realloc_r
                0x000039a8      0x3d8 c:/users/james/.platformio/packages/toolchain-gccarmnoneeabi-teensy/bin/../lib/gcc/arm-none-eabi/11.3.1/thumb/v7e-m+dp/hard\libc.a(libc_a-reallocr.o)
                0x000039a8                _realloc_r
 .text.__utoa   0x00003d80       0x9c c:/users/james/.platformio/packages/toolchain-gccarmnoneeabi-teensy/bin/../lib/gcc/arm-none-eabi/11.3.1/thumb/v7e-m+dp/hard\libc.a(libc_a-utoa.o)
                0x00003d80                __utoa
 .text.__cxa_atexit
                0x00003e1c        0xc c:/users/james/.platformio/packages/toolchain-gccarmnoneeabi-teensy/bin/../lib/gcc/arm-none-eabi/11.3.1/thumb/v7e-m+dp/hard\libc.a(libc_a-cxa_atexit.o)
                0x00003e1c                __cxa_atexit
 .text.stdio_exit_handler
                0x00003e28       0x18 c:/users/james/.platformio/packages/toolchain-gccarmnoneeabi-teensy/bin/../lib/gcc/arm-none-eabi/11.3.1/thumb/v7e-m+dp/hard\libc.a(libc_a-findfp.o)
 .text.cleanup_stdio
                0x00003e40       0x40 c:/users/james/.platformio/packages/toolchain-gccarmnoneeabi-teensy/bin/../lib/gcc/arm-none-eabi/11.3.1/thumb/v7e-m+dp/hard\libc.a(libc_a-findfp.o)
 .text.global_stdio_init.part.0
                0x00003e80       0xd4 c:/users/james/.platformio/packages/toolchain-gccarmnoneeabi-teensy/bin/../lib/gcc/arm-none-eabi/11.3.1/thumb/v7e-m+dp/hard\libc.a(libc_a-findfp.o)
 .text.__sinit  0x00003f54       0x3c c:/users/james/.platformio/packages/toolchain-gccarmnoneeabi-teensy/bin/../lib/gcc/arm-none-eabi/11.3.1/thumb/v7e-m+dp/hard\libc.a(libc_a-findfp.o)
                0x00003f54                __sinit
 .text.__sfp_lock_acquire
                0x00003f90        0xc c:/users/james/.platformio/packages/toolchain-gccarmnoneeabi-teensy/bin/../lib/gcc/arm-none-eabi/11.3.1/thumb/v7e-m+dp/hard\libc.a(libc_a-findfp.o)
                0x00003f90                __sfp_lock_acquire
 .text.__sfp_lock_release
                0x00003f9c        0xc c:/users/james/.platformio/packages/toolchain-gccarmnoneeabi-teensy/bin/../lib/gcc/arm-none-eabi/11.3.1/thumb/v7e-m+dp/hard\libc.a(libc_a-findfp.o)
                0x00003f9c                __sfp_lock_release
 .text._fwalk_sglue
                0x00003fa8       0x48 c:/users/james/.platformio/packages/toolchain-gccarmnoneeabi-teensy/bin/../lib/gcc/arm-none-eabi/11.3.1/thumb/v7e-m+dp/hard\libc.a(libc_a-fwalk.o)
                0x00003fa8                _fwalk_sglue
 .text.__sread  0x00003ff0       0x24 c:/users/james/.platformio/packages/toolchain-gccarmnoneeabi-teensy/bin/../lib/gcc/arm-none-eabi/11.3.1/thumb/v7e-m+dp/hard\libc.a(libc_a-stdio.o)
                0x00003ff0                __sread
 .text.__swrite
                0x00004014       0x40 c:/users/james/.platformio/packages/toolchain-gccarmnoneeabi-teensy/bin/../lib/gcc/arm-none-eabi/11.3.1/thumb/v7e-m+dp/hard\libc.a(libc_a-stdio.o)
                0x00004014                __swrite
 .text.__sseek  0x00004054       0x20 c:/users/james/.platformio/packages/toolchain-gccarmnoneeabi-teensy/bin/../lib/gcc/arm-none-eabi/11.3.1/thumb/v7e-m+dp/hard\libc.a(libc_a-stdio.o)
                0x00004054                __sseek
 .text.__sclose
                0x00004074        0x8 c:/users/james/.platformio/packages/toolchain-gccarmnoneeabi-teensy/bin/../lib/gcc/arm-none-eabi/11.3.1/thumb/v7e-m+dp/hard\libc.a(libc_a-stdio.o)
                0x00004074                __sclose
 .text._vdprintf_r
                0x0000407c       0x4c c:/users/james/.platformio/packages/toolchain-gccarmnoneeabi-teensy/bin/../lib/gcc/arm-none-eabi/11.3.1/thumb/v7e-m+dp/hard\libc.a(libc_a-vdprintf.o)
                0x0000407c                _vdprintf_r
 .text.vdprintf
                0x000040c8       0x1c c:/users/james/.platformio/packages/toolchain-gccarmnoneeabi-teensy/bin/../lib/gcc/arm-none-eabi/11.3.1/thumb/v7e-m+dp/hard\libc.a(libc_a-vdprintf.o)
                0x000040c8                vdprintf
 .text.vsnprintf
                0x000040e4       0x70 c:/users/james/.platformio/packages/toolchain-gccarmnoneeabi-teensy/bin/../lib/gcc/arm-none-eabi/11.3.1/thumb/v7e-m+dp/hard\libc.a(libc_a-vsnprintf.o)
                0x000040e4                vsnprintf
 .text._vasnprintf_r
                0x00004154       0x64 c:/users/james/.platformio/packages/toolchain-gccarmnoneeabi-teensy/bin/../lib/gcc/arm-none-eabi/11.3.1/thumb/v7e-m+dp/hard\libc.a(libc_a-vasnprintf.o)
                0x00004154                _vasnprintf_r
 .text.memmove  0x000041b8       0xf8 c:/users/james/.platformio/packages/toolchain-gccarmnoneeabi-teensy/bin/../lib/gcc/arm-none-eabi/11.3.1/thumb/v7e-m+dp/hard\libc.a(libc_a-memmove.o)
                0x000041b8                memmove
 .text.memset   0x000042b0       0xa4 c:/users/james/.platformio/packages/toolchain-gccarmnoneeabi-teensy/bin/../lib/gcc/arm-none-eabi/11.3.1/thumb/v7e-m+dp/hard\libc.a(libc_a-memset.o)
                0x000042b0                memset
 .text.strncpy  0x00004354       0x64 c:/users/james/.platformio/packages/toolchain-gccarmnoneeabi-teensy/bin/../lib/gcc/arm-none-eabi/11.3.1/thumb/v7e-m+dp/hard\libc.a(libc_a-strncpy.o)
                0x00004354                strncpy
 .text.__locale_mb_cur_max
                0x000043b8        0xc c:/users/james/.platformio/packages/toolchain-gccarmnoneeabi-teensy/bin/../lib/gcc/arm-none-eabi/11.3.1/thumb/v7e-m+dp/hard\libc.a(libc_a-locale.o)
                0x000043b8                __locale_mb_cur_max
 .text._close_r
                0x000043c4       0x24 c:/users/james/.platformio/packages/toolchain-gccarmnoneeabi-teensy/bin/../lib/gcc/arm-none-eabi/11.3.1/thumb/v7e-m+dp/hard\libc.a(libc_a-closer.o)
                0x000043c4                _close_r
 .text._lseek_r
                0x000043e8       0x2c c:/users/james/.platformio/packages/toolchain-gccarmnoneeabi-teensy/bin/../lib/gcc/arm-none-eabi/11.3.1/thumb/v7e-m+dp/hard\libc.a(libc_a-lseekr.o)
                0x000043e8                _lseek_r
 .text._read_r  0x00004414       0x2c c:/users/james/.platformio/packages/toolchain-gccarmnoneeabi-teensy/bin/../lib/gcc/arm-none-eabi/11.3.1/thumb/v7e-m+dp/hard\libc.a(libc_a-readr.o)
                0x00004414                _read_r
 .text._sbrk_r  0x00004440       0x24 c:/users/james/.platformio/packages/toolchain-gccarmnoneeabi-teensy/bin/../lib/gcc/arm-none-eabi/11.3.1/thumb/v7e-m+dp/hard\libc.a(libc_a-sbrkr.o)
                0x00004440                _sbrk_r
 .text._write_r
                0x00004464       0x2c c:/users/james/.platformio/packages/toolchain-gccarmnoneeabi-teensy/bin/../lib/gcc/arm-none-eabi/11.3.1/thumb/v7e-m+dp/hard\libc.a(libc_a-writer.o)
                0x00004464                _write_r
 .text.__errno  0x00004490        0xc c:/users/james/.platformio/packages/toolchain-gccarmnoneeabi-teensy/bin/../lib/gcc/arm-none-eabi/11.3.1/thumb/v7e-m+dp/hard\libc.a(libc_a-errno.o)
                0x00004490                __errno
 .text.__libc_init_array
                0x0000449c       0x48 c:/users/james/.platformio/packages/toolchain-gccarmnoneeabi-teensy/bin/../lib/gcc/arm-none-eabi/11.3.1/thumb/v7e-m+dp/hard\libc.a(libc_a-init.o)
                0x0000449c                __libc_init_array
 .text.__retarget_lock_init_recursive
                0x000044e4        0x4 c:/users/james/.platformio/packages/toolchain-gccarmnoneeabi-teensy/bin/../lib/gcc/arm-none-eabi/11.3.1/thumb/v7e-m+dp/hard\libc.a(libc_a-lock.o)
                0x000044e4                __retarget_lock_init_recursive
 .text.__retarget_lock_close_recursive
                0x000044e8        0x4 c:/users/james/.platformio/packages/toolchain-gccarmnoneeabi-teensy/bin/../lib/gcc/arm-none-eabi/11.3.1/thumb/v7e-m+dp/hard\libc.a(libc_a-lock.o)
                0x000044e8                __retarget_lock_close_recursive
 .text.__retarget_lock_acquire_recursive
                0x000044ec        0x4 c:/users/james/.platformio/packages/toolchain-gccarmnoneeabi-teensy/bin/../lib/gcc/arm-none-eabi/11.3.1/thumb/v7e-m+dp/hard\libc.a(libc_a-lock.o)
                0x000044ec                __retarget_lock_acquire_recursive
 .text.__retarget_lock_release_recursive
                0x000044f0        0x4 c:/users/james/.platformio/packages/toolchain-gccarmnoneeabi-teensy/bin/../lib/gcc/arm-none-eabi/11.3.1/thumb/v7e-m+dp/hard\libc.a(libc_a-lock.o)
                0x000044f0                __retarget_lock_release_recursive
 .text.strcpy   0x000044f4       0xbc c:/users/james/.platformio/packages/toolchain-gccarmnoneeabi-teensy/bin/../lib/gcc/arm-none-eabi/11.3.1/thumb/v7e-m+dp/hard\libc.a(libc_a-strcpy.o)
                0x000044f4                strcpy
 *fill*         0x000045b0       0x10 
 .text          0x000045c0       0xdc c:/users/james/.platformio/packages/toolchain-gccarmnoneeabi-teensy/bin/../lib/gcc/arm-none-eabi/11.3.1/thumb/v7e-m+dp/hard\libc.a(libc_a-strlen.o)
                0x000045c0                strlen
 .text.__register_exitproc
                0x0000469c       0x88 c:/users/james/.platformio/packages/toolchain-gccarmnoneeabi-teensy/bin/../lib/gcc/arm-none-eabi/11.3.1/thumb/v7e-m+dp/hard\libc.a(libc_a-__atexit.o)
                0x0000469c                __register_exitproc
 .text._malloc_trim_r
                0x00004724       0xa0 c:/users/james/.platformio/packages/toolchain-gccarmnoneeabi-teensy/bin/../lib/gcc/arm-none-eabi/11.3.1/thumb/v7e-m+dp/hard\libc.a(libc_a-freer.o)
                0x00004724                _malloc_trim_r
 .text._free_r  0x000047c4      0x20c c:/users/james/.platformio/packages/toolchain-gccarmnoneeabi-teensy/bin/../lib/gcc/arm-none-eabi/11.3.1/thumb/v7e-m+dp/hard\libc.a(libc_a-freer.o)
                0x000047c4                _free_r
 .text.__ascii_mbtowc
                0x000049d0       0x2c c:/users/james/.platformio/packages/toolchain-gccarmnoneeabi-teensy/bin/../lib/gcc/arm-none-eabi/11.3.1/thumb/v7e-m+dp/hard\libc.a(libc_a-mbtowc_r.o)
                0x000049d0                __ascii_mbtowc
 .text._Balloc  0x000049fc       0x4c c:/users/james/.platformio/packages/toolchain-gccarmnoneeabi-teensy/bin/../lib/gcc/arm-none-eabi/11.3.1/thumb/v7e-m+dp/hard\libc.a(libc_a-mprec.o)
                0x000049fc                _Balloc
 .text._Bfree   0x00004a48       0x14 c:/users/james/.platformio/packages/toolchain-gccarmnoneeabi-teensy/bin/../lib/gcc/arm-none-eabi/11.3.1/thumb/v7e-m+dp/hard\libc.a(libc_a-mprec.o)
                0x00004a48                _Bfree
 .text.__multadd
                0x00004a5c       0xa4 c:/users/james/.platformio/packages/toolchain-gccarmnoneeabi-teensy/bin/../lib/gcc/arm-none-eabi/11.3.1/thumb/v7e-m+dp/hard\libc.a(libc_a-mprec.o)
                0x00004a5c                __multadd
 .text.__hi0bits
                0x00004b00       0x40 c:/users/james/.platformio/packages/toolchain-gccarmnoneeabi-teensy/bin/../lib/gcc/arm-none-eabi/11.3.1/thumb/v7e-m+dp/hard\libc.a(libc_a-mprec.o)
                0x00004b00                __hi0bits
 .text.__lo0bits
                0x00004b40       0x60 c:/users/james/.platformio/packages/toolchain-gccarmnoneeabi-teensy/bin/../lib/gcc/arm-none-eabi/11.3.1/thumb/v7e-m+dp/hard\libc.a(libc_a-mprec.o)
                0x00004b40                __lo0bits
 .text.__i2b    0x00004ba0       0x5c c:/users/james/.platformio/packages/toolchain-gccarmnoneeabi-teensy/bin/../lib/gcc/arm-none-eabi/11.3.1/thumb/v7e-m+dp/hard\libc.a(libc_a-mprec.o)
                0x00004ba0                __i2b
 .text.__multiply
                0x00004bfc      0x15c c:/users/james/.platformio/packages/toolchain-gccarmnoneeabi-teensy/bin/../lib/gcc/arm-none-eabi/11.3.1/thumb/v7e-m+dp/hard\libc.a(libc_a-mprec.o)
                0x00004bfc                __multiply
 .text.__pow5mult
                0x00004d58       0xc0 c:/users/james/.platformio/packages/toolchain-gccarmnoneeabi-teensy/bin/../lib/gcc/arm-none-eabi/11.3.1/thumb/v7e-m+dp/hard\libc.a(libc_a-mprec.o)
                0x00004d58                __pow5mult
 .text.__lshift
                0x00004e18       0xf0 c:/users/james/.platformio/packages/toolchain-gccarmnoneeabi-teensy/bin/../lib/gcc/arm-none-eabi/11.3.1/thumb/v7e-m+dp/hard\libc.a(libc_a-mprec.o)
                0x00004e18                __lshift
 .text.__mcmp   0x00004f08       0x44 c:/users/james/.platformio/packages/toolchain-gccarmnoneeabi-teensy/bin/../lib/gcc/arm-none-eabi/11.3.1/thumb/v7e-m+dp/hard\libc.a(libc_a-mprec.o)
                0x00004f08                __mcmp
 .text.__mdiff  0x00004f4c      0x154 c:/users/james/.platformio/packages/toolchain-gccarmnoneeabi-teensy/bin/../lib/gcc/arm-none-eabi/11.3.1/thumb/v7e-m+dp/hard\libc.a(libc_a-mprec.o)
                0x00004f4c                __mdiff
 .text.__d2b    0x000050a0       0xd4 c:/users/james/.platformio/packages/toolchain-gccarmnoneeabi-teensy/bin/../lib/gcc/arm-none-eabi/11.3.1/thumb/v7e-m+dp/hard\libc.a(libc_a-mprec.o)
                0x000050a0                __d2b
 .text.__ascii_wctomb
                0x00005174       0x1c c:/users/james/.platformio/packages/toolchain-gccarmnoneeabi-teensy/bin/../lib/gcc/arm-none-eabi/11.3.1/thumb/v7e-m+dp/hard\libc.a(libc_a-wctomb_r.o)
                0x00005174                __ascii_wctomb
 .text._svfprintf_r
                0x00005190     0x1b44 c:/users/james/.platformio/packages/toolchain-gccarmnoneeabi-teensy/bin/../lib/gcc/arm-none-eabi/11.3.1/thumb/v7e-m+dp/hard\libc.a(libc_a-svfprintf.o)
                0x00005190                _svfprintf_r
 .text._fclose_r
                0x00006cd4       0xc8 c:/users/james/.platformio/packages/toolchain-gccarmnoneeabi-teensy/bin/../lib/gcc/arm-none-eabi/11.3.1/thumb/v7e-m+dp/hard\libc.a(libc_a-fclose.o)
                0x00006cd4                _fclose_r
 .text.__sflush_r
                0x00006d9c      0x130 c:/users/james/.platformio/packages/toolchain-gccarmnoneeabi-teensy/bin/../lib/gcc/arm-none-eabi/11.3.1/thumb/v7e-m+dp/hard\libc.a(libc_a-fflush.o)
                0x00006d9c                __sflush_r
 .text._fflush_r
                0x00006ecc       0x54 c:/users/james/.platformio/packages/toolchain-gccarmnoneeabi-teensy/bin/../lib/gcc/arm-none-eabi/11.3.1/thumb/v7e-m+dp/hard\libc.a(libc_a-fflush.o)
                0x00006ecc                _fflush_r
 .text._localeconv_r
                0x00006f20        0x8 c:/users/james/.platformio/packages/toolchain-gccarmnoneeabi-teensy/bin/../lib/gcc/arm-none-eabi/11.3.1/thumb/v7e-m+dp/hard\libc.a(libc_a-localeconv.o)
                0x00006f20                _localeconv_r
 *fill*         0x00006f28        0x8 
 .text          0x00006f30       0xa0 c:/users/james/.platformio/packages/toolchain-gccarmnoneeabi-teensy/bin/../lib/gcc/arm-none-eabi/11.3.1/thumb/v7e-m+dp/hard\libc.a(libc_a-memchr.o)
                0x00006f30                memchr
 .text.frexp    0x00006fd0       0x78 c:/users/james/.platformio/packages/toolchain-gccarmnoneeabi-teensy/bin/../lib/gcc/arm-none-eabi/11.3.1/thumb/v7e-m+dp/hard\libc.a(libm_a-s_frexp.o)
                0x00006fd0                frexp
 .text.__assert_func
                0x00007048       0x40 c:/users/james/.platformio/packages/toolchain-gccarmnoneeabi-teensy/bin/../lib/gcc/arm-none-eabi/11.3.1/thumb/v7e-m+dp/hard\libc.a(libc_a-assert.o)
                0x00007048                __assert_func
 .text._calloc_r
                0x00007088       0x78 c:/users/james/.platformio/packages/toolchain-gccarmnoneeabi-teensy/bin/../lib/gcc/arm-none-eabi/11.3.1/thumb/v7e-m+dp/hard\libc.a(libc_a-callocr.o)
                0x00007088                _calloc_r
 .text.quorem   0x00007100      0x128 c:/users/james/.platformio/packages/toolchain-gccarmnoneeabi-teensy/bin/../lib/gcc/arm-none-eabi/11.3.1/thumb/v7e-m+dp/hard\libc.a(libc_a-dtoa.o)
 .text._dtoa_r  0x00007228      0xcec c:/users/james/.platformio/packages/toolchain-gccarmnoneeabi-teensy/bin/../lib/gcc/arm-none-eabi/11.3.1/thumb/v7e-m+dp/hard\libc.a(libc_a-dtoa.o)
                0x00007228                _dtoa_r
 .text._wcrtomb_r
                0x00007f14       0x4c c:/users/james/.platformio/packages/toolchain-gccarmnoneeabi-teensy/bin/../lib/gcc/arm-none-eabi/11.3.1/thumb/v7e-m+dp/hard\libc.a(libc_a-wcrtomb.o)
                0x00007f14                _wcrtomb_r
 .text._wcsrtombs_r
                0x00007f60       0x18 c:/users/james/.platformio/packages/toolchain-gccarmnoneeabi-teensy/bin/../lib/gcc/arm-none-eabi/11.3.1/thumb/v7e-m+dp/hard\libc.a(libc_a-wcsrtombs.o)
                0x00007f60                _wcsrtombs_r
 .text.fiprintf
                0x00007f78       0x28 c:/users/james/.platformio/packages/toolchain-gccarmnoneeabi-teensy/bin/../lib/gcc/arm-none-eabi/11.3.1/thumb/v7e-m+dp/hard\libc.a(libc_a-fiprintf.o)
                0x00007f78                fiprintf
 .text.__ssprint_r
                0x00007fa0      0x100 c:/users/james/.platformio/packages/toolchain-gccarmnoneeabi-teensy/bin/../lib/gcc/arm-none-eabi/11.3.1/thumb/v7e-m+dp/hard\libc.a(libc_a-svfiprintf.o)
                0x00007fa0                __ssprint_r
 .text.__sprint_r.part.0
                0x000080a0       0x78 c:/users/james/.platformio/packages/toolchain-gccarmnoneeabi-teensy/bin/../lib/gcc/arm-none-eabi/11.3.1/thumb/v7e-m+dp/hard\libc.a(libc_a-vfiprintf.o)
 .text._vfiprintf_r
                0x00008118      0xf8c c:/users/james/.platformio/packages/toolchain-gccarmnoneeabi-teensy/bin/../lib/gcc/arm-none-eabi/11.3.1/thumb/v7e-m+dp/hard\libc.a(libc_a-vfiprintf.o)
                0x00008118                _vfiprintf_r
 .text.__sbprintf
                0x000090a4       0x80 c:/users/james/.platformio/packages/toolchain-gccarmnoneeabi-teensy/bin/../lib/gcc/arm-none-eabi/11.3.1/thumb/v7e-m+dp/hard\libc.a(libc_a-vfiprintf.o)
 .text.__sfvwrite_r
                0x00009124      0x2f4 c:/users/james/.platformio/packages/toolchain-gccarmnoneeabi-teensy/bin/../lib/gcc/arm-none-eabi/11.3.1/thumb/v7e-m+dp/hard\libc.a(libc_a-fvwrite.o)
                0x00009124                __sfvwrite_r
 .text.__swsetup_r
                0x00009418       0xcc c:/users/james/.platformio/packages/toolchain-gccarmnoneeabi-teensy/bin/../lib/gcc/arm-none-eabi/11.3.1/thumb/v7e-m+dp/hard\libc.a(libc_a-wsetup.o)
                0x00009418                __swsetup_r
 .text.__fputwc
                0x000094e4       0xac c:/users/james/.platformio/packages/toolchain-gccarmnoneeabi-teensy/bin/../lib/gcc/arm-none-eabi/11.3.1/thumb/v7e-m+dp/hard\libc.a(libc_a-fputwc.o)
                0x000094e4                __fputwc
 .text._fputwc_r
                0x00009590       0x68 c:/users/james/.platformio/packages/toolchain-gccarmnoneeabi-teensy/bin/../lib/gcc/arm-none-eabi/11.3.1/thumb/v7e-m+dp/hard\libc.a(libc_a-fputwc.o)
                0x00009590                _fputwc_r
 .text._wcsnrtombs_l
                0x000095f8      0x108 c:/users/james/.platformio/packages/toolchain-gccarmnoneeabi-teensy/bin/../lib/gcc/arm-none-eabi/11.3.1/thumb/v7e-m+dp/hard\libc.a(libc_a-wcsnrtombs.o)
                0x000095f8                _wcsnrtombs_l
 .text._wcsnrtombs_r
                0x00009700       0x24 c:/users/james/.platformio/packages/toolchain-gccarmnoneeabi-teensy/bin/../lib/gcc/arm-none-eabi/11.3.1/thumb/v7e-m+dp/hard\libc.a(libc_a-wcsnrtombs.o)
                0x00009700                _wcsnrtombs_r
 .text.__smakebuf_r
                0x00009724       0xd8 c:/users/james/.platformio/packages/toolchain-gccarmnoneeabi-teensy/bin/../lib/gcc/arm-none-eabi/11.3.1/thumb/v7e-m+dp/hard\libc.a(libc_a-makebuf.o)
                0x00009724                __smakebuf_r
 .text.__swbuf_r
                0x000097fc       0xb0 c:/users/james/.platformio/packages/toolchain-gccarmnoneeabi-teensy/bin/../lib/gcc/arm-none-eabi/11.3.1/thumb/v7e-m+dp/hard\libc.a(libc_a-wbuf.o)
                0x000097fc                __swbuf_r
 .text._fstat_r
                0x000098ac       0x2c c:/users/james/.platformio/packages/toolchain-gccarmnoneeabi-teensy/bin/../lib/gcc/arm-none-eabi/11.3.1/thumb/v7e-m+dp/hard\libc.a(libc_a-fstatr.o)
                0x000098ac                _fstat_r
 .text._isatty_r
                0x000098d8       0x24 c:/users/james/.platformio/packages/toolchain-gccarmnoneeabi-teensy/bin/../lib/gcc/arm-none-eabi/11.3.1/thumb/v7e-m+dp/hard\libc.a(libc_a-isattyr.o)
                0x000098d8                _isatty_r
 *fill*         0x000098fc        0x4 
 .text._isatty_r.__stub
                0x00009900       0x18 linker stubs
                0x00009920                . = ALIGN (0x10)
 *fill*         0x00009918        0x8 

.glue_7         0x00009920        0x0 load address 0x6000fc2c
 .glue_7        0x00009920        0x0 linker stubs

.glue_7t        0x00009920        0x0 load address 0x6000fc2c
 .glue_7t       0x00009920        0x0 linker stubs

.vfp11_veneer   0x00009920        0x0 load address 0x6000fc2c
 .vfp11_veneer  0x00009920        0x0 linker stubs

.v4_bx          0x00009920        0x0 load address 0x6000fc2c
 .v4_bx         0x00009920        0x0 linker stubs

.fini           0x00009920        0x4 load address 0x6000fc2c
 .fini          0x00009920        0x4 c:/users/james/.platformio/packages/toolchain-gccarmnoneeabi-teensy/bin/../lib/gcc/arm-none-eabi/11.3.1/thumb/v7e-m+dp/hard/crti.o
                0x00009920                _fini

.iplt           0x00009924        0x0 load address 0x6000fc30
 .iplt          0x00009924        0x0 c:/users/james/.platformio/packages/toolchain-gccarmnoneeabi-teensy/bin/../lib/gcc/arm-none-eabi/11.3.1/thumb/v7e-m+dp/hard/crtbegin.o

.ARM.exidx      0x00009924        0x8 load address 0x6000fc30
                0x00009924                __exidx_start = .
 *(.ARM.exidx* .ARM.extab.text* .gnu.linkonce.armexidx.*)
 .ARM.exidx.text.__aeabi_atexit
                0x00009924        0x8 c:/users/james/.platformio/packages/toolchain-gccarmnoneeabi-teensy/bin/../lib/gcc/arm-none-eabi/11.3.1/thumb/v7e-m+dp/hard\libstdc++.a(atexit_arm.o)
                0x0000992c                __exidx_end = .

.data           0x20000000     0x22c0 load address 0x6000fc38
 *(.endpoint_queue)
 .endpoint_queue
                0x20000000      0x300 .pio\build\teensy41\libFrameworkArduino.a(usb.c.o)
                0x20000000                endpoint_queue_head
 *(SORT_BY_ALIGNMENT(SORT_BY_NAME(.rodata*)))
 .rodata.__mprec_bigtens
                0x20000300       0x28 c:/users/james/.platformio/packages/toolchain-gccarmnoneeabi-teensy/bin/../lib/gcc/arm-none-eabi/11.3.1/thumb/v7e-m+dp/hard\libc.a(libc_a-mprec.o)
                0x20000300                __mprec_bigtens
 .rodata.__mprec_tens
                0x20000328       0xc8 c:/users/james/.platformio/packages/toolchain-gccarmnoneeabi-teensy/bin/../lib/gcc/arm-none-eabi/11.3.1/thumb/v7e-m+dp/hard\libc.a(libc_a-mprec.o)
                0x20000328                __mprec_tens
 .rodata._Z12handlePacketR6ParserILj8388608EE.str1.4
                0x200003f0       0x4f .pio\build\teensy41\src\main.cpp.o
 *fill*         0x2000043f        0x1 
 .rodata._Z6Rebootm.str1.4
                0x20000440       0x33 .pio\build\teensy41\src\main.cpp.o
 *fill*         0x20000473        0x1 
 .rodata._Z7ticktokv.str1.4
                0x20000474       0x55 .pio\build\teensy41\src\main.cpp.o
 *fill*         0x200004c9        0x3 
 .rodata._ZN5Print10printFloatEdh.str1.4
                0x200004cc        0xc .pio\build\teensy41\libFrameworkArduino.a(Print.cpp.o)
 .rodata._ZN6ParserILj8388608EE5parseEv.str1.4
                0x200004d8      0x129 .pio\build\teensy41\src\main.cpp.o
 *fill*         0x20000601        0x3 
 .rodata._ZN6teensy23inplace_function_detail12empty_vtableIvJEEE
                0x20000604       0x10 .pio\build\teensy41\libFrameworkArduino.a(IntervalTimer.cpp.o)
                0x20000604                teensy::inplace_function_detail::empty_vtable<void>
 .rodata._ZTV16CrashReportClass
                0x20000614        0xc .pio\build\teensy41\libFrameworkArduino.a(CrashReport.cpp.o)
                0x20000614                vtable for CrashReportClass
 .rodata._ZTV16usb_serial_class
                0x20000620       0x28 .pio\build\teensy41\libFrameworkArduino.a(usb_inst.cpp.o)
                0x20000620                vtable for usb_serial_class
 .rodata._ZTV17usb_serial2_class
                0x20000648       0x28 .pio\build\teensy41\libFrameworkArduino.a(usb_inst.cpp.o)
                0x20000648                vtable for usb_serial2_class
 .rodata._ZZN6teensy16inplace_functionIFvvELj16ELj8EEC4IRS1_PS1_vEEOT_E2vt
                0x20000670       0x10 .pio\build\teensy41\src\main.cpp.o
                0x20000670                teensy::inplace_function<void (), 16u, 8u>::inplace_function<void (&)(), void (*)(), void>(void (&)())::vt
 .rodata.__assert_func.str1.4
                0x20000680       0x3f c:/users/james/.platformio/packages/toolchain-gccarmnoneeabi-teensy/bin/../lib/gcc/arm-none-eabi/11.3.1/thumb/v7e-m+dp/hard\libc.a(libc_a-assert.o)
                                 0x43 (size before relaxing)
 *fill*         0x200006bf        0x1 
 .rodata.__multadd.str1.4
                0x200006c0       0x6e c:/users/james/.platformio/packages/toolchain-gccarmnoneeabi-teensy/bin/../lib/gcc/arm-none-eabi/11.3.1/thumb/v7e-m+dp/hard\libc.a(libc_a-mprec.o)
 *fill*         0x2000072e        0x2 
 .rodata.__utoa.str1.4
                0x20000730       0x25 c:/users/james/.platformio/packages/toolchain-gccarmnoneeabi-teensy/bin/../lib/gcc/arm-none-eabi/11.3.1/thumb/v7e-m+dp/hard\libc.a(libc_a-utoa.o)
 *fill*         0x20000755        0x3 
 .rodata._ctype_
                0x20000758      0x101 c:/users/james/.platformio/packages/toolchain-gccarmnoneeabi-teensy/bin/../lib/gcc/arm-none-eabi/11.3.1/thumb/v7e-m+dp/hard\libc.a(libc_a-ctype_.o)
                0x20000758                _ctype_
 *fill*         0x20000859        0x3 
 .rodata._dtoa_r.str1.4
                0x2000085c       0x69 c:/users/james/.platformio/packages/toolchain-gccarmnoneeabi-teensy/bin/../lib/gcc/arm-none-eabi/11.3.1/thumb/v7e-m+dp/hard\libc.a(libc_a-dtoa.o)
                                 0x81 (size before relaxing)
 *fill*         0x200008c5        0x3 
 .rodata._svfprintf_r.str1.4
                0x200008c8       0x3a c:/users/james/.platformio/packages/toolchain-gccarmnoneeabi-teensy/bin/../lib/gcc/arm-none-eabi/11.3.1/thumb/v7e-m+dp/hard\libc.a(libc_a-svfprintf.o)
                                 0x42 (size before relaxing)
 .rodata._vfiprintf_r.str1.4
                0x20000902       0x2f c:/users/james/.platformio/packages/toolchain-gccarmnoneeabi-teensy/bin/../lib/gcc/arm-none-eabi/11.3.1/thumb/v7e-m+dp/hard\libc.a(libc_a-vfiprintf.o)
 *fill*         0x20000902        0x2 
 .rodata.blanks.1
                0x20000904       0x10 c:/users/james/.platformio/packages/toolchain-gccarmnoneeabi-teensy/bin/../lib/gcc/arm-none-eabi/11.3.1/thumb/v7e-m+dp/hard\libc.a(libc_a-svfprintf.o)
 .rodata.blanks.1
                0x20000914       0x10 c:/users/james/.platformio/packages/toolchain-gccarmnoneeabi-teensy/bin/../lib/gcc/arm-none-eabi/11.3.1/thumb/v7e-m+dp/hard\libc.a(libc_a-vfiprintf.o)
 .rodata.digital_pin_to_info_PGM
                0x20000924      0x370 .pio\build\teensy41\libFrameworkArduino.a(digital.c.o)
                0x20000924                digital_pin_to_info_PGM
 .rodata.p05.0  0x20000c94        0xc c:/users/james/.platformio/packages/toolchain-gccarmnoneeabi-teensy/bin/../lib/gcc/arm-none-eabi/11.3.1/thumb/v7e-m+dp/hard\libc.a(libc_a-mprec.o)
 .rodata.setup.str1.4
                0x20000ca0       0x46 .pio\build\teensy41\src\main.cpp.o
 *fill*         0x20000ce6        0x2 
 .rodata.str1.4
                0x20000ce8      0x8a9 .pio\build\teensy41\libFrameworkArduino.a(CrashReport.cpp.o)
                                0x8ae (size before relaxing)
 *fill*         0x20001591        0x3 
 .rodata.str1.4
                0x20001594       0x44 c:/users/james/.platformio/packages/toolchain-gccarmnoneeabi-teensy/bin/../lib/gcc/arm-none-eabi/11.3.1/thumb/v7e-m+dp/hard\libc.a(libc_a-locale.o)
                                 0x4c (size before relaxing)
 .rodata.usb_descriptor_list
                0x200015d8       0x6c .pio\build\teensy41\libFrameworkArduino.a(usb_desc.c.o)
                0x200015d8                usb_descriptor_list
 .rodata.zeroes.0
                0x20001644       0x10 c:/users/james/.platformio/packages/toolchain-gccarmnoneeabi-teensy/bin/../lib/gcc/arm-none-eabi/11.3.1/thumb/v7e-m+dp/hard\libc.a(libc_a-svfprintf.o)
 .rodata.zeroes.0
                0x20001654       0x10 c:/users/james/.platformio/packages/toolchain-gccarmnoneeabi-teensy/bin/../lib/gcc/arm-none-eabi/11.3.1/thumb/v7e-m+dp/hard\libc.a(libc_a-vfiprintf.o)
 .rodata._ZN6String15zeroterminationE
                0x20001664        0x1 .pio\build\teensy41\libFrameworkArduino.a(WString.cpp.o)
                0x20001664                String::zerotermination
 *(SORT_BY_ALIGNMENT(SORT_BY_NAME(.data*)))
 *fill*         0x20001665        0x3 
 .data._impure_data
                0x20001668      0x120 c:/users/james/.platformio/packages/toolchain-gccarmnoneeabi-teensy/bin/../lib/gcc/arm-none-eabi/11.3.1/thumb/v7e-m+dp/hard\libc.a(libc_a-impure.o)
                0x20001668                _impure_data
 .data.CrashReport
                0x20001788        0x4 .pio\build\teensy41\libFrameworkArduino.a(CrashReport.cpp.o)
                0x20001788                CrashReport
 .data.F_BUS_ACTUAL
                0x2000178c        0x4 .pio\build\teensy41\libFrameworkArduino.a(clockspeed.c.o)
                0x2000178c                F_BUS_ACTUAL
 .data.F_CPU_ACTUAL
                0x20001790        0x4 .pio\build\teensy41\libFrameworkArduino.a(clockspeed.c.o)
                0x20001790                F_CPU_ACTUAL
 .data.Serial   0x20001794       0x10 .pio\build\teensy41\libFrameworkArduino.a(usb_inst.cpp.o)
                0x20001794                Serial
 .data.SerialUSB1
                0x200017a4       0x10 .pio\build\teensy41\libFrameworkArduino.a(usb_inst.cpp.o)
                0x200017a4                SerialUSB1
 .data.TickTock
                0x200017b4        0x8 .pio\build\teensy41\src\main.cpp.o
                0x200017b4                TickTock
 .data._ZN13IntervalTimer14nvic_prioritesE
                0x200017bc        0x4 .pio\build\teensy41\libFrameworkArduino.a(IntervalTimer.cpp.o)
                0x200017bc                IntervalTimer::nvic_priorites
 .data.__atexit_recursive_mutex
                0x200017c0        0x4 c:/users/james/.platformio/packages/toolchain-gccarmnoneeabi-teensy/bin/../lib/gcc/arm-none-eabi/11.3.1/thumb/v7e-m+dp/hard\libc.a(libc_a-__call_atexit.o)
                0x200017c0                __atexit_recursive_mutex
 .data.__brkval
                0x200017c4        0x4 .pio\build\teensy41\libFrameworkArduino.a(startup.c.o)
                0x200017c4                __brkval
 .data.__dso_handle
                0x200017c8        0x4 c:/users/james/.platformio/packages/toolchain-gccarmnoneeabi-teensy/bin/../lib/gcc/arm-none-eabi/11.3.1/thumb/v7e-m+dp/hard/crtbegin.o
                0x200017c8                __dso_handle
 .data.__global_locale
                0x200017cc      0x16c c:/users/james/.platformio/packages/toolchain-gccarmnoneeabi-teensy/bin/../lib/gcc/arm-none-eabi/11.3.1/thumb/v7e-m+dp/hard\libc.a(libc_a-locale.o)
                0x200017cc                __global_locale
 .data.__malloc_av_
                0x20001938      0x408 c:/users/james/.platformio/packages/toolchain-gccarmnoneeabi-teensy/bin/../lib/gcc/arm-none-eabi/11.3.1/thumb/v7e-m+dp/hard\libc.a(libc_a-mallocr.o)
                0x20001938                __malloc_av_
 .data.__malloc_sbrk_base
                0x20001d40        0x4 c:/users/james/.platformio/packages/toolchain-gccarmnoneeabi-teensy/bin/../lib/gcc/arm-none-eabi/11.3.1/thumb/v7e-m+dp/hard\libc.a(libc_a-mallocr.o)
                0x20001d40                __malloc_sbrk_base
 .data.__malloc_trim_threshold
                0x20001d44        0x4 c:/users/james/.platformio/packages/toolchain-gccarmnoneeabi-teensy/bin/../lib/gcc/arm-none-eabi/11.3.1/thumb/v7e-m+dp/hard\libc.a(libc_a-mallocr.o)
                0x20001d44                __malloc_trim_threshold
 .data.__sglue  0x20001d48        0xc c:/users/james/.platformio/packages/toolchain-gccarmnoneeabi-teensy/bin/../lib/gcc/arm-none-eabi/11.3.1/thumb/v7e-m+dp/hard\libc.a(libc_a-findfp.o)
                0x20001d48                __sglue
 .data._impure_ptr
                0x20001d54        0x4 c:/users/james/.platformio/packages/toolchain-gccarmnoneeabi-teensy/bin/../lib/gcc/arm-none-eabi/11.3.1/thumb/v7e-m+dp/hard\libc.a(libc_a-impure.o)
                0x20001d54                _impure_ptr
 .data.device_descriptor
                0x20001d58       0x12 .pio\build\teensy41\libFrameworkArduino.a(usb_desc.c.o)
 *fill*         0x20001d6a        0x2 
 .data.usb_string_serial_number_default
                0x20001d6c       0x16 .pio\build\teensy41\libFrameworkArduino.a(usb_desc.c.o)
                0x20001d6c                usb_string_serial_number
                0x20001d6c                usb_string_serial_number_default
 *(.vectorsram)
 *fill*         0x20001d82      0x27e 
 .vectorsram    0x20002000      0x2c0 .pio\build\teensy41\libFrameworkArduino.a(startup.c.o)
                0x20002000                _VectorsRam

.tm_clone_table
                0x200022c0        0x0 load address 0x60011ef8
 .tm_clone_table
                0x200022c0        0x0 c:/users/james/.platformio/packages/toolchain-gccarmnoneeabi-teensy/bin/../lib/gcc/arm-none-eabi/11.3.1/thumb/v7e-m+dp/hard/crtbegin.o
 .tm_clone_table
                0x200022c0        0x0 c:/users/james/.platformio/packages/toolchain-gccarmnoneeabi-teensy/bin/../lib/gcc/arm-none-eabi/11.3.1/thumb/v7e-m+dp/hard/crtend.o

.igot.plt       0x200022c0        0x0 load address 0x60011ef8
 .igot.plt      0x200022c0        0x0 c:/users/james/.platformio/packages/toolchain-gccarmnoneeabi-teensy/bin/../lib/gcc/arm-none-eabi/11.3.1/thumb/v7e-m+dp/hard/crtbegin.o

.bss            0x200022c0      0xc80
 *(SORT_BY_ALIGNMENT(SORT_BY_NAME(.bss*)))
 .bss._ZL11funct_table
                0x200022c0       0x60 .pio\build\teensy41\libFrameworkArduino.a(IntervalTimer.cpp.o)
 .bss.endpoint0_transfer_ack
                0x20002320       0x20 .pio\build\teensy41\libFrameworkArduino.a(usb.c.o)
                0x20002320                endpoint0_transfer_ack
 .bss.endpoint0_transfer_data
                0x20002340       0x20 .pio\build\teensy41\libFrameworkArduino.a(usb.c.o)
                0x20002340                endpoint0_transfer_data
 .bss.rx_transfer
                0x20002360      0x100 .pio\build\teensy41\libFrameworkArduino.a(usb_serial.c.o)
 .bss.rx_transfer
                0x20002460      0x100 .pio\build\teensy41\libFrameworkArduino.a(usb_serial2.c.o)
 .bss.tx_transfer
                0x20002560       0x80 .pio\build\teensy41\libFrameworkArduino.a(usb_serial.c.o)
 .bss.tx_transfer
                0x200025e0       0x80 .pio\build\teensy41\libFrameworkArduino.a(usb_serial2.c.o)
 .bss.endpoint0_setupdata
                0x20002660        0x8 .pio\build\teensy41\libFrameworkArduino.a(usb.c.o)
 .bss._ZN14EventResponder10firstYieldE
                0x20002668        0x4 .pio\build\teensy41\libFrameworkArduino.a(EventResponder.cpp.o)
                0x20002668                EventResponder::firstYield
 .bss._ZN14EventResponder13lastInterruptE
                0x2000266c        0x4 .pio\build\teensy41\libFrameworkArduino.a(EventResponder.cpp.o)
                0x2000266c                EventResponder::lastInterrupt
 .bss._ZN14EventResponder14firstInterruptE
                0x20002670        0x4 .pio\build\teensy41\libFrameworkArduino.a(EventResponder.cpp.o)
                0x20002670                EventResponder::firstInterrupt
 .bss._ZN14EventResponder9lastYieldE
                0x20002674        0x4 .pio\build\teensy41\libFrameworkArduino.a(EventResponder.cpp.o)
                0x20002674                EventResponder::lastYield
 .bss._ZN19HardwareSerialIMXRT28s_serials_with_serial_eventsE
                0x20002678       0x20 .pio\build\teensy41\libFrameworkArduino.a(HardwareSerial.cpp.o)
                0x20002678                HardwareSerialIMXRT::s_serials_with_serial_events
 .bss._ZZ10sendPacketI16usb_serial_classEvRT_mmhhPKhE3crc
                0x20002698        0x4 .pio\build\teensy41\src\main.cpp.o
                0x20002698                sendPacket<usb_serial_class>(usb_serial_class&, unsigned long, unsigned long, unsigned char, unsigned char, unsigned char const*)::crc
 .bss._ZZ10sendPacketI16usb_serial_classEvRT_mmhhPKhE5index
                0x2000269c        0x4 .pio\build\teensy41\src\main.cpp.o
                0x2000269c                sendPacket<usb_serial_class>(usb_serial_class&, unsigned long, unsigned long, unsigned char, unsigned char, unsigned char const*)::index
 .bss._ZZ10sendPacketI16usb_serial_classEvRT_mmhhPKhE9packetLen
                0x200026a0        0x4 .pio\build\teensy41\src\main.cpp.o
                0x200026a0                sendPacket<usb_serial_class>(usb_serial_class&, unsigned long, unsigned long, unsigned char, unsigned char, unsigned char const*)::packetLen
 .bss._ZZ4waitmE5start
                0x200026a4        0x4 .pio\build\teensy41\src\main.cpp.o
 .bss._ZZ7logInfoI16usb_serial_classEvRT_PKczE3msg
                0x200026a8      0x400 .pio\build\teensy41\src\main.cpp.o
                0x200026a8                logInfo<usb_serial_class>(usb_serial_class&, char const*, ...)::msg
 .bss._ZZ7ticktokvE9tickCount
                0x20002aa8        0x4 .pio\build\teensy41\src\main.cpp.o
 .bss.__atexit  0x20002aac        0x4 c:/users/james/.platformio/packages/toolchain-gccarmnoneeabi-teensy/bin/../lib/gcc/arm-none-eabi/11.3.1/thumb/v7e-m+dp/hard\libc.a(libc_a-__call_atexit.o)
                0x20002aac                __atexit
 .bss.__atexit0
                0x20002ab0      0x190 c:/users/james/.platformio/packages/toolchain-gccarmnoneeabi-teensy/bin/../lib/gcc/arm-none-eabi/11.3.1/thumb/v7e-m+dp/hard\libc.a(libc_a-__atexit.o)
                0x20002ab0                __atexit0
 .bss.__lock___atexit_recursive_mutex
                0x20002c40        0x1 c:/users/james/.platformio/packages/toolchain-gccarmnoneeabi-teensy/bin/../lib/gcc/arm-none-eabi/11.3.1/thumb/v7e-m+dp/hard\libc.a(libc_a-lock.o)
                0x20002c40                __lock___atexit_recursive_mutex
 *fill*         0x20002c41        0x3 
 .bss.__lock___malloc_recursive_mutex
                0x20002c44        0x1 c:/users/james/.platformio/packages/toolchain-gccarmnoneeabi-teensy/bin/../lib/gcc/arm-none-eabi/11.3.1/thumb/v7e-m+dp/hard\libc.a(libc_a-lock.o)
                0x20002c44                __lock___malloc_recursive_mutex
 *fill*         0x20002c45        0x3 
 .bss.__lock___sfp_recursive_mutex
                0x20002c48        0x1 c:/users/james/.platformio/packages/toolchain-gccarmnoneeabi-teensy/bin/../lib/gcc/arm-none-eabi/11.3.1/thumb/v7e-m+dp/hard\libc.a(libc_a-lock.o)
                0x20002c48                __lock___sfp_recursive_mutex
 *fill*         0x20002c49        0x3 
 .bss.__malloc_current_mallinfo
                0x20002c4c       0x28 c:/users/james/.platformio/packages/toolchain-gccarmnoneeabi-teensy/bin/../lib/gcc/arm-none-eabi/11.3.1/thumb/v7e-m+dp/hard\libc.a(libc_a-mallocr.o)
                0x20002c4c                __malloc_current_mallinfo
 .bss.__malloc_max_sbrked_mem
                0x20002c74        0x4 c:/users/james/.platformio/packages/toolchain-gccarmnoneeabi-teensy/bin/../lib/gcc/arm-none-eabi/11.3.1/thumb/v7e-m+dp/hard\libc.a(libc_a-mallocr.o)
                0x20002c74                __malloc_max_sbrked_mem
 .bss.__malloc_max_total_mem
                0x20002c78        0x4 c:/users/james/.platformio/packages/toolchain-gccarmnoneeabi-teensy/bin/../lib/gcc/arm-none-eabi/11.3.1/thumb/v7e-m+dp/hard\libc.a(libc_a-mallocr.o)
                0x20002c78                __malloc_max_total_mem
 .bss.__malloc_top_pad
                0x20002c7c        0x4 c:/users/james/.platformio/packages/toolchain-gccarmnoneeabi-teensy/bin/../lib/gcc/arm-none-eabi/11.3.1/thumb/v7e-m+dp/hard\libc.a(libc_a-mallocr.o)
                0x20002c7c                __malloc_top_pad
 .bss.__sf      0x20002c80      0x138 c:/users/james/.platformio/packages/toolchain-gccarmnoneeabi-teensy/bin/../lib/gcc/arm-none-eabi/11.3.1/thumb/v7e-m+dp/hard\libc.a(libc_a-findfp.o)
                0x20002c80                __sf
 .bss.__stdio_exit_handler
                0x20002db8        0x4 c:/users/james/.platformio/packages/toolchain-gccarmnoneeabi-teensy/bin/../lib/gcc/arm-none-eabi/11.3.1/thumb/v7e-m+dp/hard\libc.a(libc_a-findfp.o)
                0x20002db8                __stdio_exit_handler
 .bss.arrayLength
                0x20002dbc        0x4 .pio\build\teensy41\src\main.cpp.o
                0x20002dbc                arrayLength
 .bss.endpoint0_buffer
                0x20002dc0        0x8 .pio\build\teensy41\libFrameworkArduino.a(usb.c.o)
 .bss.endpoint0_notify_mask
                0x20002dc8        0x4 .pio\build\teensy41\libFrameworkArduino.a(usb.c.o)
 .bss.endpointN_notify_mask
                0x20002dcc        0x4 .pio\build\teensy41\libFrameworkArduino.a(usb.c.o)
 .bss.errno     0x20002dd0        0x4 c:/users/james/.platformio/packages/toolchain-gccarmnoneeabi-teensy/bin/../lib/gcc/arm-none-eabi/11.3.1/thumb/v7e-m+dp/hard\libc.a(libc_a-reent.o)
                0x20002dd0                errno
 .bss.extmem_smalloc_pool
                0x20002dd4       0x10 .pio\build\teensy41\libFrameworkArduino.a(startup.c.o)
                0x20002dd4                extmem_smalloc_pool
 .bss.mcrc32    0x20002de4        0x4 .pio\build\teensy41\src\main.cpp.o
                0x20002de4                mcrc32
 .bss.object.0  0x20002de8       0x18 c:/users/james/.platformio/packages/toolchain-gccarmnoneeabi-teensy/bin/../lib/gcc/arm-none-eabi/11.3.1/thumb/v7e-m+dp/hard/crtbegin.o
 .bss.parser    0x20002e00       0x40 .pio\build\teensy41\src\main.cpp.o
                0x20002e00                parser
 .bss.reply_buffer
                0x20002e40        0x8 .pio\build\teensy41\libFrameworkArduino.a(usb.c.o)
 .bss.rx_available
                0x20002e48        0x4 .pio\build\teensy41\libFrameworkArduino.a(usb_serial.c.o)
 .bss.rx_available
                0x20002e4c        0x4 .pio\build\teensy41\libFrameworkArduino.a(usb_serial2.c.o)
 .bss.rx_count  0x20002e50       0x10 .pio\build\teensy41\libFrameworkArduino.a(usb_serial.c.o)
 .bss.rx_count  0x20002e60       0x10 .pio\build\teensy41\libFrameworkArduino.a(usb_serial2.c.o)
 .bss.rx_index  0x20002e70       0x10 .pio\build\teensy41\libFrameworkArduino.a(usb_serial.c.o)
 .bss.rx_index  0x20002e80       0x10 .pio\build\teensy41\libFrameworkArduino.a(usb_serial2.c.o)
 .bss.rx_list   0x20002e90        0x9 .pio\build\teensy41\libFrameworkArduino.a(usb_serial.c.o)
 *fill*         0x20002e99        0x3 
 .bss.rx_list   0x20002e9c        0x9 .pio\build\teensy41\libFrameworkArduino.a(usb_serial2.c.o)
 *fill*         0x20002ea5        0x3 
 .bss.s_hotCount
                0x20002ea8        0x4 .pio\build\teensy41\libFrameworkArduino.a(tempmon.c.o)
 .bss.s_hotTemp
                0x20002eac        0x4 .pio\build\teensy41\libFrameworkArduino.a(tempmon.c.o)
 .bss.s_hot_ROOM
                0x20002eb0        0x4 .pio\build\teensy41\libFrameworkArduino.a(tempmon.c.o)
 .bss.s_roomC_hotC
                0x20002eb4        0x4 .pio\build\teensy41\libFrameworkArduino.a(tempmon.c.o)
 .bss.scale_cpu_cycles_to_microseconds
                0x20002eb8        0x4 .pio\build\teensy41\libFrameworkArduino.a(delay.c.o)
                0x20002eb8                scale_cpu_cycles_to_microseconds
 .bss.systick_cycle_count
                0x20002ebc        0x4 .pio\build\teensy41\libFrameworkArduino.a(delay.c.o)
                0x20002ebc                systick_cycle_count
 .bss.systick_millis_count
                0x20002ec0        0x4 .pio\build\teensy41\libFrameworkArduino.a(delay.c.o)
                0x20002ec0                systick_millis_count
 .bss.systick_safe_read
                0x20002ec4        0x4 .pio\build\teensy41\libFrameworkArduino.a(delay.c.o)
                0x20002ec4                systick_safe_read
 .bss.usb_cdc2_line_coding
                0x20002ec8        0x8 .pio\build\teensy41\libFrameworkArduino.a(usb_serial2.c.o)
                0x20002ec8                usb_cdc2_line_coding
 .bss.usb_cdc2_line_rtsdtr_millis
                0x20002ed0        0x4 .pio\build\teensy41\libFrameworkArduino.a(usb_serial2.c.o)
                0x20002ed0                usb_cdc2_line_rtsdtr_millis
 .bss.usb_cdc_line_coding
                0x20002ed4        0x8 .pio\build\teensy41\libFrameworkArduino.a(usb_serial.c.o)
                0x20002ed4                usb_cdc_line_coding
 .bss.usb_cdc_line_rtsdtr_millis
                0x20002edc        0x4 .pio\build\teensy41\libFrameworkArduino.a(usb_serial.c.o)
                0x20002edc                usb_cdc_line_rtsdtr_millis
 .bss.usb_timer0_callback
                0x20002ee0        0x4 .pio\build\teensy41\libFrameworkArduino.a(usb.c.o)
                0x20002ee0                usb_timer0_callback
 .bss.usb_timer1_callback
                0x20002ee4        0x4 .pio\build\teensy41\libFrameworkArduino.a(usb.c.o)
                0x20002ee4                usb_timer1_callback
 .bss.rx_packet_size
                0x20002ee8        0x2 .pio\build\teensy41\libFrameworkArduino.a(usb_serial.c.o)
 .bss.rx_packet_size
                0x20002eea        0x2 .pio\build\teensy41\libFrameworkArduino.a(usb_serial2.c.o)
 .bss.tx_available
                0x20002eec        0x2 .pio\build\teensy41\libFrameworkArduino.a(usb_serial.c.o)
 .bss.tx_available
                0x20002eee        0x2 .pio\build\teensy41\libFrameworkArduino.a(usb_serial2.c.o)
 .bss.tx_packet_size
                0x20002ef0        0x2 .pio\build\teensy41\libFrameworkArduino.a(usb_serial.c.o)
 .bss.tx_packet_size
                0x20002ef2        0x2 .pio\build\teensy41\libFrameworkArduino.a(usb_serial2.c.o)
 .bss._ZN14EventResponder16runningFromYieldE
                0x20002ef4        0x1 .pio\build\teensy41\libFrameworkArduino.a(EventResponder.cpp.o)
                0x20002ef4                EventResponder::runningFromYield
 .bss._ZN19HardwareSerialIMXRT34s_count_serials_with_serial_eventsE
                0x20002ef5        0x1 .pio\build\teensy41\libFrameworkArduino.a(HardwareSerial.cpp.o)
                0x20002ef5                HardwareSerialIMXRT::s_count_serials_with_serial_events
 .bss._ZZ5yieldE7running
                0x20002ef6        0x1 .pio\build\teensy41\libFrameworkArduino.a(yield.cpp.o)
 .bss.calibrating
                0x20002ef7        0x1 .pio\build\teensy41\libFrameworkArduino.a(analog.c.o)
 .bss.external_psram_size
                0x20002ef8        0x1 .pio\build\teensy41\libFrameworkArduino.a(startup.c.o)
                0x20002ef8                external_psram_size
 .bss.rx_head   0x20002ef9        0x1 .pio\build\teensy41\libFrameworkArduino.a(usb_serial.c.o)
 .bss.rx_head   0x20002efa        0x1 .pio\build\teensy41\libFrameworkArduino.a(usb_serial2.c.o)
 .bss.rx_tail   0x20002efb        0x1 .pio\build\teensy41\libFrameworkArduino.a(usb_serial.c.o)
 .bss.rx_tail   0x20002efc        0x1 .pio\build\teensy41\libFrameworkArduino.a(usb_serial2.c.o)
 .bss.sof_usage
                0x20002efd        0x1 .pio\build\teensy41\libFrameworkArduino.a(usb.c.o)
 .bss.transmit_previous_timeout
                0x20002efe        0x1 .pio\build\teensy41\libFrameworkArduino.a(usb_serial.c.o)
 .bss.transmit_previous_timeout
                0x20002eff        0x1 .pio\build\teensy41\libFrameworkArduino.a(usb_serial2.c.o)
 .bss.tx_head   0x20002f00        0x1 .pio\build\teensy41\libFrameworkArduino.a(usb_serial.c.o)
 .bss.tx_head   0x20002f01        0x1 .pio\build\teensy41\libFrameworkArduino.a(usb_serial2.c.o)
 .bss.tx_noautoflush
                0x20002f02        0x1 .pio\build\teensy41\libFrameworkArduino.a(usb_serial.c.o)
 .bss.tx_noautoflush
                0x20002f03        0x1 .pio\build\teensy41\libFrameworkArduino.a(usb_serial2.c.o)
 .bss.usb_cdc2_line_rtsdtr
                0x20002f04        0x1 .pio\build\teensy41\libFrameworkArduino.a(usb_serial2.c.o)
                0x20002f04                usb_cdc2_line_rtsdtr
 .bss.usb_cdc_line_rtsdtr
                0x20002f05        0x1 .pio\build\teensy41\libFrameworkArduino.a(usb_serial.c.o)
                0x20002f05                usb_cdc_line_rtsdtr
 .bss.usb_configuration
                0x20002f06        0x1 .pio\build\teensy41\libFrameworkArduino.a(usb.c.o)
                0x20002f06                usb_configuration
 .bss.usb_high_speed
                0x20002f07        0x1 .pio\build\teensy41\libFrameworkArduino.a(usb.c.o)
                0x20002f07                usb_high_speed
 .bss.usb_reboot_timer
                0x20002f08        0x1 .pio\build\teensy41\libFrameworkArduino.a(usb.c.o)
 .bss.yield_active_check_flags
                0x20002f09        0x1 .pio\build\teensy41\libFrameworkArduino.a(yield.cpp.o)
                0x20002f09                yield_active_check_flags
 *(SORT_BY_ALIGNMENT(SORT_BY_NAME(COMMON)))
                0x20002f20                . = ALIGN (0x20)
 *fill*         0x20002f0a       0x16 
                0x20002f40                . = (. + 0x20)
 *fill*         0x20002f20       0x20 

.bss.dma        0x20200000    0x160a0
 *(.hab_log)
 *(.dmabuffers)
 .dmabuffers    0x20200000    0x10000 .pio\build\teensy41\src\main.cpp.o
                0x20200000                sendBuffer
 .dmabuffers    0x20210000       0x8d .pio\build\teensy41\libFrameworkArduino.a(usb_desc.c.o)
                0x20210000                usb_descriptor_buffer
 *fill*         0x2021008d       0x13 
 .dmabuffers    0x202100a0     0x3000 .pio\build\teensy41\libFrameworkArduino.a(usb_serial.c.o)
 .dmabuffers    0x202130a0     0x3000 .pio\build\teensy41\libFrameworkArduino.a(usb_serial2.c.o)
                0x202160a0                . = ALIGN (0x20)

.bss.extram     0x70000000   0xffffe0
 *(SORT_BY_ALIGNMENT(SORT_BY_NAME(.externalram)))
 .externalram   0x70000000   0xffffe0 .pio\build\teensy41\src\main.cpp.o
                0x70000000                dataBuffer
                0x707fffe0                ringBufferArray
                0x70ffffe0                . = ALIGN (0x20)

.text.csf       0x60011ef8      0xd08
 FILL mask 0xff
                0x60012000                . = ALIGN (0x400)
 *fill*         0x60011ef8      0x108 ff
 *(.csf)
 .csf           0x60012000      0xc00 .pio\build\teensy41\libFrameworkArduino.a(bootdata.c.o)
                0x60012000                hab_csf
                0x60012c00                __text_csf_end = .
                0x00000000                _stext = ADDR (.text.itcm)
                0x00009928                _etext = ((ADDR (.text.itcm) + SIZEOF (.text.itcm)) + SIZEOF (.ARM.exidx))
                0x6000630c                _stextload = LOADADDR (.text.itcm)
                0x20000000                _sdata = ADDR (.data)
                0x200022c0                _edata = (ADDR (.data) + SIZEOF (.data))
                0x6000fc38                _sdataload = LOADADDR (.data)
                0x200022c0                _sbss = ADDR (.bss)
                0x20002f40                _ebss = (ADDR (.bss) + SIZEOF (.bss))
                0x202160a0                _heap_start = (ADDR (.bss.dma) + SIZEOF (.bss.dma))
                0x20280000                _heap_end = (ORIGIN (RAM) + LENGTH (RAM))
                0x70000000                _extram_start = ADDR (.bss.extram)
                0x70ffffe0                _extram_end = (ADDR (.bss.extram) + SIZEOF (.bss.extram))
                0x00000002                _itcm_block_count = (((SIZEOF (.text.itcm) + SIZEOF (.ARM.exidx)) + 0x7fff) >> 0xf)
                0xaaaaaaaf                _flexram_bank_config = (0xaaaaaaaa | ((0x1 << (_itcm_block_count * 0x2)) - 0x1))
                0x20070000                _estack = (ORIGIN (DTCM) + ((0x10 - _itcm_block_count) << 0xf))
                0x00012c00                _flashimagelen = (__text_csf_end - ORIGIN (FLASH))
                0x00000025                _teensy_model_identifier = 0x25

.eh_frame       0x60012c00        0x0
 .eh_frame      0x60012c00        0x0 c:/users/james/.platformio/packages/toolchain-gccarmnoneeabi-teensy/bin/../lib/gcc/arm-none-eabi/11.3.1/thumb/v7e-m+dp/hard/crtbegin.o

.rel.dyn        0x60012c00        0x0
 .rel.iplt      0x60012c00        0x0 c:/users/james/.platformio/packages/toolchain-gccarmnoneeabi-teensy/bin/../lib/gcc/arm-none-eabi/11.3.1/thumb/v7e-m+dp/hard/crtbegin.o

.debug_info
 *(.debug_info)

.debug_abbrev
 *(.debug_abbrev)

.debug_line
 *(.debug_line)

.debug_frame
 *(.debug_frame)

.debug_str
 *(.debug_str)

.debug_loc
 *(.debug_loc)
OUTPUT(.pio\build\teensy41\firmware.elf elf32-littlearm)
LOAD linker stubs

.ARM.attributes
                0x00000000       0x2e
 .ARM.attributes
                0x00000000       0x1e c:/users/james/.platformio/packages/toolchain-gccarmnoneeabi-teensy/bin/../lib/gcc/arm-none-eabi/11.3.1/thumb/v7e-m+dp/hard/crti.o
 .ARM.attributes
                0x0000001e       0x32 c:/users/james/.platformio/packages/toolchain-gccarmnoneeabi-teensy/bin/../lib/gcc/arm-none-eabi/11.3.1/thumb/v7e-m+dp/hard/crtbegin.o
 .ARM.attributes
                0x00000050       0x32 .pio\build\teensy41\src\main.cpp.o
 .ARM.attributes
                0x00000082       0x32 .pio\build\teensy41\lib8e3\libFastCRC.a(FastCRCsw.cpp.o)
 .ARM.attributes
                0x000000b4       0x32 .pio\build\teensy41\libFrameworkArduino.a(CrashReport.cpp.o)
 .ARM.attributes
                0x000000e6       0x32 .pio\build\teensy41\libFrameworkArduino.a(IntervalTimer.cpp.o)
 .ARM.attributes
                0x00000118       0x32 .pio\build\teensy41\libFrameworkArduino.a(Print.cpp.o)
 .ARM.attributes
                0x0000014a       0x32 .pio\build\teensy41\libFrameworkArduino.a(WString.cpp.o)
 .ARM.attributes
                0x0000017c       0x32 .pio\build\teensy41\libFrameworkArduino.a(bootdata.c.o)
 .ARM.attributes
                0x000001ae       0x32 .pio\build\teensy41\libFrameworkArduino.a(clockspeed.c.o)
 .ARM.attributes
                0x000001e0       0x32 .pio\build\teensy41\libFrameworkArduino.a(delay.c.o)
 .ARM.attributes
                0x00000212       0x32 .pio\build\teensy41\libFrameworkArduino.a(digital.c.o)
 .ARM.attributes
                0x00000244       0x32 .pio\build\teensy41\libFrameworkArduino.a(main.cpp.o)
 .ARM.attributes
                0x00000276       0x1e .pio\build\teensy41\libFrameworkArduino.a(memcpy-armv7m.S.o)
 .ARM.attributes
                0x00000294       0x32 .pio\build\teensy41\libFrameworkArduino.a(nonstd.c.o)
 .ARM.attributes
                0x000002c6       0x32 .pio\build\teensy41\libFrameworkArduino.a(startup.c.o)
 .ARM.attributes
                0x000002f8       0x32 .pio\build\teensy41\libFrameworkArduino.a(tempmon.c.o)
 .ARM.attributes
                0x0000032a       0x32 .pio\build\teensy41\libFrameworkArduino.a(usb.c.o)
 .ARM.attributes
                0x0000035c       0x32 .pio\build\teensy41\libFrameworkArduino.a(usb_desc.c.o)
 .ARM.attributes
                0x0000038e       0x32 .pio\build\teensy41\libFrameworkArduino.a(usb_inst.cpp.o)
 .ARM.attributes
                0x000003c0       0x32 .pio\build\teensy41\libFrameworkArduino.a(usb_serial.c.o)
 .ARM.attributes
                0x000003f2       0x32 .pio\build\teensy41\libFrameworkArduino.a(usb_serial2.c.o)
 .ARM.attributes
                0x00000424       0x32 .pio\build\teensy41\libFrameworkArduino.a(yield.cpp.o)
 .ARM.attributes
                0x00000456       0x32 .pio\build\teensy41\libFrameworkArduino.a(EventResponder.cpp.o)
 .ARM.attributes
                0x00000488       0x32 .pio\build\teensy41\libFrameworkArduino.a(HardwareSerial.cpp.o)
 .ARM.attributes
                0x000004ba       0x32 .pio\build\teensy41\libFrameworkArduino.a(analog.c.o)
 .ARM.attributes
                0x000004ec       0x32 .pio\build\teensy41\libFrameworkArduino.a(pwm.c.o)
 .ARM.attributes
                0x0000051e       0x32 .pio\build\teensy41\libFrameworkArduino.a(rtc.c.o)
 .ARM.attributes
                0x00000550       0x32 .pio\build\teensy41\libFrameworkArduino.a(sm_pool.c.o)
 .ARM.attributes
                0x00000582       0x32 c:/users/james/.platformio/packages/toolchain-gccarmnoneeabi-teensy/bin/../lib/gcc/arm-none-eabi/11.3.1/thumb/v7e-m+dp/hard\libstdc++.a(atexit_arm.o)
 .ARM.attributes
                0x000005b4       0x32 c:/users/james/.platformio/packages/toolchain-gccarmnoneeabi-teensy/bin/../lib/gcc/arm-none-eabi/11.3.1/thumb/v7e-m+dp/hard\libc.a(libc_a-itoa.o)
 .ARM.attributes
                0x000005e6       0x32 c:/users/james/.platformio/packages/toolchain-gccarmnoneeabi-teensy/bin/../lib/gcc/arm-none-eabi/11.3.1/thumb/v7e-m+dp/hard\libc.a(libc_a-malloc.o)
 .ARM.attributes
                0x00000618       0x32 c:/users/james/.platformio/packages/toolchain-gccarmnoneeabi-teensy/bin/../lib/gcc/arm-none-eabi/11.3.1/thumb/v7e-m+dp/hard\libc.a(libc_a-mallocr.o)
 .ARM.attributes
                0x0000064a       0x32 c:/users/james/.platformio/packages/toolchain-gccarmnoneeabi-teensy/bin/../lib/gcc/arm-none-eabi/11.3.1/thumb/v7e-m+dp/hard\libc.a(libc_a-mlock.o)
 .ARM.attributes
                0x0000067c       0x32 c:/users/james/.platformio/packages/toolchain-gccarmnoneeabi-teensy/bin/../lib/gcc/arm-none-eabi/11.3.1/thumb/v7e-m+dp/hard\libc.a(libc_a-realloc.o)
 .ARM.attributes
                0x000006ae       0x32 c:/users/james/.platformio/packages/toolchain-gccarmnoneeabi-teensy/bin/../lib/gcc/arm-none-eabi/11.3.1/thumb/v7e-m+dp/hard\libc.a(libc_a-reallocr.o)
 .ARM.attributes
                0x000006e0       0x32 c:/users/james/.platformio/packages/toolchain-gccarmnoneeabi-teensy/bin/../lib/gcc/arm-none-eabi/11.3.1/thumb/v7e-m+dp/hard\libc.a(libc_a-utoa.o)
 .ARM.attributes
                0x00000712       0x32 c:/users/james/.platformio/packages/toolchain-gccarmnoneeabi-teensy/bin/../lib/gcc/arm-none-eabi/11.3.1/thumb/v7e-m+dp/hard\libc.a(libc_a-cxa_atexit.o)
 .ARM.attributes
                0x00000744       0x32 c:/users/james/.platformio/packages/toolchain-gccarmnoneeabi-teensy/bin/../lib/gcc/arm-none-eabi/11.3.1/thumb/v7e-m+dp/hard\libc.a(libc_a-ctype_.o)
 .ARM.attributes
                0x00000776       0x32 c:/users/james/.platformio/packages/toolchain-gccarmnoneeabi-teensy/bin/../lib/gcc/arm-none-eabi/11.3.1/thumb/v7e-m+dp/hard\libc.a(libc_a-findfp.o)
 .ARM.attributes
                0x000007a8       0x32 c:/users/james/.platformio/packages/toolchain-gccarmnoneeabi-teensy/bin/../lib/gcc/arm-none-eabi/11.3.1/thumb/v7e-m+dp/hard\libc.a(libc_a-fwalk.o)
 .ARM.attributes
                0x000007da       0x32 c:/users/james/.platformio/packages/toolchain-gccarmnoneeabi-teensy/bin/../lib/gcc/arm-none-eabi/11.3.1/thumb/v7e-m+dp/hard\libc.a(libc_a-stdio.o)
 .ARM.attributes
                0x0000080c       0x32 c:/users/james/.platformio/packages/toolchain-gccarmnoneeabi-teensy/bin/../lib/gcc/arm-none-eabi/11.3.1/thumb/v7e-m+dp/hard\libc.a(libc_a-vdprintf.o)
 .ARM.attributes
                0x0000083e       0x32 c:/users/james/.platformio/packages/toolchain-gccarmnoneeabi-teensy/bin/../lib/gcc/arm-none-eabi/11.3.1/thumb/v7e-m+dp/hard\libc.a(libc_a-vsnprintf.o)
 .ARM.attributes
                0x00000870       0x32 c:/users/james/.platformio/packages/toolchain-gccarmnoneeabi-teensy/bin/../lib/gcc/arm-none-eabi/11.3.1/thumb/v7e-m+dp/hard\libc.a(libc_a-vasnprintf.o)
 .ARM.attributes
                0x000008a2       0x32 c:/users/james/.platformio/packages/toolchain-gccarmnoneeabi-teensy/bin/../lib/gcc/arm-none-eabi/11.3.1/thumb/v7e-m+dp/hard\libc.a(libc_a-memmove.o)
 .ARM.attributes
                0x000008d4       0x32 c:/users/james/.platformio/packages/toolchain-gccarmnoneeabi-teensy/bin/../lib/gcc/arm-none-eabi/11.3.1/thumb/v7e-m+dp/hard\libc.a(libc_a-memset.o)
 .ARM.attributes
                0x00000906       0x32 c:/users/james/.platformio/packages/toolchain-gccarmnoneeabi-teensy/bin/../lib/gcc/arm-none-eabi/11.3.1/thumb/v7e-m+dp/hard\libc.a(libc_a-strncpy.o)
 .ARM.attributes
                0x00000938       0x32 c:/users/james/.platformio/packages/toolchain-gccarmnoneeabi-teensy/bin/../lib/gcc/arm-none-eabi/11.3.1/thumb/v7e-m+dp/hard\libc.a(libc_a-locale.o)
 .ARM.attributes
                0x0000096a       0x32 c:/users/james/.platformio/packages/toolchain-gccarmnoneeabi-teensy/bin/../lib/gcc/arm-none-eabi/11.3.1/thumb/v7e-m+dp/hard\libc.a(libc_a-closer.o)
 .ARM.attributes
                0x0000099c       0x32 c:/users/james/.platformio/packages/toolchain-gccarmnoneeabi-teensy/bin/../lib/gcc/arm-none-eabi/11.3.1/thumb/v7e-m+dp/hard\libc.a(libc_a-reent.o)
 .ARM.attributes
                0x000009ce       0x32 c:/users/james/.platformio/packages/toolchain-gccarmnoneeabi-teensy/bin/../lib/gcc/arm-none-eabi/11.3.1/thumb/v7e-m+dp/hard\libc.a(libc_a-impure.o)
 .ARM.attributes
                0x00000a00       0x32 c:/users/james/.platformio/packages/toolchain-gccarmnoneeabi-teensy/bin/../lib/gcc/arm-none-eabi/11.3.1/thumb/v7e-m+dp/hard\libc.a(libc_a-lseekr.o)
 .ARM.attributes
                0x00000a32       0x32 c:/users/james/.platformio/packages/toolchain-gccarmnoneeabi-teensy/bin/../lib/gcc/arm-none-eabi/11.3.1/thumb/v7e-m+dp/hard\libc.a(libc_a-readr.o)
 .ARM.attributes
                0x00000a64       0x32 c:/users/james/.platformio/packages/toolchain-gccarmnoneeabi-teensy/bin/../lib/gcc/arm-none-eabi/11.3.1/thumb/v7e-m+dp/hard\libc.a(libc_a-sbrkr.o)
 .ARM.attributes
                0x00000a96       0x32 c:/users/james/.platformio/packages/toolchain-gccarmnoneeabi-teensy/bin/../lib/gcc/arm-none-eabi/11.3.1/thumb/v7e-m+dp/hard\libc.a(libc_a-writer.o)
 .ARM.attributes
                0x00000ac8       0x32 c:/users/james/.platformio/packages/toolchain-gccarmnoneeabi-teensy/bin/../lib/gcc/arm-none-eabi/11.3.1/thumb/v7e-m+dp/hard\libc.a(libc_a-errno.o)
 .ARM.attributes
                0x00000afa       0x32 c:/users/james/.platformio/packages/toolchain-gccarmnoneeabi-teensy/bin/../lib/gcc/arm-none-eabi/11.3.1/thumb/v7e-m+dp/hard\libc.a(libc_a-init.o)
 .ARM.attributes
                0x00000b2c       0x32 c:/users/james/.platformio/packages/toolchain-gccarmnoneeabi-teensy/bin/../lib/gcc/arm-none-eabi/11.3.1/thumb/v7e-m+dp/hard\libc.a(libc_a-lock.o)
 .ARM.attributes
                0x00000b5e       0x32 c:/users/james/.platformio/packages/toolchain-gccarmnoneeabi-teensy/bin/../lib/gcc/arm-none-eabi/11.3.1/thumb/v7e-m+dp/hard\libc.a(libc_a-strcpy.o)
 .ARM.attributes
                0x00000b90       0x1c c:/users/james/.platformio/packages/toolchain-gccarmnoneeabi-teensy/bin/../lib/gcc/arm-none-eabi/11.3.1/thumb/v7e-m+dp/hard\libc.a(libc_a-strlen.o)
 .ARM.attributes
                0x00000bac       0x32 c:/users/james/.platformio/packages/toolchain-gccarmnoneeabi-teensy/bin/../lib/gcc/arm-none-eabi/11.3.1/thumb/v7e-m+dp/hard\libc.a(libc_a-__atexit.o)
 .ARM.attributes
                0x00000bde       0x32 c:/users/james/.platformio/packages/toolchain-gccarmnoneeabi-teensy/bin/../lib/gcc/arm-none-eabi/11.3.1/thumb/v7e-m+dp/hard\libc.a(libc_a-__call_atexit.o)
 .ARM.attributes