Archive member included to satisfy reference by file (symbol)

.pio\build\teensy41\lib93c\libFastCRC.a(FastCRCsw.cpp.o)
                              .pio\build\teensy41\src\main.cpp.o (FastCRC32::FastCRC32())
.pio\build\teensy41\libFrameworkArduino.a(CrashReport.cpp.o)
                              .pio\build\teensy41\src\main.cpp.o (CrashReportClass::operator bool())
.pio\build\teensy41\libFrameworkArduino.a(IntervalTimer.cpp.o)
                              .pio\build\teensy41\src\main.cpp.o (IntervalTimer::beginCycles(teensy::inplace_function<void (), 16u, 8u>, unsigned long))
.pio\build\teensy41\libFrameworkArduino.a(Print.cpp.o)
                              .pio\build\teensy41\libFrameworkArduino.a(CrashReport.cpp.o) (Print::print(long))
.pio\build\teensy41\libFrameworkArduino.a(WString.cpp.o)
                              .pio\build\teensy41\src\main.cpp.o (String::~String())
.pio\build\teensy41\libFrameworkArduino.a(bootdata.c.o)
                              (ImageVectorTable)
.pio\build\teensy41\libFrameworkArduino.a(clockspeed.c.o)
                              .pio\build\teensy41\libFrameworkArduino.a(CrashReport.cpp.o) (F_CPU_ACTUAL)
.pio\build\teensy41\libFrameworkArduino.a(delay.c.o)
                              .pio\build\teensy41\src\main.cpp.o (delay)
.pio\build\teensy41\libFrameworkArduino.a(digital.c.o)
                              .pio\build\teensy41\src\main.cpp.o (pinMode)
.pio\build\teensy41\libFrameworkArduino.a(main.cpp.o)
                              c:/users/james/.platformio/packages/toolchain-gccarmnoneeabi-teensy/bin/../lib/gcc/arm-none-eabi/11.3.1/thumb/v7e-m+dp/hard/crt0.o (main)
.pio\build\teensy41\libFrameworkArduino.a(memcpy-armv7m.S.o)
                              .pio\build\teensy41\src\main.cpp.o (memcpy)
.pio\build\teensy41\libFrameworkArduino.a(nonstd.c.o)
                              .pio\build\teensy41\libFrameworkArduino.a(WString.cpp.o) (ultoa)
.pio\build\teensy41\libFrameworkArduino.a(startup.c.o)
                              .pio\build\teensy41\libFrameworkArduino.a(bootdata.c.o) (ResetHandler)
.pio\build\teensy41\libFrameworkArduino.a(tempmon.c.o)
                              .pio\build\teensy41\libFrameworkArduino.a(startup.c.o) (tempmon_init)
.pio\build\teensy41\libFrameworkArduino.a(usb.c.o)
                              .pio\build\teensy41\libFrameworkArduino.a(startup.c.o) (usb_init)
.pio\build\teensy41\libFrameworkArduino.a(usb_desc.c.o)
                              .pio\build\teensy41\libFrameworkArduino.a(usb.c.o) (usb_init_serialnumber)
.pio\build\teensy41\libFrameworkArduino.a(usb_inst.cpp.o)
                              .pio\build\teensy41\src\main.cpp.o (SerialUSB1)
.pio\build\teensy41\libFrameworkArduino.a(usb_serial.c.o)
                              .pio\build\teensy41\libFrameworkArduino.a(usb.c.o) (usb_serial_reset)
.pio\build\teensy41\libFrameworkArduino.a(usb_serial2.c.o)
                              .pio\build\teensy41\libFrameworkArduino.a(usb.c.o) (usb_serial2_configure)
.pio\build\teensy41\libFrameworkArduino.a(yield.cpp.o)
                              .pio\build\teensy41\src\main.cpp.o (yield)
.pio\build\teensy41\libFrameworkArduino.a(EventResponder.cpp.o)
                              .pio\build\teensy41\libFrameworkArduino.a(startup.c.o) (pendablesrvreq_isr)
.pio\build\teensy41\libFrameworkArduino.a(HardwareSerial.cpp.o)
                              .pio\build\teensy41\libFrameworkArduino.a(yield.cpp.o) (HardwareSerialIMXRT::s_count_serials_with_serial_events)
.pio\build\teensy41\libFrameworkArduino.a(analog.c.o)
                              .pio\build\teensy41\libFrameworkArduino.a(startup.c.o) (analog_init)
.pio\build\teensy41\libFrameworkArduino.a(pwm.c.o)
                              .pio\build\teensy41\libFrameworkArduino.a(startup.c.o) (pwm_init)
.pio\build\teensy41\libFrameworkArduino.a(rtc.c.o)
                              .pio\build\teensy41\libFrameworkArduino.a(startup.c.o) (rtc_get)
.pio\build\teensy41\libFrameworkArduino.a(sm_pool.c.o)
                              .pio\build\teensy41\libFrameworkArduino.a(startup.c.o) (sm_set_pool)
c:/users/james/.platformio/packages/toolchain-gccarmnoneeabi-teensy/bin/../lib/gcc/arm-none-eabi/11.3.1/thumb/v7e-m+dp/hard\libstdc++.a(atexit_arm.o)
                              .pio\build\teensy41\src\main.cpp.o (__aeabi_atexit)
c:/users/james/.platformio/packages/toolchain-gccarmnoneeabi-teensy/bin/../lib/gcc/arm-none-eabi/11.3.1/thumb/v7e-m+dp/hard\libgcc.a(_aeabi_uldivmod.o)
                              .pio\build\teensy41\libFrameworkArduino.a(Print.cpp.o) (__aeabi_uldivmod)
c:/users/james/.platformio/packages/toolchain-gccarmnoneeabi-teensy/bin/../lib/gcc/arm-none-eabi/11.3.1/thumb/v7e-m+dp/hard\libgcc.a(_udivmoddi4.o)
                              c:/users/james/.platformio/packages/toolchain-gccarmnoneeabi-teensy/bin/../lib/gcc/arm-none-eabi/11.3.1/thumb/v7e-m+dp/hard\libgcc.a(_aeabi_uldivmod.o) (__udivmoddi4)
[...]
Memory Configuration

Name             Origin             Length             Attributes
ITCM             0x00000000         0x00080000         xrw
DTCM             0x20000000         0x00080000         xrw
RAM              0x20200000         0x00080000         xrw
FLASH            0x60000000         0x007c0000         xrw
ERAM             0x70000000         0x01000000         xrw
*default*        0x00000000         0xffffffff

Linker script and memory map

LOAD c:/users/james/.platformio/packages/toolchain-gccarmnoneeabi-teensy/bin/../lib/gcc/arm-none-eabi/11.3.1/thumb/v7e-m+dp/hard/crti.o
LOAD c:/users/james/.platformio/packages/toolchain-gccarmnoneeabi-teensy/bin/../lib/gcc/arm-none-eabi/11.3.1/thumb/v7e-m+dp/hard/crtbegin.o
LOAD c:/users/james/.platformio/packages/toolchain-gccarmnoneeabi-teensy/bin/../lib/gcc/arm-none-eabi/11.3.1/thumb/v7e-m+dp/hard/crt0.o
                0x68ad5f48                __rtc_localtime = 0x68ad5f48
LOAD .pio\build\teensy41\src\main.cpp.o
START GROUP
LOAD .pio\build\teensy41\lib93c\libFastCRC.a
LOAD .pio\build\teensy41\libFrameworkArduino.a
LOAD c:/users/james/.platformio/packages/toolchain-gccarmnoneeabi-teensy/bin/../lib/gcc/arm-none-eabi/11.3.1/../../../../arm-none-eabi/lib\libarm_cortexM7lfsp_math.a
LOAD c:/users/james/.platformio/packages/toolchain-gccarmnoneeabi-teensy/bin/../lib/gcc/arm-none-eabi/11.3.1/thumb/v7e-m+dp/hard\libstdc++.a
END GROUP
LOAD c:/users/james/.platformio/packages/toolchain-gccarmnoneeabi-teensy/bin/../lib/gcc/arm-none-eabi/11.3.1/thumb/v7e-m+dp/hard\libstdc++.a
LOAD c:/users/james/.platformio/packages/toolchain-gccarmnoneeabi-teensy/bin/../lib/gcc/arm-none-eabi/11.3.1/thumb/v7e-m+dp/hard\libm.a
START GROUP
LOAD c:/users/james/.platformio/packages/toolchain-gccarmnoneeabi-teensy/bin/../lib/gcc/arm-none-eabi/11.3.1/thumb/v7e-m+dp/hard\libgcc.a
LOAD c:/users/james/.platformio/packages/toolchain-gccarmnoneeabi-teensy/bin/../lib/gcc/arm-none-eabi/11.3.1/thumb/v7e-m+dp/hard\libc.a
END GROUP
LOAD c:/users/james/.platformio/packages/toolchain-gccarmnoneeabi-teensy/bin/../lib/gcc/arm-none-eabi/11.3.1/thumb/v7e-m+dp/hard/crtend.o
LOAD c:/users/james/.platformio/packages/toolchain-gccarmnoneeabi-teensy/bin/../lib/gcc/arm-none-eabi/11.3.1/thumb/v7e-m+dp/hard/crtn.o

.text.headers   0x60000000     0x1400
 *(.flashconfig)
 .flashconfig   0x60000000      0x200 .pio\build\teensy41\libFrameworkArduino.a(bootdata.c.o)
                0x60000000                FlexSPI_NOR_Config
 FILL mask 0xff
                0x60001000                . = (ORIGIN (FLASH) + 0x1000)
 *fill*         0x60000200      0xe00 ff
 *(.ivt)
 .ivt           0x60001000       0x20 .pio\build\teensy41\libFrameworkArduino.a(bootdata.c.o)
                0x60001000                ImageVectorTable
 *(.bootdata)
 .bootdata      0x60001020        0xc .pio\build\teensy41\libFrameworkArduino.a(bootdata.c.o)
                0x60001020                BootData
                0x60001400                . = ALIGN (0x400)
 *fill*         0x6000102c      0x3d4 ff

.text.code      0x60001400     0x12ac
 *(.startup)
 .startup       0x60001400      0x274 .pio\build\teensy41\libFrameworkArduino.a(startup.c.o)
                0x6000164c                ResetHandler
 *(.flashmem*)
 .flashmem      0x60001674      0x7fc .pio\build\teensy41\libFrameworkArduino.a(CrashReport.cpp.o)
                0x60001674                CrashReportClass::clear()
                0x60001710                CrashReportClass::printTo(Print&) const
                0x60001e14                CrashReportClass::operator bool()
 .flashmem      0x60001e70      0x500 .pio\build\teensy41\libFrameworkArduino.a(startup.c.o)
                0x60001e70                startup_default_early_hook
                0x60001e70                startup_early_hook
                0x60001e74                startup_default_middle_hook
                0x60001e74                startup_middle_hook
                0x60001e78                startup_late_hook
                0x60001e78                startup_default_late_hook
                0x60001e7c                startup_debug_reset
                0x60001e80                configure_cache
                0x60001f90                configure_external_ram
                0x60002314                usb_pll_start
 .flashmem      0x60002370      0x130 .pio\build\teensy41\libFrameworkArduino.a(tempmon.c.o)
                0x60002370                tempmon_init
 .flashmem      0x600024a0      0x13c .pio\build\teensy41\libFrameworkArduino.a(usb.c.o)
                0x600024a0                usb_init
                0x60002588                _reboot_Teensyduino_
 .flashmem      0x600025dc       0x54 .pio\build\teensy41\libFrameworkArduino.a(analog.c.o)
                0x600025dc                analog_init
                0x60002630                . = ALIGN (0x4)
 *(.init)
 .init          0x60002630        0x4 c:/users/james/.platformio/packages/toolchain-gccarmnoneeabi-teensy/bin/../lib/gcc/arm-none-eabi/11.3.1/thumb/v7e-m+dp/hard/crti.o
                0x60002630                _init
 .init          0x60002634        0x8 c:/users/james/.platformio/packages/toolchain-gccarmnoneeabi-teensy/bin/../lib/gcc/arm-none-eabi/11.3.1/thumb/v7e-m+dp/hard/crtn.o
 *fill*         0x6000263c        0x4 
 .init.__stub   0x60002640       0x60 linker stubs
                0x600026a0                __preinit_array_start = .
 *(.preinit_array)
                0x600026a0                __preinit_array_end = .
                0x600026a0                __init_array_start = .
 *(.init_array)
 .init_array    0x600026a0        0x4 c:/users/james/.platformio/packages/toolchain-gccarmnoneeabi-teensy/bin/../lib/gcc/arm-none-eabi/11.3.1/thumb/v7e-m+dp/hard/crtbegin.o
 .init_array    0x600026a4        0x4 .pio\build\teensy41\src\main.cpp.o
 .init_array    0x600026a8        0x4 .pio\build\teensy41\libFrameworkArduino.a(IntervalTimer.cpp.o)
                0x600026ac                __init_array_end = .
                0x600026ac                . = ALIGN (0x4)

.text.progmem   0x600026ac     0x3c60
 *(.progmem*)
 .progmem       0x600026ac     0x3b00 .pio\build\teensy41\lib93c\libFastCRC.a(FastCRCsw.cpp.o)
 .progmem       0x600061ac      0x15e .pio\build\teensy41\libFrameworkArduino.a(usb_desc.c.o)
                0x600061ac                usb_string_product_name_default
                0x600061ac                usb_string_product_name
                0x600061c4                usb_string_manufacturer_name
                0x600061c4                usb_string_manufacturer_name_default
                0x600061dc                string0
                0x600061e0                usb_config_descriptor_12
                0x60006270                usb_config_descriptor_480
                0x6000630c                . = ALIGN (0x4)
 *fill*         0x6000630a        0x2 

.text.itcm      0x00000000     0x93e0 load address 0x6000630c
                0x00000020                . = (. + 0x20)
 *fill*         0x00000000       0x20 
 *(.fastrun)
 *(.text*)
 .text.register_tm_clones
                0x00000020       0x24 c:/users/james/.platformio/packages/toolchain-gccarmnoneeabi-teensy/bin/../lib/gcc/arm-none-eabi/11.3.1/thumb/v7e-m+dp/hard/crtbegin.o
 .text.frame_dummy
                0x00000044       0x24 c:/users/james/.platformio/packages/toolchain-gccarmnoneeabi-teensy/bin/../lib/gcc/arm-none-eabi/11.3.1/thumb/v7e-m+dp/hard/crtbegin.o
 .text._ZZN6teensy23inplace_function_detail6vtableIvJEEC4IPFvvEEENS0_7wrapperIT_EEENUlPvE_4_FUNES9_
                0x00000068        0x4 .pio\build\teensy41\src\main.cpp.o
                0x00000068                teensy::inplace_function_detail::vtable<void>::vtable<void (*)()>(teensy::inplace_function_detail::wrapper<void (*)()>)::{lambda(void*)#1}::_FUN(void*)
 .text._ZZN6teensy23inplace_function_detail6vtableIvJEEC4IPFvvEEENS0_7wrapperIT_EEENUlPvS9_E0_4_FUNES9_S9_
                0x0000006c        0x8 .pio\build\teensy41\src\main.cpp.o
                0x0000006c                teensy::inplace_function_detail::vtable<void>::vtable<void (*)()>(teensy::inplace_function_detail::wrapper<void (*)()>)::{lambda(void*, void*)#2}::_FUN(void*, void*)
 .text._ZZN6teensy23inplace_function_detail6vtableIvJEEC4IPFvvEEENS0_7wrapperIT_EEENUlPvS9_E1_4_FUNES9_S9_
                0x00000074        0x8 .pio\build\teensy41\src\main.cpp.o
                0x00000074                teensy::inplace_function_detail::vtable<void>::vtable<void (*)()>(teensy::inplace_function_detail::wrapper<void (*)()>)::{lambda(void*, void*)#3}::_FUN(void*, void*)
 .text._ZZN6teensy23inplace_function_detail6vtableIvJEEC4IPFvvEEENS0_7wrapperIT_EEENUlPvE2_4_FUNES9_
                0x0000007c        0x4 .pio\build\teensy41\src\main.cpp.o
                0x0000007c                teensy::inplace_function_detail::vtable<void>::vtable<void (*)()>(teensy::inplace_function_detail::wrapper<void (*)()>)::{lambda(void*)#4}::_FUN(void*)
 .text._ZN16usb_serial_class5writeEPKhj
                0x00000080        0x8 .pio\build\teensy41\src\main.cpp.o
                0x00000080                usb_serial_class::write(unsigned char const*, unsigned int)
 .text._ZN13IntervalTimerD2Ev
                0x00000088        0xc .pio\build\teensy41\src\main.cpp.o
                0x00000088                IntervalTimer::~IntervalTimer()
                0x00000088                IntervalTimer::~IntervalTimer()
 .text.serialEvent
                0x00000094      0x108 .pio\build\teensy41\src\main.cpp.o
                0x00000094                serialEvent
 .text.loop     0x0000019c        0x4 .pio\build\teensy41\src\main.cpp.o
                0x0000019c                loop
 .text._Z10sendPacketI16usb_serial_classEvRT_mmhhPKh
                0x000001a0       0x98 .pio\build\teensy41\src\main.cpp.o
                0x000001a0                void sendPacket<usb_serial_class>(usb_serial_class&, unsigned long, unsigned long, unsigned char, unsigned char, unsigned char const*)
 .text._Z7logInfoI16usb_serial_classEvRT_PKcz
                0x00000238       0x50 .pio\build\teensy41\src\main.cpp.o
                0x00000238                void logInfo<usb_serial_class>(usb_serial_class&, char const*, ...)
 .text._Z7ticktokv
                0x00000288       0x2c .pio\build\teensy41\src\main.cpp.o
                0x00000288                ticktok()
 .text.setup    0x000002b4       0xe0 .pio\build\teensy41\src\main.cpp.o
                0x000002b4                setup
 .text.startup._GLOBAL__sub_I_sendBuffer
                0x00000394       0x40 .pio\build\teensy41\src\main.cpp.o
 .text._ZN9FastCRC32C2Ev
                0x000003d4        0x4 .pio\build\teensy41\lib93c\libFastCRC.a(FastCRCsw.cpp.o)
                0x000003d4                FastCRC32::FastCRC32()
                0x000003d4                FastCRC32::FastCRC32()
 .text._ZN9FastCRC329crc32_updEPKht
                0x000003d8      0x190 .pio\build\teensy41\lib93c\libFastCRC.a(FastCRCsw.cpp.o)
                0x000003d8                FastCRC32::crc32_upd(unsigned char const*, unsigned short)
 .text._ZN9FastCRC325crc32EPKht
                0x00000568        0xc .pio\build\teensy41\lib93c\libFastCRC.a(FastCRCsw.cpp.o)
                0x00000568                FastCRC32::crc32(unsigned char const*, unsigned short)
 .text._ZZN6teensy23inplace_function_detail6vtableIvJEEC4EvENUlPvE_4_FUNES3_
                0x00000574        0x4 .pio\build\teensy41\libFrameworkArduino.a(IntervalTimer.cpp.o)
                0x00000574                teensy::inplace_function_detail::vtable<void>::vtable()::{lambda(void*)#1}::_FUN(void*)
 .text._ZZN6teensy23inplace_function_detail6vtableIvJEEC4EvENUlPvS3_E0_4_FUNES3_S3_
                0x00000578        0x4 .pio\build\teensy41\libFrameworkArduino.a(IntervalTimer.cpp.o)
                0x00000578                teensy::inplace_function_detail::vtable<void>::vtable()::{lambda(void*, void*)#2}::_FUN(void*, void*)
 .text._ZZN6teensy23inplace_function_detail6vtableIvJEEC4EvENUlPvS3_E1_4_FUNES3_S3_
                0x0000057c        0x4 .pio\build\teensy41\libFrameworkArduino.a(IntervalTimer.cpp.o)
                0x0000057c                teensy::inplace_function_detail::vtable<void>::vtable()::{lambda(void*, void*)#3}::_FUN(void*, void*)
 .text._ZZN6teensy23inplace_function_detail6vtableIvJEEC4EvENUlPvE2_4_FUNES3_
                0x00000580        0x4 .pio\build\teensy41\libFrameworkArduino.a(IntervalTimer.cpp.o)
                0x00000580                teensy::inplace_function_detail::vtable<void>::vtable()::{lambda(void*)#4}::_FUN(void*)
 .text._ZL7pit_isrv
                0x00000584       0x84 .pio\build\teensy41\libFrameworkArduino.a(IntervalTimer.cpp.o)
 .text.__tcf_0  0x00000608       0x20 .pio\build\teensy41\libFrameworkArduino.a(IntervalTimer.cpp.o)
 .text._ZN13IntervalTimer11beginCyclesEN6teensy16inplace_functionIFvvELj16ELj8EEEm
                0x00000628      0x104 .pio\build\teensy41\libFrameworkArduino.a(IntervalTimer.cpp.o)
                0x00000628                IntervalTimer::beginCycles(teensy::inplace_function<void (), 16u, 8u>, unsigned long)
 .text._ZN13IntervalTimer3endEv
                0x0000072c       0x70 .pio\build\teensy41\libFrameworkArduino.a(IntervalTimer.cpp.o)
                0x0000072c                IntervalTimer::end()
 .text.startup._GLOBAL__sub_I__ZN13IntervalTimer14nvic_prioritesE
                0x0000079c       0x2c .pio\build\teensy41\libFrameworkArduino.a(IntervalTimer.cpp.o)
 .text._ZN5Print11printNumberEmhh.part.0
                0x000007c8       0x80 .pio\build\teensy41\libFrameworkArduino.a(Print.cpp.o)
 .text._ZN5Print5printEl
                0x00000848       0x18 .pio\build\teensy41\libFrameworkArduino.a(Print.cpp.o)
                0x00000848                Print::print(long)
 .text._ZN5Print7printlnEv
                0x00000860       0x1c .pio\build\teensy41\libFrameworkArduino.a(Print.cpp.o)
                0x00000860                Print::println()
 .text._write   0x0000087c       0x1c .pio\build\teensy41\libFrameworkArduino.a(Print.cpp.o)
                0x0000087c                _write
 .text._ZN5Print6printfEPKcz
                0x00000898       0x1c .pio\build\teensy41\libFrameworkArduino.a(Print.cpp.o)
                0x00000898                Print::printf(char const*, ...)
 .text._ZN5Print11printNumberEmhh
                0x000008b4       0x14 .pio\build\teensy41\libFrameworkArduino.a(Print.cpp.o)
                0x000008b4                Print::printNumber(unsigned long, unsigned char, unsigned char)
 .text._ZN5Print10printFloatEdh
                0x000008c8      0x164 .pio\build\teensy41\libFrameworkArduino.a(Print.cpp.o)
                0x000008c8                Print::printFloat(double, unsigned char)
 .text._ZN6StringD2Ev
                0x00000a2c       0x10 .pio\build\teensy41\libFrameworkArduino.a(WString.cpp.o)
                0x00000a2c                String::~String()
                0x00000a2c                String::~String()
 .text._ZN6String4copyEPKcj
                0x00000a3c       0x68 .pio\build\teensy41\libFrameworkArduino.a(WString.cpp.o)
                0x00000a3c                String::copy(char const*, unsigned int)
 .text._ZN6StringC2Eih
                0x00000aa4       0x2c .pio\build\teensy41\libFrameworkArduino.a(WString.cpp.o)
                0x00000aa4                String::String(int, unsigned char)
                0x00000aa4                String::String(int, unsigned char)
 .text.set_arm_clock
                0x00000ad0      0x2f0 .pio\build\teensy41\libFrameworkArduino.a(clockspeed.c.o)
                0x00000ad0                set_arm_clock
 .text.delay    0x00000dc0       0xa8 .pio\build\teensy41\libFrameworkArduino.a(delay.c.o)
                0x00000dc0                delay
 .text.pinMode  0x00000e68       0x70 .pio\build\teensy41\libFrameworkArduino.a(digital.c.o)
                0x00000e68                pinMode
 .text.startup.main
                0x00000ed8       0x10 .pio\build\teensy41\libFrameworkArduino.a(main.cpp.o)
                0x00000ed8                main
 .text          0x00000ee8      0x134 .pio\build\teensy41\libFrameworkArduino.a(memcpy-armv7m.S.o)
                0x00000ee8                memcpy
 .text.ultoa    0x0000101c       0x64 .pio\build\teensy41\libFrameworkArduino.a(nonstd.c.o)
                0x0000101c                ultoa
 .text.unused_interrupt_vector
                0x00001080      0x18c .pio\build\teensy41\libFrameworkArduino.a(startup.c.o)
                0x00001080                unused_interrupt_vector
 .text._sbrk    0x0000120c       0x34 .pio\build\teensy41\libFrameworkArduino.a(startup.c.o)
                0x0000120c                _sbrk
 .text._read    0x00001240        0x4 .pio\build\teensy41\libFrameworkArduino.a(startup.c.o)
                0x00001240                _read
 .text._close   0x00001244        0x8 .pio\build\teensy41\libFrameworkArduino.a(startup.c.o)
                0x00001244                _close
 .text._fstat   0x0000124c        0xc .pio\build\teensy41\libFrameworkArduino.a(startup.c.o)
                0x0000124c                _fstat
 .text._isatty  0x00001258        0x4 .pio\build\teensy41\libFrameworkArduino.a(startup.c.o)
                0x00001258                _isatty
 .text._lseek   0x0000125c        0x8 .pio\build\teensy41\libFrameworkArduino.a(startup.c.o)
                0x0000125c                _lseek
 .text.unlikely.abort
                0x00001264        0x4 .pio\build\teensy41\libFrameworkArduino.a(startup.c.o)
                0x00001264                abort
 .text.Panic_Temp_isr
                0x00001268        0x4 .pio\build\teensy41\libFrameworkArduino.a(tempmon.c.o)
                0x00001268                Panic_Temp_isr
 .text.tempmonGetTemp
                0x0000126c       0x60 .pio\build\teensy41\libFrameworkArduino.a(tempmon.c.o)
                0x0000126c                tempmonGetTemp
 .text.schedule_transfer
                0x000012cc       0x88 .pio\build\teensy41\libFrameworkArduino.a(usb.c.o)
 .text.run_callbacks
                0x00001354       0x38 .pio\build\teensy41\libFrameworkArduino.a(usb.c.o)
 .text.endpoint0_transmit.constprop.0
                0x0000138c       0x98 .pio\build\teensy41\libFrameworkArduino.a(usb.c.o)
 .text.usb_stop_sof_interrupts
                0x00001424       0x2c .pio\build\teensy41\libFrameworkArduino.a(usb.c.o)
                0x00001424                usb_stop_sof_interrupts
 .text.usb_isr  0x00001450      0x638 .pio\build\teensy41\libFrameworkArduino.a(usb.c.o)
                0x00001450                usb_isr
 .text.usb_config_rx
                0x00001a88       0x64 .pio\build\teensy41\libFrameworkArduino.a(usb.c.o)
                0x00001a88                usb_config_rx
 .text.usb_config_tx
                0x00001aec       0x64 .pio\build\teensy41\libFrameworkArduino.a(usb.c.o)
                0x00001aec                usb_config_tx
 .text.usb_prepare_transfer
                0x00001b50       0x30 .pio\build\teensy41\libFrameworkArduino.a(usb.c.o)
                0x00001b50                usb_prepare_transfer
 .text.usb_transmit
                0x00001b80       0x28 .pio\build\teensy41\libFrameworkArduino.a(usb.c.o)
                0x00001b80                usb_transmit
 .text.usb_receive
                0x00001ba8       0x1c .pio\build\teensy41\libFrameworkArduino.a(usb.c.o)
                0x00001ba8                usb_receive
 .text.usb_transfer_status
                0x00001bc4        0x4 .pio\build\teensy41\libFrameworkArduino.a(usb.c.o)
                0x00001bc4                usb_transfer_status
 .text.usb_init_serialnumber
                0x00001bc8       0x58 .pio\build\teensy41\libFrameworkArduino.a(usb_desc.c.o)
                0x00001bc8                usb_init_serialnumber
 .text._ZN16usb_serial_class5clearEv
                0x00001c20        0x4 .pio\build\teensy41\libFrameworkArduino.a(usb_inst.cpp.o)
                0x00001c20                usb_serial_class::clear()
 .text._ZN16usb_serial_class4peekEv
                0x00001c24        0x4 .pio\build\teensy41\libFrameworkArduino.a(usb_inst.cpp.o)
                0x00001c24                usb_serial_class::peek()
 .text._ZN16usb_serial_class4readEv
                0x00001c28        0x4 .pio\build\teensy41\libFrameworkArduino.a(usb_inst.cpp.o)
                0x00001c28                usb_serial_class::read()
 .text._ZN16usb_serial_class9availableEv
                0x00001c2c        0x4 .pio\build\teensy41\libFrameworkArduino.a(usb_inst.cpp.o)
                0x00001c2c                usb_serial_class::available()
 .text._ZN16usb_serial_class5flushEv
                0x00001c30        0x4 .pio\build\teensy41\libFrameworkArduino.a(usb_inst.cpp.o)
                0x00001c30                usb_serial_class::flush()
 .text._ZN16usb_serial_class17availableForWriteEv
                0x00001c34        0x4 .pio\build\teensy41\libFrameworkArduino.a(usb_inst.cpp.o)
                0x00001c34                usb_serial_class::availableForWrite()
 .text._ZN16usb_serial_class5writeEh
                0x00001c38        0x8 .pio\build\teensy41\libFrameworkArduino.a(usb_inst.cpp.o)
                0x00001c38                usb_serial_class::write(unsigned char)
 .text._ZN17usb_serial2_class5clearEv
                0x00001c40        0x4 .pio\build\teensy41\libFrameworkArduino.a(usb_inst.cpp.o)
                0x00001c40                usb_serial2_class::clear()
 .text._ZN17usb_serial2_class4peekEv
                0x00001c44        0x4 .pio\build\teensy41\libFrameworkArduino.a(usb_inst.cpp.o)
                0x00001c44                usb_serial2_class::peek()
 .text._ZN17usb_serial2_class4readEv
                0x00001c48        0x4 .pio\build\teensy41\libFrameworkArduino.a(usb_inst.cpp.o)
                0x00001c48                usb_serial2_class::read()
 .text._ZN17usb_serial2_class9availableEv
                0x00001c4c        0x4 .pio\build\teensy41\libFrameworkArduino.a(usb_inst.cpp.o)
                0x00001c4c                usb_serial2_class::available()
 .text._ZN17usb_serial2_class5flushEv
                0x00001c50        0x4 .pio\build\teensy41\libFrameworkArduino.a(usb_inst.cpp.o)
                0x00001c50                usb_serial2_class::flush()
 .text._ZN17usb_serial2_class17availableForWriteEv
                0x00001c54        0x4 .pio\build\teensy41\libFrameworkArduino.a(usb_inst.cpp.o)
                0x00001c54                usb_serial2_class::availableForWrite()
 .text._ZN17usb_serial2_class5writeEPKhj
                0x00001c58        0x8 .pio\build\teensy41\libFrameworkArduino.a(usb_inst.cpp.o)
                0x00001c58                usb_serial2_class::write(unsigned char const*, unsigned int)
 .text._ZN17usb_serial2_class5writeEh
                0x00001c60        0x8 .pio\build\teensy41\libFrameworkArduino.a(usb_inst.cpp.o)
                0x00001c60                usb_serial2_class::write(unsigned char)
 .text.rx_queue_transfer
                0x00001c68       0x60 .pio\build\teensy41\libFrameworkArduino.a(usb_serial.c.o)
 .text.rx_event
                0x00001cc8       0xb4 .pio\build\teensy41\libFrameworkArduino.a(usb_serial.c.o)
 .text.usb_serial_flush_callback
                0x00001d7c       0x90 .pio\build\teensy41\libFrameworkArduino.a(usb_serial.c.o)
 .text.usb_serial_write.part.0
                0x00001e0c      0x1b8 .pio\build\teensy41\libFrameworkArduino.a(usb_serial.c.o)
 .text.usb_serial_reset
                0x00001fc4        0x4 .pio\build\teensy41\libFrameworkArduino.a(usb_serial.c.o)
                0x00001fc4                usb_serial_reset
 .text.usb_serial_configure
                0x00001fc8      0x100 .pio\build\teensy41\libFrameworkArduino.a(usb_serial.c.o)
                0x00001fc8                usb_serial_configure
 .text.usb_serial_read
                0x000020c8       0xe0 .pio\build\teensy41\libFrameworkArduino.a(usb_serial.c.o)
                0x000020c8                usb_serial_read
 .text.usb_serial_peekchar
                0x000021a8       0x44 .pio\build\teensy41\libFrameworkArduino.a(usb_serial.c.o)
                0x000021a8                usb_serial_peekchar
 .text.usb_serial_available
                0x000021ec       0x18 .pio\build\teensy41\libFrameworkArduino.a(usb_serial.c.o)
                0x000021ec                usb_serial_available
 .text.usb_serial_flush_input
                0x00002204       0x70 .pio\build\teensy41\libFrameworkArduino.a(usb_serial.c.o)
                0x00002204                usb_serial_flush_input
 .text.usb_serial_getchar
                0x00002274       0x20 .pio\build\teensy41\libFrameworkArduino.a(usb_serial.c.o)
                0x00002274                usb_serial_getchar
 .text.usb_serial_putchar
                0x00002294       0x2c .pio\build\teensy41\libFrameworkArduino.a(usb_serial.c.o)
                0x00002294                usb_serial_putchar
 .text.usb_serial_write
                0x000022c0       0x18 .pio\build\teensy41\libFrameworkArduino.a(usb_serial.c.o)
                0x000022c0                usb_serial_write
 .text.usb_serial_write_buffer_free
                0x000022d8       0x50 .pio\build\teensy41\libFrameworkArduino.a(usb_serial.c.o)
                0x000022d8                usb_serial_write_buffer_free
 .text.usb_serial_flush_output
                0x00002328       0x94 .pio\build\teensy41\libFrameworkArduino.a(usb_serial.c.o)
                0x00002328                usb_serial_flush_output
 .text.rx_queue_transfer
                0x000023bc       0x60 .pio\build\teensy41\libFrameworkArduino.a(usb_serial2.c.o)
 .text.rx_event
                0x0000241c       0xb4 .pio\build\teensy41\libFrameworkArduino.a(usb_serial2.c.o)
 .text.usb_serial2_flush_callback
                0x000024d0       0x90 .pio\build\teensy41\libFrameworkArduino.a(usb_serial2.c.o)
 .text.usb_serial2_write.part.0
                0x00002560      0x190 .pio\build\teensy41\libFrameworkArduino.a(usb_serial2.c.o)
 .text.usb_serial2_configure
                0x000026f0      0x100 .pio\build\teensy41\libFrameworkArduino.a(usb_serial2.c.o)
                0x000026f0                usb_serial2_configure
 .text.usb_serial2_read
                0x000027f0       0xe0 .pio\build\teensy41\libFrameworkArduino.a(usb_serial2.c.o)
                0x000027f0                usb_serial2_read
 .text.usb_serial2_peekchar
                0x000028d0       0x44 .pio\build\teensy41\libFrameworkArduino.a(usb_serial2.c.o)
                0x000028d0                usb_serial2_peekchar
 .text.usb_serial2_available
                0x00002914       0x18 .pio\build\teensy41\libFrameworkArduino.a(usb_serial2.c.o)
                0x00002914                usb_serial2_available
 .text.usb_serial2_flush_input
                0x0000292c       0x70 .pio\build\teensy41\libFrameworkArduino.a(usb_serial2.c.o)
                0x0000292c                usb_serial2_flush_input
 .text.usb_serial2_getchar
                0x0000299c       0x20 .pio\build\teensy41\libFrameworkArduino.a(usb_serial2.c.o)
                0x0000299c                usb_serial2_getchar
 .text.usb_serial2_putchar
                0x000029bc       0x2c .pio\build\teensy41\libFrameworkArduino.a(usb_serial2.c.o)
                0x000029bc                usb_serial2_putchar
 .text.usb_serial2_write
                0x000029e8       0x18 .pio\build\teensy41\libFrameworkArduino.a(usb_serial2.c.o)
                0x000029e8                usb_serial2_write
 .text.usb_serial2_write_buffer_free
                0x00002a00       0x4c .pio\build\teensy41\libFrameworkArduino.a(usb_serial2.c.o)
                0x00002a00                usb_serial2_write_buffer_free
 .text.usb_serial2_flush_output
                0x00002a4c       0x90 .pio\build\teensy41\libFrameworkArduino.a(usb_serial2.c.o)
                0x00002a4c                usb_serial2_flush_output
 .text.yield    0x00002adc       0xec .pio\build\teensy41\libFrameworkArduino.a(yield.cpp.o)
                0x00002adc                yield
 .text._ZN14EventResponder16runFromInterruptEv
                0x00002bc8       0x44 .pio\build\teensy41\libFrameworkArduino.a(EventResponder.cpp.o)
                0x00002bc8                EventResponder::runFromInterrupt()
 .text.pendablesrvreq_isr
                0x00002c0c        0x4 .pio\build\teensy41\libFrameworkArduino.a(EventResponder.cpp.o)
                0x00002c0c                pendablesrvreq_isr
 .text.systick_isr
                0x00002c10       0x20 .pio\build\teensy41\libFrameworkArduino.a(EventResponder.cpp.o)
                0x00002c10                systick_isr
 .text.flexpwm_init
                0x00002c30       0x7c .pio\build\teensy41\libFrameworkArduino.a(pwm.c.o)
                0x00002c30                flexpwm_init
 .text.pwm_init
                0x00002cac       0xf4 .pio\build\teensy41\libFrameworkArduino.a(pwm.c.o)
                0x00002cac                pwm_init
 .text.rtc_get  0x00002da0       0x24 .pio\build\teensy41\libFrameworkArduino.a(rtc.c.o)
                0x00002da0                rtc_get
 .text.sm_align_pool
                0x00002dc4       0x4c .pio\build\teensy41\libFrameworkArduino.a(sm_pool.c.o)
                0x00002dc4                sm_align_pool
 .text.sm_set_pool
                0x00002e10       0x84 .pio\build\teensy41\libFrameworkArduino.a(sm_pool.c.o)
                0x00002e10                sm_set_pool
 .text.__aeabi_atexit
                0x00002e94        0xc c:/users/james/.platformio/packages/toolchain-gccarmnoneeabi-teensy/bin/../lib/gcc/arm-none-eabi/11.3.1/thumb/v7e-m+dp/hard\libstdc++.a(atexit_arm.o)
                0x00002e94                __aeabi_atexit
 .text.itoa     0x00002ea0       0x2c c:/users/james/.platformio/packages/toolchain-gccarmnoneeabi-teensy/bin/../lib/gcc/arm-none-eabi/11.3.1/thumb/v7e-m+dp/hard\libc.a(libc_a-itoa.o)
                0x00002ea0                itoa
 .text.free     0x00002ecc       0x10 c:/users/james/.platformio/packages/toolchain-gccarmnoneeabi-teensy/bin/../lib/gcc/arm-none-eabi/11.3.1/thumb/v7e-m+dp/hard\libc.a(libc_a-malloc.o)
                0x00002ecc                free
 .text._malloc_r
                0x00002edc      0x560 c:/users/james/.platformio/packages/toolchain-gccarmnoneeabi-teensy/bin/../lib/gcc/arm-none-eabi/11.3.1/thumb/v7e-m+dp/hard\libc.a(libc_a-mallocr.o)
                0x00002edc                _malloc_r
 .text.__malloc_lock
                0x0000343c        0xc c:/users/james/.platformio/packages/toolchain-gccarmnoneeabi-teensy/bin/../lib/gcc/arm-none-eabi/11.3.1/thumb/v7e-m+dp/hard\libc.a(libc_a-mlock.o)
                0x0000343c                __malloc_lock
 .text.__malloc_unlock
                0x00003448        0xc c:/users/james/.platformio/packages/toolchain-gccarmnoneeabi-teensy/bin/../lib/gcc/arm-none-eabi/11.3.1/thumb/v7e-m+dp/hard\libc.a(libc_a-mlock.o)
                0x00003448                __malloc_unlock
 .text.realloc  0x00003454       0x18 c:/users/james/.platformio/packages/toolchain-gccarmnoneeabi-teensy/bin/../lib/gcc/arm-none-eabi/11.3.1/thumb/v7e-m+dp/hard\libc.a(libc_a-realloc.o)
                0x00003454                realloc
 .text._realloc_r
                0x0000346c      0x3d8 c:/users/james/.platformio/packages/toolchain-gccarmnoneeabi-teensy/bin/../lib/gcc/arm-none-eabi/11.3.1/thumb/v7e-m+dp/hard\libc.a(libc_a-reallocr.o)
                0x0000346c                _realloc_r
 .text.__utoa   0x00003844       0x9c c:/users/james/.platformio/packages/toolchain-gccarmnoneeabi-teensy/bin/../lib/gcc/arm-none-eabi/11.3.1/thumb/v7e-m+dp/hard\libc.a(libc_a-utoa.o)
                0x00003844                __utoa
 .text.__cxa_atexit
                0x000038e0        0xc c:/users/james/.platformio/packages/toolchain-gccarmnoneeabi-teensy/bin/../lib/gcc/arm-none-eabi/11.3.1/thumb/v7e-m+dp/hard\libc.a(libc_a-cxa_atexit.o)
                0x000038e0                __cxa_atexit
 .text.stdio_exit_handler
                0x000038ec       0x18 c:/users/james/.platformio/packages/toolchain-gccarmnoneeabi-teensy/bin/../lib/gcc/arm-none-eabi/11.3.1/thumb/v7e-m+dp/hard\libc.a(libc_a-findfp.o)
 .text.cleanup_stdio
                0x00003904       0x40 c:/users/james/.platformio/packages/toolchain-gccarmnoneeabi-teensy/bin/../lib/gcc/arm-none-eabi/11.3.1/thumb/v7e-m+dp/hard\libc.a(libc_a-findfp.o)
 .text.global_stdio_init.part.0
                0x00003944       0xd4 c:/users/james/.platformio/packages/toolchain-gccarmnoneeabi-teensy/bin/../lib/gcc/arm-none-eabi/11.3.1/thumb/v7e-m+dp/hard\libc.a(libc_a-findfp.o)
 .text.__sinit  0x00003a18       0x3c c:/users/james/.platformio/packages/toolchain-gccarmnoneeabi-teensy/bin/../lib/gcc/arm-none-eabi/11.3.1/thumb/v7e-m+dp/hard\libc.a(libc_a-findfp.o)
                0x00003a18                __sinit
 .text.__sfp_lock_acquire
                0x00003a54        0xc c:/users/james/.platformio/packages/toolchain-gccarmnoneeabi-teensy/bin/../lib/gcc/arm-none-eabi/11.3.1/thumb/v7e-m+dp/hard\libc.a(libc_a-findfp.o)
                0x00003a54                __sfp_lock_acquire
 .text.__sfp_lock_release
                0x00003a60        0xc c:/users/james/.platformio/packages/toolchain-gccarmnoneeabi-teensy/bin/../lib/gcc/arm-none-eabi/11.3.1/thumb/v7e-m+dp/hard\libc.a(libc_a-findfp.o)
                0x00003a60                __sfp_lock_release
 .text._fwalk_sglue
                0x00003a6c       0x48 c:/users/james/.platformio/packages/toolchain-gccarmnoneeabi-teensy/bin/../lib/gcc/arm-none-eabi/11.3.1/thumb/v7e-m+dp/hard\libc.a(libc_a-fwalk.o)
                0x00003a6c                _fwalk_sglue
 .text.__sread  0x00003ab4       0x24 c:/users/james/.platformio/packages/toolchain-gccarmnoneeabi-teensy/bin/../lib/gcc/arm-none-eabi/11.3.1/thumb/v7e-m+dp/hard\libc.a(libc_a-stdio.o)
                0x00003ab4                __sread
 .text.__swrite
                0x00003ad8       0x40 c:/users/james/.platformio/packages/toolchain-gccarmnoneeabi-teensy/bin/../lib/gcc/arm-none-eabi/11.3.1/thumb/v7e-m+dp/hard\libc.a(libc_a-stdio.o)
                0x00003ad8                __swrite
 .text.__sseek  0x00003b18       0x20 c:/users/james/.platformio/packages/toolchain-gccarmnoneeabi-teensy/bin/../lib/gcc/arm-none-eabi/11.3.1/thumb/v7e-m+dp/hard\libc.a(libc_a-stdio.o)
                0x00003b18                __sseek
 .text.__sclose
                0x00003b38        0x8 c:/users/james/.platformio/packages/toolchain-gccarmnoneeabi-teensy/bin/../lib/gcc/arm-none-eabi/11.3.1/thumb/v7e-m+dp/hard\libc.a(libc_a-stdio.o)
                0x00003b38                __sclose
 .text._vdprintf_r
                0x00003b40       0x4c c:/users/james/.platformio/packages/toolchain-gccarmnoneeabi-teensy/bin/../lib/gcc/arm-none-eabi/11.3.1/thumb/v7e-m+dp/hard\libc.a(libc_a-vdprintf.o)
                0x00003b40                _vdprintf_r
 .text.vdprintf
                0x00003b8c       0x1c c:/users/james/.platformio/packages/toolchain-gccarmnoneeabi-teensy/bin/../lib/gcc/arm-none-eabi/11.3.1/thumb/v7e-m+dp/hard\libc.a(libc_a-vdprintf.o)
                0x00003b8c                vdprintf
 .text.vsnprintf
                0x00003ba8       0x70 c:/users/james/.platformio/packages/toolchain-gccarmnoneeabi-teensy/bin/../lib/gcc/arm-none-eabi/11.3.1/thumb/v7e-m+dp/hard\libc.a(libc_a-vsnprintf.o)
                0x00003ba8                vsnprintf
 .text._vasnprintf_r
                0x00003c18       0x64 c:/users/james/.platformio/packages/toolchain-gccarmnoneeabi-teensy/bin/../lib/gcc/arm-none-eabi/11.3.1/thumb/v7e-m+dp/hard\libc.a(libc_a-vasnprintf.o)
                0x00003c18                _vasnprintf_r
 .text.memmove  0x00003c7c       0xf8 c:/users/james/.platformio/packages/toolchain-gccarmnoneeabi-teensy/bin/../lib/gcc/arm-none-eabi/11.3.1/thumb/v7e-m+dp/hard\libc.a(libc_a-memmove.o)
                0x00003c7c                memmove
 .text.memset   0x00003d74       0xa4 c:/users/james/.platformio/packages/toolchain-gccarmnoneeabi-teensy/bin/../lib/gcc/arm-none-eabi/11.3.1/thumb/v7e-m+dp/hard\libc.a(libc_a-memset.o)
                0x00003d74                memset
 .text.strncpy  0x00003e18       0x64 c:/users/james/.platformio/packages/toolchain-gccarmnoneeabi-teensy/bin/../lib/gcc/arm-none-eabi/11.3.1/thumb/v7e-m+dp/hard\libc.a(libc_a-strncpy.o)
                0x00003e18                strncpy
 .text.__locale_mb_cur_max
                0x00003e7c        0xc c:/users/james/.platformio/packages/toolchain-gccarmnoneeabi-teensy/bin/../lib/gcc/arm-none-eabi/11.3.1/thumb/v7e-m+dp/hard\libc.a(libc_a-locale.o)
                0x00003e7c                __locale_mb_cur_max
 .text._close_r
                0x00003e88       0x24 c:/users/james/.platformio/packages/toolchain-gccarmnoneeabi-teensy/bin/../lib/gcc/arm-none-eabi/11.3.1/thumb/v7e-m+dp/hard\libc.a(libc_a-closer.o)
                0x00003e88                _close_r
 .text._lseek_r
                0x00003eac       0x2c c:/users/james/.platformio/packages/toolchain-gccarmnoneeabi-teensy/bin/../lib/gcc/arm-none-eabi/11.3.1/thumb/v7e-m+dp/hard\libc.a(libc_a-lseekr.o)
                0x00003eac                _lseek_r
 .text._read_r  0x00003ed8       0x2c c:/users/james/.platformio/packages/toolchain-gccarmnoneeabi-teensy/bin/../lib/gcc/arm-none-eabi/11.3.1/thumb/v7e-m+dp/hard\libc.a(libc_a-readr.o)
                0x00003ed8                _read_r
 .text._sbrk_r  0x00003f04       0x24 c:/users/james/.platformio/packages/toolchain-gccarmnoneeabi-teensy/bin/../lib/gcc/arm-none-eabi/11.3.1/thumb/v7e-m+dp/hard\libc.a(libc_a-sbrkr.o)
                0x00003f04                _sbrk_r
 .text._write_r
                0x00003f28       0x2c c:/users/james/.platformio/packages/toolchain-gccarmnoneeabi-teensy/bin/../lib/gcc/arm-none-eabi/11.3.1/thumb/v7e-m+dp/hard\libc.a(libc_a-writer.o)
                0x00003f28                _write_r
 .text.__errno  0x00003f54        0xc c:/users/james/.platformio/packages/toolchain-gccarmnoneeabi-teensy/bin/../lib/gcc/arm-none-eabi/11.3.1/thumb/v7e-m+dp/hard\libc.a(libc_a-errno.o)
                0x00003f54                __errno
 .text.__libc_init_array
                0x00003f60       0x48 c:/users/james/.platformio/packages/toolchain-gccarmnoneeabi-teensy/bin/../lib/gcc/arm-none-eabi/11.3.1/thumb/v7e-m+dp/hard\libc.a(libc_a-init.o)
                0x00003f60                __libc_init_array
 .text.__retarget_lock_init_recursive
                0x00003fa8        0x4 c:/users/james/.platformio/packages/toolchain-gccarmnoneeabi-teensy/bin/../lib/gcc/arm-none-eabi/11.3.1/thumb/v7e-m+dp/hard\libc.a(libc_a-lock.o)
                0x00003fa8                __retarget_lock_init_recursive
 .text.__retarget_lock_close_recursive
                0x00003fac        0x4 c:/users/james/.platformio/packages/toolchain-gccarmnoneeabi-teensy/bin/../lib/gcc/arm-none-eabi/11.3.1/thumb/v7e-m+dp/hard\libc.a(libc_a-lock.o)
                0x00003fac                __retarget_lock_close_recursive
 .text.__retarget_lock_acquire_recursive
                0x00003fb0        0x4 c:/users/james/.platformio/packages/toolchain-gccarmnoneeabi-teensy/bin/../lib/gcc/arm-none-eabi/11.3.1/thumb/v7e-m+dp/hard\libc.a(libc_a-lock.o)
                0x00003fb0                __retarget_lock_acquire_recursive
 .text.__retarget_lock_release_recursive
                0x00003fb4        0x4 c:/users/james/.platformio/packages/toolchain-gccarmnoneeabi-teensy/bin/../lib/gcc/arm-none-eabi/11.3.1/thumb/v7e-m+dp/hard\libc.a(libc_a-lock.o)
                0x00003fb4                __retarget_lock_release_recursive
 .text.strcpy   0x00003fb8       0xbc c:/users/james/.platformio/packages/toolchain-gccarmnoneeabi-teensy/bin/../lib/gcc/arm-none-eabi/11.3.1/thumb/v7e-m+dp/hard\libc.a(libc_a-strcpy.o)
                0x00003fb8                strcpy
 *fill*         0x00004074        0xc 
 .text          0x00004080       0xdc c:/users/james/.platformio/packages/toolchain-gccarmnoneeabi-teensy/bin/../lib/gcc/arm-none-eabi/11.3.1/thumb/v7e-m+dp/hard\libc.a(libc_a-strlen.o)
                0x00004080                strlen
 .text.__register_exitproc
                0x0000415c       0x88 c:/users/james/.platformio/packages/toolchain-gccarmnoneeabi-teensy/bin/../lib/gcc/arm-none-eabi/11.3.1/thumb/v7e-m+dp/hard\libc.a(libc_a-__atexit.o)
                0x0000415c                __register_exitproc
 .text._malloc_trim_r
                0x000041e4       0xa0 c:/users/james/.platformio/packages/toolchain-gccarmnoneeabi-teensy/bin/../lib/gcc/arm-none-eabi/11.3.1/thumb/v7e-m+dp/hard\libc.a(libc_a-freer.o)
                0x000041e4                _malloc_trim_r
 .text._free_r  0x00004284      0x20c c:/users/james/.platformio/packages/toolchain-gccarmnoneeabi-teensy/bin/../lib/gcc/arm-none-eabi/11.3.1/thumb/v7e-m+dp/hard\libc.a(libc_a-freer.o)
                0x00004284                _free_r
 .text.__ascii_mbtowc
                0x00004490       0x2c c:/users/james/.platformio/packages/toolchain-gccarmnoneeabi-teensy/bin/../lib/gcc/arm-none-eabi/11.3.1/thumb/v7e-m+dp/hard\libc.a(libc_a-mbtowc_r.o)
                0x00004490                __ascii_mbtowc
 .text._Balloc  0x000044bc       0x4c c:/users/james/.platformio/packages/toolchain-gccarmnoneeabi-teensy/bin/../lib/gcc/arm-none-eabi/11.3.1/thumb/v7e-m+dp/hard\libc.a(libc_a-mprec.o)
                0x000044bc                _Balloc
 .text._Bfree   0x00004508       0x14 c:/users/james/.platformio/packages/toolchain-gccarmnoneeabi-teensy/bin/../lib/gcc/arm-none-eabi/11.3.1/thumb/v7e-m+dp/hard\libc.a(libc_a-mprec.o)
                0x00004508                _Bfree
 .text.__multadd
                0x0000451c       0xa4 c:/users/james/.platformio/packages/toolchain-gccarmnoneeabi-teensy/bin/../lib/gcc/arm-none-eabi/11.3.1/thumb/v7e-m+dp/hard\libc.a(libc_a-mprec.o)
                0x0000451c                __multadd
 .text.__hi0bits
                0x000045c0       0x40 c:/users/james/.platformio/packages/toolchain-gccarmnoneeabi-teensy/bin/../lib/gcc/arm-none-eabi/11.3.1/thumb/v7e-m+dp/hard\libc.a(libc_a-mprec.o)
                0x000045c0                __hi0bits
 .text.__lo0bits
                0x00004600       0x60 c:/users/james/.platformio/packages/toolchain-gccarmnoneeabi-teensy/bin/../lib/gcc/arm-none-eabi/11.3.1/thumb/v7e-m+dp/hard\libc.a(libc_a-mprec.o)
                0x00004600                __lo0bits
 .text.__i2b    0x00004660       0x5c c:/users/james/.platformio/packages/toolchain-gccarmnoneeabi-teensy/bin/../lib/gcc/arm-none-eabi/11.3.1/thumb/v7e-m+dp/hard\libc.a(libc_a-mprec.o)
                0x00004660                __i2b
 .text.__multiply
                0x000046bc      0x15c c:/users/james/.platformio/packages/toolchain-gccarmnoneeabi-teensy/bin/../lib/gcc/arm-none-eabi/11.3.1/thumb/v7e-m+dp/hard\libc.a(libc_a-mprec.o)
                0x000046bc                __multiply
 .text.__pow5mult
                0x00004818       0xc0 c:/users/james/.platformio/packages/toolchain-gccarmnoneeabi-teensy/bin/../lib/gcc/arm-none-eabi/11.3.1/thumb/v7e-m+dp/hard\libc.a(libc_a-mprec.o)
                0x00004818                __pow5mult
 .text.__lshift
                0x000048d8       0xf0 c:/users/james/.platformio/packages/toolchain-gccarmnoneeabi-teensy/bin/../lib/gcc/arm-none-eabi/11.3.1/thumb/v7e-m+dp/hard\libc.a(libc_a-mprec.o)
                0x000048d8                __lshift
 .text.__mcmp   0x000049c8       0x44 c:/users/james/.platformio/packages/toolchain-gccarmnoneeabi-teensy/bin/../lib/gcc/arm-none-eabi/11.3.1/thumb/v7e-m+dp/hard\libc.a(libc_a-mprec.o)
                0x000049c8                __mcmp
 .text.__mdiff  0x00004a0c      0x154 c:/users/james/.platformio/packages/toolchain-gccarmnoneeabi-teensy/bin/../lib/gcc/arm-none-eabi/11.3.1/thumb/v7e-m+dp/hard\libc.a(libc_a-mprec.o)
                0x00004a0c                __mdiff
 .text.__d2b    0x00004b60       0xd4 c:/users/james/.platformio/packages/toolchain-gccarmnoneeabi-teensy/bin/../lib/gcc/arm-none-eabi/11.3.1/thumb/v7e-m+dp/hard\libc.a(libc_a-mprec.o)
                0x00004b60                __d2b
 .text.__ascii_wctomb
                0x00004c34       0x1c c:/users/james/.platformio/packages/toolchain-gccarmnoneeabi-teensy/bin/../lib/gcc/arm-none-eabi/11.3.1/thumb/v7e-m+dp/hard\libc.a(libc_a-wctomb_r.o)
                0x00004c34                __ascii_wctomb
 .text._svfprintf_r
                0x00004c50     0x1b44 c:/users/james/.platformio/packages/toolchain-gccarmnoneeabi-teensy/bin/../lib/gcc/arm-none-eabi/11.3.1/thumb/v7e-m+dp/hard\libc.a(libc_a-svfprintf.o)
                0x00004c50                _svfprintf_r
 .text._fclose_r
                0x00006794       0xc8 c:/users/james/.platformio/packages/toolchain-gccarmnoneeabi-teensy/bin/../lib/gcc/arm-none-eabi/11.3.1/thumb/v7e-m+dp/hard\libc.a(libc_a-fclose.o)
                0x00006794                _fclose_r
 .text.__sflush_r
                0x0000685c      0x130 c:/users/james/.platformio/packages/toolchain-gccarmnoneeabi-teensy/bin/../lib/gcc/arm-none-eabi/11.3.1/thumb/v7e-m+dp/hard\libc.a(libc_a-fflush.o)
                0x0000685c                __sflush_r
 .text._fflush_r
                0x0000698c       0x54 c:/users/james/.platformio/packages/toolchain-gccarmnoneeabi-teensy/bin/../lib/gcc/arm-none-eabi/11.3.1/thumb/v7e-m+dp/hard\libc.a(libc_a-fflush.o)
                0x0000698c                _fflush_r
 .text._localeconv_r
                0x000069e0        0x8 c:/users/james/.platformio/packages/toolchain-gccarmnoneeabi-teensy/bin/../lib/gcc/arm-none-eabi/11.3.1/thumb/v7e-m+dp/hard\libc.a(libc_a-localeconv.o)
                0x000069e0                _localeconv_r
 *fill*         0x000069e8        0x8 
 .text          0x000069f0       0xa0 c:/users/james/.platformio/packages/toolchain-gccarmnoneeabi-teensy/bin/../lib/gcc/arm-none-eabi/11.3.1/thumb/v7e-m+dp/hard\libc.a(libc_a-memchr.o)
                0x000069f0                memchr
 .text.frexp    0x00006a90       0x78 c:/users/james/.platformio/packages/toolchain-gccarmnoneeabi-teensy/bin/../lib/gcc/arm-none-eabi/11.3.1/thumb/v7e-m+dp/hard\libc.a(libm_a-s_frexp.o)
                0x00006a90                frexp
 .text.__assert_func
                0x00006b08       0x40 c:/users/james/.platformio/packages/toolchain-gccarmnoneeabi-teensy/bin/../lib/gcc/arm-none-eabi/11.3.1/thumb/v7e-m+dp/hard\libc.a(libc_a-assert.o)
                0x00006b08                __assert_func
 .text._calloc_r
                0x00006b48       0x78 c:/users/james/.platformio/packages/toolchain-gccarmnoneeabi-teensy/bin/../lib/gcc/arm-none-eabi/11.3.1/thumb/v7e-m+dp/hard\libc.a(libc_a-callocr.o)
                0x00006b48                _calloc_r
 .text.quorem   0x00006bc0      0x128 c:/users/james/.platformio/packages/toolchain-gccarmnoneeabi-teensy/bin/../lib/gcc/arm-none-eabi/11.3.1/thumb/v7e-m+dp/hard\libc.a(libc_a-dtoa.o)
 .text._dtoa_r  0x00006ce8      0xcec c:/users/james/.platformio/packages/toolchain-gccarmnoneeabi-teensy/bin/../lib/gcc/arm-none-eabi/11.3.1/thumb/v7e-m+dp/hard\libc.a(libc_a-dtoa.o)
                0x00006ce8                _dtoa_r
 .text._wcrtomb_r
                0x000079d4       0x4c c:/users/james/.platformio/packages/toolchain-gccarmnoneeabi-teensy/bin/../lib/gcc/arm-none-eabi/11.3.1/thumb/v7e-m+dp/hard\libc.a(libc_a-wcrtomb.o)
                0x000079d4                _wcrtomb_r
 .text._wcsrtombs_r
                0x00007a20       0x18 c:/users/james/.platformio/packages/toolchain-gccarmnoneeabi-teensy/bin/../lib/gcc/arm-none-eabi/11.3.1/thumb/v7e-m+dp/hard\libc.a(libc_a-wcsrtombs.o)
                0x00007a20                _wcsrtombs_r
 .text.fiprintf
                0x00007a38       0x28 c:/users/james/.platformio/packages/toolchain-gccarmnoneeabi-teensy/bin/../lib/gcc/arm-none-eabi/11.3.1/thumb/v7e-m+dp/hard\libc.a(libc_a-fiprintf.o)
                0x00007a38                fiprintf
 .text.__ssprint_r
                0x00007a60      0x100 c:/users/james/.platformio/packages/toolchain-gccarmnoneeabi-teensy/bin/../lib/gcc/arm-none-eabi/11.3.1/thumb/v7e-m+dp/hard\libc.a(libc_a-svfiprintf.o)
                0x00007a60                __ssprint_r
 .text.__sprint_r.part.0
                0x00007b60       0x78 c:/users/james/.platformio/packages/toolchain-gccarmnoneeabi-teensy/bin/../lib/gcc/arm-none-eabi/11.3.1/thumb/v7e-m+dp/hard\libc.a(libc_a-vfiprintf.o)
 .text._vfiprintf_r
                0x00007bd8      0xf8c c:/users/james/.platformio/packages/toolchain-gccarmnoneeabi-teensy/bin/../lib/gcc/arm-none-eabi/11.3.1/thumb/v7e-m+dp/hard\libc.a(libc_a-vfiprintf.o)
                0x00007bd8                _vfiprintf_r
 .text.__sbprintf
                0x00008b64       0x80 c:/users/james/.platformio/packages/toolchain-gccarmnoneeabi-teensy/bin/../lib/gcc/arm-none-eabi/11.3.1/thumb/v7e-m+dp/hard\libc.a(libc_a-vfiprintf.o)
 .text.__sfvwrite_r
                0x00008be4      0x2f4 c:/users/james/.platformio/packages/toolchain-gccarmnoneeabi-teensy/bin/../lib/gcc/arm-none-eabi/11.3.1/thumb/v7e-m+dp/hard\libc.a(libc_a-fvwrite.o)
                0x00008be4                __sfvwrite_r
 .text.__swsetup_r
                0x00008ed8       0xcc c:/users/james/.platformio/packages/toolchain-gccarmnoneeabi-teensy/bin/../lib/gcc/arm-none-eabi/11.3.1/thumb/v7e-m+dp/hard\libc.a(libc_a-wsetup.o)
                0x00008ed8                __swsetup_r
 .text.__fputwc
                0x00008fa4       0xac c:/users/james/.platformio/packages/toolchain-gccarmnoneeabi-teensy/bin/../lib/gcc/arm-none-eabi/11.3.1/thumb/v7e-m+dp/hard\libc.a(libc_a-fputwc.o)
                0x00008fa4                __fputwc
 .text._fputwc_r
                0x00009050       0x68 c:/users/james/.platformio/packages/toolchain-gccarmnoneeabi-teensy/bin/../lib/gcc/arm-none-eabi/11.3.1/thumb/v7e-m+dp/hard\libc.a(libc_a-fputwc.o)
                0x00009050                _fputwc_r
 .text._wcsnrtombs_l
                0x000090b8      0x108 c:/users/james/.platformio/packages/toolchain-gccarmnoneeabi-teensy/bin/../lib/gcc/arm-none-eabi/11.3.1/thumb/v7e-m+dp/hard\libc.a(libc_a-wcsnrtombs.o)
                0x000090b8                _wcsnrtombs_l
 .text._wcsnrtombs_r
                0x000091c0       0x24 c:/users/james/.platformio/packages/toolchain-gccarmnoneeabi-teensy/bin/../lib/gcc/arm-none-eabi/11.3.1/thumb/v7e-m+dp/hard\libc.a(libc_a-wcsnrtombs.o)
                0x000091c0                _wcsnrtombs_r
 .text.__smakebuf_r
                0x000091e4       0xd8 c:/users/james/.platformio/packages/toolchain-gccarmnoneeabi-teensy/bin/../lib/gcc/arm-none-eabi/11.3.1/thumb/v7e-m+dp/hard\libc.a(libc_a-makebuf.o)
                0x000091e4                __smakebuf_r
 .text.__swbuf_r
                0x000092bc       0xb0 c:/users/james/.platformio/packages/toolchain-gccarmnoneeabi-teensy/bin/../lib/gcc/arm-none-eabi/11.3.1/thumb/v7e-m+dp/hard\libc.a(libc_a-wbuf.o)
                0x000092bc                __swbuf_r
 .text._fstat_r
                0x0000936c       0x2c c:/users/james/.platformio/packages/toolchain-gccarmnoneeabi-teensy/bin/../lib/gcc/arm-none-eabi/11.3.1/thumb/v7e-m+dp/hard\libc.a(libc_a-fstatr.o)
                0x0000936c                _fstat_r
 .text._isatty_r
                0x00009398       0x24 c:/users/james/.platformio/packages/toolchain-gccarmnoneeabi-teensy/bin/../lib/gcc/arm-none-eabi/11.3.1/thumb/v7e-m+dp/hard\libc.a(libc_a-isattyr.o)
                0x00009398                _isatty_r
 *fill*         0x000093bc        0x4 
 .text._isatty_r.__stub
                0x000093c0       0x18 linker stubs
                0x000093e0                . = ALIGN (0x10)
 *fill*         0x000093d8        0x8 

.glue_7         0x000093e0        0x0 load address 0x6000f6ec
 .glue_7        0x000093e0        0x0 linker stubs

.glue_7t        0x000093e0        0x0 load address 0x6000f6ec
 .glue_7t       0x000093e0        0x0 linker stubs

.vfp11_veneer   0x000093e0        0x0 load address 0x6000f6ec
 .vfp11_veneer  0x000093e0        0x0 linker stubs

.v4_bx          0x000093e0        0x0 load address 0x6000f6ec
 .v4_bx         0x000093e0        0x0 linker stubs

.fini           0x000093e0        0x4 load address 0x6000f6ec
 .fini          0x000093e0        0x4 c:/users/james/.platformio/packages/toolchain-gccarmnoneeabi-teensy/bin/../lib/gcc/arm-none-eabi/11.3.1/thumb/v7e-m+dp/hard/crti.o
                0x000093e0                _fini

.iplt           0x000093e4        0x0 load address 0x6000f6f0
 .iplt          0x000093e4        0x0 c:/users/james/.platformio/packages/toolchain-gccarmnoneeabi-teensy/bin/../lib/gcc/arm-none-eabi/11.3.1/thumb/v7e-m+dp/hard/crtbegin.o

.ARM.exidx      0x000093e4        0x8 load address 0x6000f6f0
                0x000093e4                __exidx_start = .
 *(.ARM.exidx* .ARM.extab.text* .gnu.linkonce.armexidx.*)
 .ARM.exidx.text.__aeabi_atexit
                0x000093e4        0x8 c:/users/james/.platformio/packages/toolchain-gccarmnoneeabi-teensy/bin/../lib/gcc/arm-none-eabi/11.3.1/thumb/v7e-m+dp/hard\libstdc++.a(atexit_arm.o)
                0x000093ec                __exidx_end = .

.data           0x20000000     0x1ec0 load address 0x6000f6f8
 *(.endpoint_queue)
 .endpoint_queue
                0x20000000      0x300 .pio\build\teensy41\libFrameworkArduino.a(usb.c.o)
                0x20000000                endpoint_queue_head
 *(SORT_BY_ALIGNMENT(SORT_BY_NAME(.rodata*)))
 .rodata.__mprec_bigtens
                0x20000300       0x28 c:/users/james/.platformio/packages/toolchain-gccarmnoneeabi-teensy/bin/../lib/gcc/arm-none-eabi/11.3.1/thumb/v7e-m+dp/hard\libc.a(libc_a-mprec.o)
                0x20000300                __mprec_bigtens
 .rodata.__mprec_tens
                0x20000328       0xc8 c:/users/james/.platformio/packages/toolchain-gccarmnoneeabi-teensy/bin/../lib/gcc/arm-none-eabi/11.3.1/thumb/v7e-m+dp/hard\libc.a(libc_a-mprec.o)
                0x20000328                __mprec_tens
 .rodata._Z7ticktokv.str1.4
                0x200003f0       0x55 .pio\build\teensy41\src\main.cpp.o
 *fill*         0x20000445        0x3 
 .rodata._ZN5Print10printFloatEdh.str1.4
                0x20000448        0xc .pio\build\teensy41\libFrameworkArduino.a(Print.cpp.o)
 .rodata._ZN6teensy23inplace_function_detail12empty_vtableIvJEEE
                0x20000454       0x10 .pio\build\teensy41\libFrameworkArduino.a(IntervalTimer.cpp.o)
                0x20000454                teensy::inplace_function_detail::empty_vtable<void>
 .rodata._ZTV16CrashReportClass
                0x20000464        0xc .pio\build\teensy41\libFrameworkArduino.a(CrashReport.cpp.o)
                0x20000464                vtable for CrashReportClass
 .rodata._ZTV16usb_serial_class
                0x20000470       0x28 .pio\build\teensy41\libFrameworkArduino.a(usb_inst.cpp.o)
                0x20000470                vtable for usb_serial_class
 .rodata._ZTV17usb_serial2_class
                0x20000498       0x28 .pio\build\teensy41\libFrameworkArduino.a(usb_inst.cpp.o)
                0x20000498                vtable for usb_serial2_class
 .rodata._ZZN6teensy16inplace_functionIFvvELj16ELj8EEC4IRS1_PS1_vEEOT_E2vt
                0x200004c0       0x10 .pio\build\teensy41\src\main.cpp.o
                0x200004c0                teensy::inplace_function<void (), 16u, 8u>::inplace_function<void (&)(), void (*)(), void>(void (&)())::vt
 .rodata.__assert_func.str1.4
                0x200004d0       0x3f c:/users/james/.platformio/packages/toolchain-gccarmnoneeabi-teensy/bin/../lib/gcc/arm-none-eabi/11.3.1/thumb/v7e-m+dp/hard\libc.a(libc_a-assert.o)
                                 0x43 (size before relaxing)
 *fill*         0x2000050f        0x1 
 .rodata.__multadd.str1.4
                0x20000510       0x6e c:/users/james/.platformio/packages/toolchain-gccarmnoneeabi-teensy/bin/../lib/gcc/arm-none-eabi/11.3.1/thumb/v7e-m+dp/hard\libc.a(libc_a-mprec.o)
 *fill*         0x2000057e        0x2 
 .rodata.__utoa.str1.4
                0x20000580       0x25 c:/users/james/.platformio/packages/toolchain-gccarmnoneeabi-teensy/bin/../lib/gcc/arm-none-eabi/11.3.1/thumb/v7e-m+dp/hard\libc.a(libc_a-utoa.o)
 *fill*         0x200005a5        0x3 
 .rodata._ctype_
                0x200005a8      0x101 c:/users/james/.platformio/packages/toolchain-gccarmnoneeabi-teensy/bin/../lib/gcc/arm-none-eabi/11.3.1/thumb/v7e-m+dp/hard\libc.a(libc_a-ctype_.o)
                0x200005a8                _ctype_
 *fill*         0x200006a9        0x3 
 .rodata._dtoa_r.str1.4
                0x200006ac       0x69 c:/users/james/.platformio/packages/toolchain-gccarmnoneeabi-teensy/bin/../lib/gcc/arm-none-eabi/11.3.1/thumb/v7e-m+dp/hard\libc.a(libc_a-dtoa.o)
                                 0x81 (size before relaxing)
 *fill*         0x20000715        0x3 
 .rodata._svfprintf_r.str1.4
                0x20000718       0x3a c:/users/james/.platformio/packages/toolchain-gccarmnoneeabi-teensy/bin/../lib/gcc/arm-none-eabi/11.3.1/thumb/v7e-m+dp/hard\libc.a(libc_a-svfprintf.o)
                                 0x42 (size before relaxing)
 .rodata._vfiprintf_r.str1.4
                0x20000752       0x2f c:/users/james/.platformio/packages/toolchain-gccarmnoneeabi-teensy/bin/../lib/gcc/arm-none-eabi/11.3.1/thumb/v7e-m+dp/hard\libc.a(libc_a-vfiprintf.o)
 *fill*         0x20000752        0x2 
 .rodata.blanks.1
                0x20000754       0x10 c:/users/james/.platformio/packages/toolchain-gccarmnoneeabi-teensy/bin/../lib/gcc/arm-none-eabi/11.3.1/thumb/v7e-m+dp/hard\libc.a(libc_a-svfprintf.o)
 .rodata.blanks.1
                0x20000764       0x10 c:/users/james/.platformio/packages/toolchain-gccarmnoneeabi-teensy/bin/../lib/gcc/arm-none-eabi/11.3.1/thumb/v7e-m+dp/hard\libc.a(libc_a-vfiprintf.o)
 .rodata.digital_pin_to_info_PGM
                0x20000774      0x370 .pio\build\teensy41\libFrameworkArduino.a(digital.c.o)
                0x20000774                digital_pin_to_info_PGM
 .rodata.p05.0  0x20000ae4        0xc c:/users/james/.platformio/packages/toolchain-gccarmnoneeabi-teensy/bin/../lib/gcc/arm-none-eabi/11.3.1/thumb/v7e-m+dp/hard\libc.a(libc_a-mprec.o)
 .rodata.setup.str1.4
                0x20000af0       0x4c .pio\build\teensy41\src\main.cpp.o
 .rodata.str1.4
                0x20000b3c      0x8a9 .pio\build\teensy41\libFrameworkArduino.a(CrashReport.cpp.o)
                                0x8ae (size before relaxing)
 *fill*         0x200013e5        0x3 
 .rodata.str1.4
                0x200013e8       0x44 c:/users/james/.platformio/packages/toolchain-gccarmnoneeabi-teensy/bin/../lib/gcc/arm-none-eabi/11.3.1/thumb/v7e-m+dp/hard\libc.a(libc_a-locale.o)
                                 0x4c (size before relaxing)
 .rodata.usb_descriptor_list
                0x2000142c       0x6c .pio\build\teensy41\libFrameworkArduino.a(usb_desc.c.o)
                0x2000142c                usb_descriptor_list
 .rodata.zeroes.0
                0x20001498       0x10 c:/users/james/.platformio/packages/toolchain-gccarmnoneeabi-teensy/bin/../lib/gcc/arm-none-eabi/11.3.1/thumb/v7e-m+dp/hard\libc.a(libc_a-svfprintf.o)
 .rodata.zeroes.0
                0x200014a8       0x10 c:/users/james/.platformio/packages/toolchain-gccarmnoneeabi-teensy/bin/../lib/gcc/arm-none-eabi/11.3.1/thumb/v7e-m+dp/hard\libc.a(libc_a-vfiprintf.o)
 .rodata._ZN6String15zeroterminationE
                0x200014b8        0x1 .pio\build\teensy41\libFrameworkArduino.a(WString.cpp.o)
                0x200014b8                String::zerotermination
 *(SORT_BY_ALIGNMENT(SORT_BY_NAME(.data*)))
 *fill*         0x200014b9        0x7 
 .data._impure_data
                0x200014c0      0x120 c:/users/james/.platformio/packages/toolchain-gccarmnoneeabi-teensy/bin/../lib/gcc/arm-none-eabi/11.3.1/thumb/v7e-m+dp/hard\libc.a(libc_a-impure.o)
                0x200014c0                _impure_data
 .data.CrashReport
                0x200015e0        0x4 .pio\build\teensy41\libFrameworkArduino.a(CrashReport.cpp.o)
                0x200015e0                CrashReport
 .data.F_BUS_ACTUAL
                0x200015e4        0x4 .pio\build\teensy41\libFrameworkArduino.a(clockspeed.c.o)
                0x200015e4                F_BUS_ACTUAL
 .data.F_CPU_ACTUAL
                0x200015e8        0x4 .pio\build\teensy41\libFrameworkArduino.a(clockspeed.c.o)
                0x200015e8                F_CPU_ACTUAL
 .data.Serial   0x200015ec       0x10 .pio\build\teensy41\libFrameworkArduino.a(usb_inst.cpp.o)
                0x200015ec                Serial
 .data.SerialUSB1
                0x200015fc       0x10 .pio\build\teensy41\libFrameworkArduino.a(usb_inst.cpp.o)
                0x200015fc                SerialUSB1
 .data.TickTock
                0x2000160c        0x8 .pio\build\teensy41\src\main.cpp.o
                0x2000160c                TickTock
 .data._ZN13IntervalTimer14nvic_prioritesE
                0x20001614        0x4 .pio\build\teensy41\libFrameworkArduino.a(IntervalTimer.cpp.o)
                0x20001614                IntervalTimer::nvic_priorites
 .data.__atexit_recursive_mutex
                0x20001618        0x4 c:/users/james/.platformio/packages/toolchain-gccarmnoneeabi-teensy/bin/../lib/gcc/arm-none-eabi/11.3.1/thumb/v7e-m+dp/hard\libc.a(libc_a-__call_atexit.o)
                0x20001618                __atexit_recursive_mutex
 .data.__brkval
                0x2000161c        0x4 .pio\build\teensy41\libFrameworkArduino.a(startup.c.o)
                0x2000161c                __brkval
 .data.__dso_handle
                0x20001620        0x4 c:/users/james/.platformio/packages/toolchain-gccarmnoneeabi-teensy/bin/../lib/gcc/arm-none-eabi/11.3.1/thumb/v7e-m+dp/hard/crtbegin.o
                0x20001620                __dso_handle
 .data.__global_locale
                0x20001624      0x16c c:/users/james/.platformio/packages/toolchain-gccarmnoneeabi-teensy/bin/../lib/gcc/arm-none-eabi/11.3.1/thumb/v7e-m+dp/hard\libc.a(libc_a-locale.o)
                0x20001624                __global_locale
 .data.__malloc_av_
                0x20001790      0x408 c:/users/james/.platformio/packages/toolchain-gccarmnoneeabi-teensy/bin/../lib/gcc/arm-none-eabi/11.3.1/thumb/v7e-m+dp/hard\libc.a(libc_a-mallocr.o)
                0x20001790                __malloc_av_
 .data.__malloc_sbrk_base
                0x20001b98        0x4 c:/users/james/.platformio/packages/toolchain-gccarmnoneeabi-teensy/bin/../lib/gcc/arm-none-eabi/11.3.1/thumb/v7e-m+dp/hard\libc.a(libc_a-mallocr.o)
                0x20001b98                __malloc_sbrk_base
 .data.__malloc_trim_threshold
                0x20001b9c        0x4 c:/users/james/.platformio/packages/toolchain-gccarmnoneeabi-teensy/bin/../lib/gcc/arm-none-eabi/11.3.1/thumb/v7e-m+dp/hard\libc.a(libc_a-mallocr.o)
                0x20001b9c                __malloc_trim_threshold
 .data.__sglue  0x20001ba0        0xc c:/users/james/.platformio/packages/toolchain-gccarmnoneeabi-teensy/bin/../lib/gcc/arm-none-eabi/11.3.1/thumb/v7e-m+dp/hard\libc.a(libc_a-findfp.o)
                0x20001ba0                __sglue
 .data._impure_ptr
                0x20001bac        0x4 c:/users/james/.platformio/packages/toolchain-gccarmnoneeabi-teensy/bin/../lib/gcc/arm-none-eabi/11.3.1/thumb/v7e-m+dp/hard\libc.a(libc_a-impure.o)
                0x20001bac                _impure_ptr
 .data.device_descriptor
                0x20001bb0       0x12 .pio\build\teensy41\libFrameworkArduino.a(usb_desc.c.o)
 *fill*         0x20001bc2        0x2 
 .data.usb_string_serial_number_default
                0x20001bc4       0x16 .pio\build\teensy41\libFrameworkArduino.a(usb_desc.c.o)
                0x20001bc4                usb_string_serial_number
                0x20001bc4                usb_string_serial_number_default
 *(.vectorsram)
 *fill*         0x20001bda       0x26 
 .vectorsram    0x20001c00      0x2c0 .pio\build\teensy41\libFrameworkArduino.a(startup.c.o)
                0x20001c00                _VectorsRam

.tm_clone_table
                0x20001ec0        0x0 load address 0x600115b8
 .tm_clone_table
                0x20001ec0        0x0 c:/users/james/.platformio/packages/toolchain-gccarmnoneeabi-teensy/bin/../lib/gcc/arm-none-eabi/11.3.1/thumb/v7e-m+dp/hard/crtbegin.o
 .tm_clone_table
                0x20001ec0        0x0 c:/users/james/.platformio/packages/toolchain-gccarmnoneeabi-teensy/bin/../lib/gcc/arm-none-eabi/11.3.1/thumb/v7e-m+dp/hard/crtend.o

.igot.plt       0x20001ec0        0x0 load address 0x600115b8
 .igot.plt      0x20001ec0        0x0 c:/users/james/.platformio/packages/toolchain-gccarmnoneeabi-teensy/bin/../lib/gcc/arm-none-eabi/11.3.1/thumb/v7e-m+dp/hard/crtbegin.o

.bss            0x20001ec0      0xc40
 *(SORT_BY_ALIGNMENT(SORT_BY_NAME(.bss*)))
 .bss._ZL11funct_table
                0x20001ec0       0x60 .pio\build\teensy41\libFrameworkArduino.a(IntervalTimer.cpp.o)
 .bss.endpoint0_transfer_ack
                0x20001f20       0x20 .pio\build\teensy41\libFrameworkArduino.a(usb.c.o)
                0x20001f20                endpoint0_transfer_ack
 .bss.endpoint0_transfer_data
                0x20001f40       0x20 .pio\build\teensy41\libFrameworkArduino.a(usb.c.o)
                0x20001f40                endpoint0_transfer_data
 .bss.rx_transfer
                0x20001f60      0x100 .pio\build\teensy41\libFrameworkArduino.a(usb_serial.c.o)
 .bss.rx_transfer
                0x20002060      0x100 .pio\build\teensy41\libFrameworkArduino.a(usb_serial2.c.o)
 .bss.tx_transfer
                0x20002160       0x80 .pio\build\teensy41\libFrameworkArduino.a(usb_serial.c.o)
 .bss.tx_transfer
                0x200021e0       0x80 .pio\build\teensy41\libFrameworkArduino.a(usb_serial2.c.o)
 .bss.endpoint0_setupdata
                0x20002260        0x8 .pio\build\teensy41\libFrameworkArduino.a(usb.c.o)
 .bss._ZN14EventResponder10firstYieldE
                0x20002268        0x4 .pio\build\teensy41\libFrameworkArduino.a(EventResponder.cpp.o)
                0x20002268                EventResponder::firstYield
 .bss._ZN14EventResponder13lastInterruptE
                0x2000226c        0x4 .pio\build\teensy41\libFrameworkArduino.a(EventResponder.cpp.o)
                0x2000226c                EventResponder::lastInterrupt
 .bss._ZN14EventResponder14firstInterruptE
                0x20002270        0x4 .pio\build\teensy41\libFrameworkArduino.a(EventResponder.cpp.o)
                0x20002270                EventResponder::firstInterrupt
 .bss._ZN14EventResponder9lastYieldE
                0x20002274        0x4 .pio\build\teensy41\libFrameworkArduino.a(EventResponder.cpp.o)
                0x20002274                EventResponder::lastYield
 .bss._ZN19HardwareSerialIMXRT28s_serials_with_serial_eventsE
                0x20002278       0x20 .pio\build\teensy41\libFrameworkArduino.a(HardwareSerial.cpp.o)
                0x20002278                HardwareSerialIMXRT::s_serials_with_serial_events
 .bss._ZZ7logInfoI16usb_serial_classEvRT_PKczE3msg
                0x20002298      0x400 .pio\build\teensy41\src\main.cpp.o
                0x20002298                logInfo<usb_serial_class>(usb_serial_class&, char const*, ...)::msg
 .bss._ZZ7ticktokvE9tickCount
                0x20002698        0x4 .pio\build\teensy41\src\main.cpp.o
 .bss.__atexit  0x2000269c        0x4 c:/users/james/.platformio/packages/toolchain-gccarmnoneeabi-teensy/bin/../lib/gcc/arm-none-eabi/11.3.1/thumb/v7e-m+dp/hard\libc.a(libc_a-__call_atexit.o)
                0x2000269c                __atexit
 .bss.__atexit0
                0x200026a0      0x190 c:/users/james/.platformio/packages/toolchain-gccarmnoneeabi-teensy/bin/../lib/gcc/arm-none-eabi/11.3.1/thumb/v7e-m+dp/hard\libc.a(libc_a-__atexit.o)
                0x200026a0                __atexit0
 .bss.__lock___atexit_recursive_mutex
                0x20002830        0x1 c:/users/james/.platformio/packages/toolchain-gccarmnoneeabi-teensy/bin/../lib/gcc/arm-none-eabi/11.3.1/thumb/v7e-m+dp/hard\libc.a(libc_a-lock.o)
                0x20002830                __lock___atexit_recursive_mutex
 *fill*         0x20002831        0x3 
 .bss.__lock___malloc_recursive_mutex
                0x20002834        0x1 c:/users/james/.platformio/packages/toolchain-gccarmnoneeabi-teensy/bin/../lib/gcc/arm-none-eabi/11.3.1/thumb/v7e-m+dp/hard\libc.a(libc_a-lock.o)
                0x20002834                __lock___malloc_recursive_mutex
 *fill*         0x20002835        0x3 
 .bss.__lock___sfp_recursive_mutex
                0x20002838        0x1 c:/users/james/.platformio/packages/toolchain-gccarmnoneeabi-teensy/bin/../lib/gcc/arm-none-eabi/11.3.1/thumb/v7e-m+dp/hard\libc.a(libc_a-lock.o)
                0x20002838                __lock___sfp_recursive_mutex
 *fill*         0x20002839        0x3 
 .bss.__malloc_current_mallinfo
                0x2000283c       0x28 c:/users/james/.platformio/packages/toolchain-gccarmnoneeabi-teensy/bin/../lib/gcc/arm-none-eabi/11.3.1/thumb/v7e-m+dp/hard\libc.a(libc_a-mallocr.o)
                0x2000283c                __malloc_current_mallinfo
 .bss.__malloc_max_sbrked_mem
                0x20002864        0x4 c:/users/james/.platformio/packages/toolchain-gccarmnoneeabi-teensy/bin/../lib/gcc/arm-none-eabi/11.3.1/thumb/v7e-m+dp/hard\libc.a(libc_a-mallocr.o)
                0x20002864                __malloc_max_sbrked_mem
 .bss.__malloc_max_total_mem
                0x20002868        0x4 c:/users/james/.platformio/packages/toolchain-gccarmnoneeabi-teensy/bin/../lib/gcc/arm-none-eabi/11.3.1/thumb/v7e-m+dp/hard\libc.a(libc_a-mallocr.o)
                0x20002868                __malloc_max_total_mem
 .bss.__malloc_top_pad
                0x2000286c        0x4 c:/users/james/.platformio/packages/toolchain-gccarmnoneeabi-teensy/bin/../lib/gcc/arm-none-eabi/11.3.1/thumb/v7e-m+dp/hard\libc.a(libc_a-mallocr.o)
                0x2000286c                __malloc_top_pad
 .bss.__sf      0x20002870      0x138 c:/users/james/.platformio/packages/toolchain-gccarmnoneeabi-teensy/bin/../lib/gcc/arm-none-eabi/11.3.1/thumb/v7e-m+dp/hard\libc.a(libc_a-findfp.o)
                0x20002870                __sf
 .bss.__stdio_exit_handler
                0x200029a8        0x4 c:/users/james/.platformio/packages/toolchain-gccarmnoneeabi-teensy/bin/../lib/gcc/arm-none-eabi/11.3.1/thumb/v7e-m+dp/hard\libc.a(libc_a-findfp.o)
                0x200029a8                __stdio_exit_handler
 .bss.endpoint0_buffer
                0x200029ac        0x8 .pio\build\teensy41\libFrameworkArduino.a(usb.c.o)
 .bss.endpoint0_notify_mask
                0x200029b4        0x4 .pio\build\teensy41\libFrameworkArduino.a(usb.c.o)
 .bss.endpointN_notify_mask
                0x200029b8        0x4 .pio\build\teensy41\libFrameworkArduino.a(usb.c.o)
 .bss.errno     0x200029bc        0x4 c:/users/james/.platformio/packages/toolchain-gccarmnoneeabi-teensy/bin/../lib/gcc/arm-none-eabi/11.3.1/thumb/v7e-m+dp/hard\libc.a(libc_a-reent.o)
                0x200029bc                errno
 .bss.extmem_smalloc_pool
                0x200029c0       0x10 .pio\build\teensy41\libFrameworkArduino.a(startup.c.o)
                0x200029c0                extmem_smalloc_pool
 .bss.mcrc32    0x200029d0        0x4 .pio\build\teensy41\src\main.cpp.o
                0x200029d0                mcrc32
 .bss.object.0  0x200029d4       0x18 c:/users/james/.platformio/packages/toolchain-gccarmnoneeabi-teensy/bin/../lib/gcc/arm-none-eabi/11.3.1/thumb/v7e-m+dp/hard/crtbegin.o
 .bss.reply_buffer
                0x200029ec        0x8 .pio\build\teensy41\libFrameworkArduino.a(usb.c.o)
 .bss.ringBuffer
                0x200029f4       0x14 .pio\build\teensy41\src\main.cpp.o
                0x200029f4                ringBuffer
 .bss.rx_available
                0x20002a08        0x4 .pio\build\teensy41\libFrameworkArduino.a(usb_serial.c.o)
 .bss.rx_available
                0x20002a0c        0x4 .pio\build\teensy41\libFrameworkArduino.a(usb_serial2.c.o)
 .bss.rx_count  0x20002a10       0x10 .pio\build\teensy41\libFrameworkArduino.a(usb_serial.c.o)
 .bss.rx_count  0x20002a20       0x10 .pio\build\teensy41\libFrameworkArduino.a(usb_serial2.c.o)
 .bss.rx_index  0x20002a30       0x10 .pio\build\teensy41\libFrameworkArduino.a(usb_serial.c.o)
 .bss.rx_index  0x20002a40       0x10 .pio\build\teensy41\libFrameworkArduino.a(usb_serial2.c.o)
 .bss.rx_list   0x20002a50        0x9 .pio\build\teensy41\libFrameworkArduino.a(usb_serial.c.o)
 *fill*         0x20002a59        0x3 
 .bss.rx_list   0x20002a5c        0x9 .pio\build\teensy41\libFrameworkArduino.a(usb_serial2.c.o)
 *fill*         0x20002a65        0x3 
 .bss.s_hotCount
                0x20002a68        0x4 .pio\build\teensy41\libFrameworkArduino.a(tempmon.c.o)
 .bss.s_hotTemp
                0x20002a6c        0x4 .pio\build\teensy41\libFrameworkArduino.a(tempmon.c.o)
 .bss.s_hot_ROOM
                0x20002a70        0x4 .pio\build\teensy41\libFrameworkArduino.a(tempmon.c.o)
 .bss.s_roomC_hotC
                0x20002a74        0x4 .pio\build\teensy41\libFrameworkArduino.a(tempmon.c.o)
 .bss.scale_cpu_cycles_to_microseconds
                0x20002a78        0x4 .pio\build\teensy41\libFrameworkArduino.a(delay.c.o)
                0x20002a78                scale_cpu_cycles_to_microseconds
 .bss.systick_cycle_count
                0x20002a7c        0x4 .pio\build\teensy41\libFrameworkArduino.a(delay.c.o)
                0x20002a7c                systick_cycle_count
 .bss.systick_millis_count
                0x20002a80        0x4 .pio\build\teensy41\libFrameworkArduino.a(delay.c.o)
                0x20002a80                systick_millis_count
 .bss.systick_safe_read
                0x20002a84        0x4 .pio\build\teensy41\libFrameworkArduino.a(delay.c.o)
                0x20002a84                systick_safe_read
 .bss.usb_cdc2_line_coding
                0x20002a88        0x8 .pio\build\teensy41\libFrameworkArduino.a(usb_serial2.c.o)
                0x20002a88                usb_cdc2_line_coding
 .bss.usb_cdc2_line_rtsdtr_millis
                0x20002a90        0x4 .pio\build\teensy41\libFrameworkArduino.a(usb_serial2.c.o)
                0x20002a90                usb_cdc2_line_rtsdtr_millis
 .bss.usb_cdc_line_coding
                0x20002a94        0x8 .pio\build\teensy41\libFrameworkArduino.a(usb_serial.c.o)
                0x20002a94                usb_cdc_line_coding
 .bss.usb_cdc_line_rtsdtr_millis
                0x20002a9c        0x4 .pio\build\teensy41\libFrameworkArduino.a(usb_serial.c.o)
                0x20002a9c                usb_cdc_line_rtsdtr_millis
 .bss.usb_timer0_callback
                0x20002aa0        0x4 .pio\build\teensy41\libFrameworkArduino.a(usb.c.o)
                0x20002aa0                usb_timer0_callback
 .bss.usb_timer1_callback
                0x20002aa4        0x4 .pio\build\teensy41\libFrameworkArduino.a(usb.c.o)
                0x20002aa4                usb_timer1_callback
 .bss.rx_packet_size
                0x20002aa8        0x2 .pio\build\teensy41\libFrameworkArduino.a(usb_serial.c.o)
 .bss.rx_packet_size
                0x20002aaa        0x2 .pio\build\teensy41\libFrameworkArduino.a(usb_serial2.c.o)
 .bss.tx_available
                0x20002aac        0x2 .pio\build\teensy41\libFrameworkArduino.a(usb_serial.c.o)
 .bss.tx_available
                0x20002aae        0x2 .pio\build\teensy41\libFrameworkArduino.a(usb_serial2.c.o)
 .bss.tx_packet_size
                0x20002ab0        0x2 .pio\build\teensy41\libFrameworkArduino.a(usb_serial.c.o)
 .bss.tx_packet_size
                0x20002ab2        0x2 .pio\build\teensy41\libFrameworkArduino.a(usb_serial2.c.o)
 .bss._ZN14EventResponder16runningFromYieldE
                0x20002ab4        0x1 .pio\build\teensy41\libFrameworkArduino.a(EventResponder.cpp.o)
                0x20002ab4                EventResponder::runningFromYield
 .bss._ZN19HardwareSerialIMXRT34s_count_serials_with_serial_eventsE
                0x20002ab5        0x1 .pio\build\teensy41\libFrameworkArduino.a(HardwareSerial.cpp.o)
                0x20002ab5                HardwareSerialIMXRT::s_count_serials_with_serial_events
 .bss._ZZ5yieldE7running
                0x20002ab6        0x1 .pio\build\teensy41\libFrameworkArduino.a(yield.cpp.o)
 .bss.calibrating
                0x20002ab7        0x1 .pio\build\teensy41\libFrameworkArduino.a(analog.c.o)
 .bss.external_psram_size
                0x20002ab8        0x1 .pio\build\teensy41\libFrameworkArduino.a(startup.c.o)
                0x20002ab8                external_psram_size
 .bss.rx_head   0x20002ab9        0x1 .pio\build\teensy41\libFrameworkArduino.a(usb_serial.c.o)
 .bss.rx_head   0x20002aba        0x1 .pio\build\teensy41\libFrameworkArduino.a(usb_serial2.c.o)
 .bss.rx_tail   0x20002abb        0x1 .pio\build\teensy41\libFrameworkArduino.a(usb_serial.c.o)
 .bss.rx_tail   0x20002abc        0x1 .pio\build\teensy41\libFrameworkArduino.a(usb_serial2.c.o)
 .bss.sof_usage
                0x20002abd        0x1 .pio\build\teensy41\libFrameworkArduino.a(usb.c.o)
 .bss.transmit_previous_timeout
                0x20002abe        0x1 .pio\build\teensy41\libFrameworkArduino.a(usb_serial.c.o)
 .bss.transmit_previous_timeout
                0x20002abf        0x1 .pio\build\teensy41\libFrameworkArduino.a(usb_serial2.c.o)
 .bss.tx_head   0x20002ac0        0x1 .pio\build\teensy41\libFrameworkArduino.a(usb_serial.c.o)
 .bss.tx_head   0x20002ac1        0x1 .pio\build\teensy41\libFrameworkArduino.a(usb_serial2.c.o)
 .bss.tx_noautoflush
                0x20002ac2        0x1 .pio\build\teensy41\libFrameworkArduino.a(usb_serial.c.o)
 .bss.tx_noautoflush
                0x20002ac3        0x1 .pio\build\teensy41\libFrameworkArduino.a(usb_serial2.c.o)
 .bss.usb_cdc2_line_rtsdtr
                0x20002ac4        0x1 .pio\build\teensy41\libFrameworkArduino.a(usb_serial2.c.o)
                0x20002ac4                usb_cdc2_line_rtsdtr
 .bss.usb_cdc_line_rtsdtr
                0x20002ac5        0x1 .pio\build\teensy41\libFrameworkArduino.a(usb_serial.c.o)
                0x20002ac5                usb_cdc_line_rtsdtr
 .bss.usb_configuration
                0x20002ac6        0x1 .pio\build\teensy41\libFrameworkArduino.a(usb.c.o)
                0x20002ac6                usb_configuration
 .bss.usb_high_speed
                0x20002ac7        0x1 .pio\build\teensy41\libFrameworkArduino.a(usb.c.o)
                0x20002ac7                usb_high_speed
 .bss.usb_reboot_timer
                0x20002ac8        0x1 .pio\build\teensy41\libFrameworkArduino.a(usb.c.o)
 .bss.yield_active_check_flags
                0x20002ac9        0x1 .pio\build\teensy41\libFrameworkArduino.a(yield.cpp.o)
                0x20002ac9                yield_active_check_flags
 *(SORT_BY_ALIGNMENT(SORT_BY_NAME(COMMON)))
                0x20002ae0                . = ALIGN (0x20)
 *fill*         0x20002aca       0x16 
                0x20002b00                . = (. + 0x20)
 *fill*         0x20002ae0       0x20 

.bss.dma        0x20200000    0x260a0
 *(.hab_log)
 *(.dmabuffers)
 .dmabuffers    0x20200000    0x20000 .pio\build\teensy41\src\main.cpp.o
                0x20200000                ringBufferArray
                0x20210000                sendBuffer
 .dmabuffers    0x20220000       0x8d .pio\build\teensy41\libFrameworkArduino.a(usb_desc.c.o)
                0x20220000                usb_descriptor_buffer
 *fill*         0x2022008d       0x13 
 .dmabuffers    0x202200a0     0x3000 .pio\build\teensy41\libFrameworkArduino.a(usb_serial.c.o)
 .dmabuffers    0x202230a0     0x3000 .pio\build\teensy41\libFrameworkArduino.a(usb_serial2.c.o)
                0x202260a0                . = ALIGN (0x20)

.bss.extram     0x70000000        0x0
 *(SORT_BY_ALIGNMENT(SORT_BY_NAME(.externalram)))
                0x70000000                . = ALIGN (0x20)

.text.csf       0x600115b8      0xe48
 FILL mask 0xff
                0x60011800                . = ALIGN (0x400)
 *fill*         0x600115b8      0x248 ff
 *(.csf)
 .csf           0x60011800      0xc00 .pio\build\teensy41\libFrameworkArduino.a(bootdata.c.o)
                0x60011800                hab_csf
                0x60012400                __text_csf_end = .
                0x00000000                _stext = ADDR (.text.itcm)
                0x000093e8                _etext = ((ADDR (.text.itcm) + SIZEOF (.text.itcm)) + SIZEOF (.ARM.exidx))
                0x6000630c                _stextload = LOADADDR (.text.itcm)
                0x20000000                _sdata = ADDR (.data)
                0x20001ec0                _edata = (ADDR (.data) + SIZEOF (.data))
                0x6000f6f8                _sdataload = LOADADDR (.data)
                0x20001ec0                _sbss = ADDR (.bss)
                0x20002b00                _ebss = (ADDR (.bss) + SIZEOF (.bss))
                0x202260a0                _heap_start = (ADDR (.bss.dma) + SIZEOF (.bss.dma))
                0x20280000                _heap_end = (ORIGIN (RAM) + LENGTH (RAM))
                0x70000000                _extram_start = ADDR (.bss.extram)
                0x70000000                _extram_end = (ADDR (.bss.extram) + SIZEOF (.bss.extram))
                0x00000002                _itcm_block_count = (((SIZEOF (.text.itcm) + SIZEOF (.ARM.exidx)) + 0x7fff) >> 0xf)
                0xaaaaaaaf                _flexram_bank_config = (0xaaaaaaaa | ((0x1 << (_itcm_block_count * 0x2)) - 0x1))
                0x20070000                _estack = (ORIGIN (DTCM) + ((0x10 - _itcm_block_count) << 0xf))
                0x00012400                _flashimagelen = (__text_csf_end - ORIGIN (FLASH))
                0x00000025                _teensy_model_identifier = 0x25

.eh_frame       0x60012400        0x0
 .eh_frame      0x60012400        0x0 c:/users/james/.platformio/packages/toolchain-gccarmnoneeabi-teensy/bin/../lib/gcc/arm-none-eabi/11.3.1/thumb/v7e-m+dp/hard/crtbegin.o

.rel.dyn        0x60012400        0x0
 .rel.iplt      0x60012400        0x0 c:/users/james/.platformio/packages/toolchain-gccarmnoneeabi-teensy/bin/../lib/gcc/arm-none-eabi/11.3.1/thumb/v7e-m+dp/hard/crtbegin.o

.debug_info
 *(.debug_info)

.debug_abbrev
 *(.debug_abbrev)

.debug_line
 *(.debug_line)

.debug_frame
 *(.debug_frame)

.debug_str
 *(.debug_str)

.debug_loc
 *(.debug_loc)
OUTPUT(.pio\build\teensy41\firmware.elf elf32-littlearm)
LOAD linker stubs

.ARM.attributes
                0x00000000       0x2e
 .ARM.attributes
                0x00000000       0x1e c:/users/james/.platformio/packages/toolchain-gccarmnoneeabi-teensy/bin/../lib/gcc/arm-none-eabi/11.3.1/thumb/v7e-m+dp/hard/crti.o
 .ARM.attributes
                0x0000001e       0x32 c:/users/james/.platformio/packages/toolchain-gccarmnoneeabi-teensy/bin/../lib/gcc/arm-none-eabi/11.3.1/thumb/v7e-m+dp/hard/crtbegin.o
 .ARM.attributes
                0x00000050       0x32 .pio\build\teensy41\src\main.cpp.o
 .ARM.attributes
                0x00000082       0x32 .pio\build\teensy41\lib93c\libFastCRC.a(FastCRCsw.cpp.o)
 .ARM.attributes
                0x000000b4       0x32 .pio\build\teensy41\libFrameworkArduino.a(CrashReport.cpp.o)
 .ARM.attributes
                0x000000e6       0x32 .pio\build\teensy41\libFrameworkArduino.a(IntervalTimer.cpp.o)
 .ARM.attributes
                0x00000118       0x32 .pio\build\teensy41\libFrameworkArduino.a(Print.cpp.o)
 .ARM.attributes
                0x0000014a       0x32 .pio\build\teensy41\libFrameworkArduino.a(WString.cpp.o)
 .ARM.attributes
                0x0000017c       0x32 .pio\build\teensy41\libFrameworkArduino.a(bootdata.c.o)
 .ARM.attributes
                0x000001ae       0x32 .pio\build\teensy41\libFrameworkArduino.a(clockspeed.c.o)
 .ARM.attributes
                0x000001e0       0x32 .pio\build\teensy41\libFrameworkArduino.a(delay.c.o)
 .ARM.attributes
                0x00000212       0x32 .pio\build\teensy41\libFrameworkArduino.a(digital.c.o)
 .ARM.attributes
                0x00000244       0x32 .pio\build\teensy41\libFrameworkArduino.a(main.cpp.o)
 .ARM.attributes
                0x00000276       0x1e .pio\build\teensy41\libFrameworkArduino.a(memcpy-armv7m.S.o)
 .ARM.attributes
                0x00000294       0x32 .pio\build\teensy41\libFrameworkArduino.a(nonstd.c.o)
 .ARM.attributes
                0x000002c6       0x32 .pio\build\teensy41\libFrameworkArduino.a(startup.c.o)
 .ARM.attributes
                0x000002f8       0x32 .pio\build\teensy41\libFrameworkArduino.a(tempmon.c.o)
 .ARM.attributes
                0x0000032a       0x32 .pio\build\teensy41\libFrameworkArduino.a(usb.c.o)
 .ARM.attributes
                0x0000035c       0x32 .pio\build\teensy41\libFrameworkArduino.a(usb_desc.c.o)
 .ARM.attributes
                0x0000038e       0x32 .pio\build\teensy41\libFrameworkArduino.a(usb_inst.cpp.o)
 .ARM.attributes
                0x000003c0       0x32 .pio\build\teensy41\libFrameworkArduino.a(usb_serial.c.o)
 .ARM.attributes
                0x000003f2       0x32 .pio\build\teensy41\libFrameworkArduino.a(usb_serial2.c.o)
 .ARM.attributes
                0x00000424       0x32 .pio\build\teensy41\libFrameworkArduino.a(yield.cpp.o)
 .ARM.attributes
                0x00000456       0x32 .pio\build\teensy41\libFrameworkArduino.a(EventResponder.cpp.o)
 .ARM.attributes
                0x00000488       0x32 .pio\build\teensy41\libFrameworkArduino.a(HardwareSerial.cpp.o)
 .ARM.attributes
                0x000004ba       0x32 .pio\build\teensy41\libFrameworkArduino.a(analog.c.o)
 .ARM.attributes
                0x000004ec       0x32 .pio\build\teensy41\libFrameworkArduino.a(pwm.c.o)
 .ARM.attributes
                0x0000051e       0x32 .pio\build\teensy41\libFrameworkArduino.a(rtc.c.o)
 .ARM.attributes
                0x00000550       0x32 .pio\build\teensy41\libFrameworkArduino.a(sm_pool.c.o)
 .ARM.attributes
                0x00000582       0x32 c:/users/james/.platformio/packages/toolchain-gccarmnoneeabi-teensy/bin/../lib/gcc/arm-none-eabi/11.3.1/thumb/v7e-m+dp/hard\libstdc++.a(atexit_arm.o)
 .ARM.attributes
                0x000005b4       0x32 c:/users/james/.platformio/packages/toolchain-gccarmnoneeabi-teensy/bin/../lib/gcc/arm-none-eabi/11.3.1/thumb/v7e-m+dp/hard\libc.a(libc_a-itoa.o)
 .ARM.attributes
                0x000005e6       0x32 c:/users/james/.platformio/packages/toolchain-gccarmnoneeabi-teensy/bin/../lib/gcc/arm-none-eabi/11.3.1/thumb/v7e-m+dp/hard\libc.a(libc_a-malloc.o)
 .ARM.attributes
                0x00000618       0x32 c:/users/james/.platformio/packages/toolchain-gccarmnoneeabi-teensy/bin/../lib/gcc/arm-none-eabi/11.3.1/thumb/v7e-m+dp/hard\libc.a(libc_a-mallocr.o)
 .ARM.attributes
                0x0000064a       0x32 c:/users/james/.platformio/packages/toolchain-gccarmnoneeabi-teensy/bin/../lib/gcc/arm-none-eabi/11.3.1/thumb/v7e-m+dp/hard\libc.a(libc_a-mlock.o)
 .ARM.attributes
                0x0000067c       0x32 c:/users/james/.platformio/packages/toolchain-gccarmnoneeabi-teensy/bin/../lib/gcc/arm-none-eabi/11.3.1/thumb/v7e-m+dp/hard\libc.a(libc_a-realloc.o)
 .ARM.attributes
                0x000006ae       0x32 c:/users/james/.platformio/packages/toolchain-gccarmnoneeabi-teensy/bin/../lib/gcc/arm-none-eabi/11.3.1/thumb/v7e-m+dp/hard\libc.a(libc_a-reallocr.o)
 .ARM.attributes
                0x000006e0       0x32 c:/users/james/.platformio/packages/toolchain-gccarmnoneeabi-teensy/bin/../lib/gcc/arm-none-eabi/11.3.1/thumb/v7e-m+dp/hard\libc.a(libc_a-utoa.o)
 .ARM.attributes
                0x00000712       0x32 c:/users/james/.platformio/packages/toolchain-gccarmnoneeabi-teensy/bin/../lib/gcc/arm-none-eabi/11.3.1/thumb/v7e-m+dp/hard\libc.a(libc_a-cxa_atexit.o)
 .ARM.attributes
                0x00000744       0x32 c:/users/james/.platformio/packages/toolchain-gccarmnoneeabi-teensy/bin/../lib/gcc/arm-none-eabi/11.3.1/thumb/v7e-m+dp/hard\libc.a(libc_a-ctype_.o)
 .ARM.attributes
                0x00000776       0x32 c:/users/james/.platformio/packages/toolchain-gccarmnoneeabi-teensy/bin/../lib/gcc/arm-none-eabi/11.3.1/thumb/v7e-m+dp/hard\libc.a(libc_a-findfp.o)
 .ARM.attributes
                0x000007a8       0x32 c:/users/james/.platformio/packages/toolchain-gccarmnoneeabi-teensy/bin/../lib/gcc/arm-none-eabi/11.3.1/thumb/v7e-m+dp/hard\libc.a(libc_a-fwalk.o)
 .ARM.attributes
                0x000007da       0x32 c:/users/james/.platformio/packages/toolchain-gccarmnoneeabi-teensy/bin/../lib/gcc/arm-none-eabi/11.3.1/thumb/v7e-m+dp/hard\libc.a(libc_a-stdio.o)
 .ARM.attributes
                0x0000080c       0x32 c:/users/james/.platformio/packages/toolchain-gccarmnoneeabi-teensy/bin/../lib/gcc/arm-none-eabi/11.3.1/thumb/v7e-m+dp/hard\libc.a(libc_a-vdprintf.o)
 .ARM.attributes
                0x0000083e       0x32 c:/users/james/.platformio/packages/toolchain-gccarmnoneeabi-teensy/bin/../lib/gcc/arm-none-eabi/11.3.1/thumb/v7e-m+dp/hard\libc.a(libc_a-vsnprintf.o)
 .ARM.attributes
                0x00000870       0x32 c:/users/james/.platformio/packages/toolchain-gccarmnoneeabi-teensy/bin/../lib/gcc/arm-none-eabi/11.3.1/thumb/v7e-m+dp/hard\libc.a(libc_a-vasnprintf.o)
 .ARM.attributes
                0x000008a2       0x32 c:/users/james/.platformio/packages/toolchain-gccarmnoneeabi-teensy/bin/../lib/gcc/arm-none-eabi/11.3.1/thumb/v7e-m+dp/hard\libc.a(libc_a-memmove.o)
 .ARM.attributes
                0x000008d4       0x32 c:/users/james/.platformio/packages/toolchain-gccarmnoneeabi-teensy/bin/../lib/gcc/arm-none-eabi/11.3.1/thumb/v7e-m+dp/hard\libc.a(libc_a-memset.o)
 .ARM.attributes
                0x00000906       0x32 c:/users/james/.platformio/packages/toolchain-gccarmnoneeabi-teensy/bin/../lib/gcc/arm-none-eabi/11.3.1/thumb/v7e-m+dp/hard\libc.a(libc_a-strncpy.o)
 .ARM.attributes
                0x00000938       0x32 c:/users/james/.platformio/packages/toolchain-gccarmnoneeabi-teensy/bin/../lib/gcc/arm-none-eabi/11.3.1/thumb/v7e-m+dp/hard\libc.a(libc_a-locale.o)
 .ARM.attributes
                0x0000096a       0x32 c:/users/james/.platformio/packages/toolchain-gccarmnoneeabi-teensy/bin/../lib/gcc/arm-none-eabi/11.3.1/thumb/v7e-m+dp/hard\libc.a(libc_a-closer.o)
 .ARM.attributes
                0x0000099c       0x32 c:/users/james/.platformio/packages/toolchain-gccarmnoneeabi-teensy/bin/../lib/gcc/arm-none-eabi/11.3.1/thumb/v7e-m+dp/hard\libc.a(libc_a-reent.o)
 .ARM.attributes
                0x000009ce       0x32 c:/users/james/.platformio/packages/toolchain-gccarmnoneeabi-teensy/bin/../lib/gcc/arm-none-eabi/11.3.1/thumb/v7e-m+dp/hard\libc.a(libc_a-impure.o)
 .ARM.attributes
                0x00000a00       0x32 c:/users/james/.platformio/packages/toolchain-gccarmnoneeabi-teensy/bin/../lib/gcc/arm-none-eabi/11.3.1/thumb/v7e-m+dp/hard\libc.a(libc_a-lseekr.o)
 .ARM.attributes
                0x00000a32       0x32 c:/users/james/.platformio/packages/toolchain-gccarmnoneeabi-teensy/bin/../lib/gcc/arm-none-eabi/11.3.1/thumb/v7e-m+dp/hard\libc.a(libc_a-readr.o)
 .ARM.attributes
                0x00000a64       0x32 c:/users/james/.platformio/packages/toolchain-gccarmnoneeabi-teensy/bin/../lib/gcc/arm-none-eabi/11.3.1/thumb/v7e-m+dp/hard\libc.a(libc_a-sbrkr.o)
 .ARM.attributes
                0x00000a96       0x32 c:/users/james/.platformio/packages/toolchain-gccarmnoneeabi-teensy/bin/../lib/gcc/arm-none-eabi/11.3.1/thumb/v7e-m+dp/hard\libc.a(libc_a-writer.o)
 .ARM.attributes
                0x00000ac8       0x32 c:/users/james/.platformio/packages/toolchain-gccarmnoneeabi-teensy/bin/../lib/gcc/arm-none-eabi/11.3.1/thumb/v7e-m+dp/hard\libc.a(libc_a-errno.o)
 .ARM.attributes
                0x00000afa       0x32 c:/users/james/.platformio/packages/toolchain-gccarmnoneeabi-teensy/bin/../lib/gcc/arm-none-eabi/11.3.1/thumb/v7e-m+dp/hard\libc.a(libc_a-init.o)
 .ARM.attributes
                0x00000b2c       0x32 c:/users/james/.platformio/packages/toolchain-gccarmnoneeabi-teensy/bin/../lib/gcc/arm-none-eabi/11.3.1/thumb/v7e-m+dp/hard\libc.a(libc_a-lock.o)
 .ARM.attributes
                0x00000b5e       0x32 c:/users/james/.platformio/packages/toolchain-gccarmnoneeabi-teensy/bin/../lib/gcc/arm-none-eabi/11.3.1/thumb/v7e-m+dp/hard\libc.a(libc_a-strcpy.o)
 .ARM.attributes
                0x00000b90       0x1c c:/users/james/.platformio/packages/toolchain-gccarmnoneeabi-teensy/bin/../lib/gcc/arm-none-eabi/11.3.1/thumb/v7e-m+dp/hard\libc.a(libc_a-strlen.o)
 .ARM.attributes
                0x00000bac       0x32 c:/users/james/.platformio/packages/toolchain-gccarmnoneeabi-teensy/bin/../lib/gcc/arm-none-eabi/11.3.1/thumb/v7e-m+dp/hard\libc.a(libc_a-__atexit.o)
 .ARM.attributes
                0x00000bde       0x32 c:/users/james/.platformio/packages/toolchain-gccarmnoneeabi-teensy/bin/../lib/gcc/arm-none-eabi/11.3.1/thumb/v7e-m+dp/hard\libc.a(libc_a-__call_atexit.o)
 .ARM.attributes
                0x00000c10       0x32 c:/users/james/.platformio/packages/toolchain-gccarmnoneeabi-teensy/bin/../lib/gcc/arm-none-eabi/11.3.1/thumb/v7e-m+dp/hard\libc.a(libc_a-freer.o)
 .ARM.attributes
                0x00000c42       0x32 c:/users/james/.platformio/packages/toolchain-gccarmnoneeabi-teensy/bin/../lib/gcc/arm-none-eabi/11.3.1/thumb/v7e-m+dp/hard\libc.a(libc_a-mbtowc_r.o)
 .ARM.attributes
                0x00000c74       0x32 c:/users/james/.platformio/packages/toolchain-gccarmnoneeabi-teensy/bin/../lib/gcc/arm-none-eabi/11.3.1/thumb/v7e-m+dp/hard\libc.a(libc_a-mprec.o)
 .ARM.attributes
                0x00000ca6       0x32 c:/users/james/.platformio/packages/toolchain-gccarmnoneeabi-teensy/bin/../lib/gcc/arm-none-eabi/11.3.1/thumb/v7e-m+dp/hard\libc.a(libc_a-wctomb_r.o)
 .ARM.attributes
                0x00000cd8       0x32 c:/users/james/.platformio/packages/toolchain-gccarmnoneeabi-teensy/bin/../lib/gcc/arm-none-eabi/11.3.1/thumb/v7e-m+dp/hard\libc.a(libc_a-svfprintf.o)
 .ARM.attributes
                0x00000d0a       0x32 c:/users/james/.platformio/packages/toolchain-gccarmnoneeabi-teensy/bin/../lib/gcc/arm-none-eabi/11.3.1/thumb/v7e-m+dp/hard\libc.a(libc_a-fclose.o)
 .ARM.attributes
                0x00000d3c       0x32 c:/users/james/.platformio/packages/toolchain-gccarmnoneeabi-teensy/bin/../lib/gcc/arm-none-eabi/11.3.1/thumb/v7e-m+dp/hard\libc.a(libc_a-fflush.o)
 .ARM.attributes
                0x00000d6e       0x32 c:/users/james/.platformio/packages/toolchain-gccarmnoneeabi-teensy/bin/../lib/gcc/arm-none-eabi/11.3.1/thumb/v7e-m+dp/hard\libc.a(libc_a-localeconv.o)
 .ARM.attributes
                0x00000da0       0x1c c:/users/james/.platformio/packages/toolchain-gccarmnoneeabi-teensy/bin/../lib/gcc/arm-none-eabi/11.3.1/thumb/v7e-m+dp/hard\libc.a(libc_a-memchr.o)
 .ARM.attributes
                0x00000dbc       0x32 c:/users/james/.platformio/packages/toolchain-gccarmnoneeabi-teensy/bin/../lib/gcc/arm-none-eabi/11.3.1/thumb/v7e-m+dp/hard\libc.a(libm_a-s_frexp.o)
 .ARM.attributes
                0x00000dee       0x32 c:/users/james/.platformio/packages/toolchain-gccarmnoneeabi-teensy/bin/../lib/gcc/arm-none-eabi/11.3.1/thumb/v7e-m+dp/hard\libc.a(libc_a-assert.o)
 .ARM.attributes
                0x00000e20       0x32 c:/users/james/.platformio/packages/toolchain-gccarmnoneeabi-teensy/bin/../lib/gcc/arm-none-eabi/11.3.1/thumb/v7e-m+dp/hard\libc.a(libc_a-callocr.o)
 .ARM.attributes